[0.010s] Invoking command in '/home/admi3ev/Beluga-Firmware-Mod/build/example_beluga_client': AMENT_PREFIX_PATH=/home/admi3ev/Beluga-Firmware-Mod/install/beluga_messages:${AMENT_PREFIX_PATH} CMAKE_PREFIX_PATH=/home/admi3ev/Beluga-Firmware-Mod/install/beluga_messages:/home/admi3ev/Beluga-Firmware-Mod/ROS/install/example_beluga_client:/home/admi3ev/Beluga-Firmware-Mod/ROS/install/beluga:/home/admi3ev/Beluga-Firmware-Mod/ROS/install/beluga_messages:/home/admi3ev/Beluga-2.0/ROS/install/example_beluga_client:/home/admi3ev/Beluga-2.0/ROS/install/beluga:/home/admi3ev/Beluga-2.0/ROS/install/beluga_messages:/opt/ros/humble LD_LIBRARY_PATH=/home/admi3ev/Beluga-Firmware-Mod/install/beluga_messages/lib:${LD_LIBRARY_PATH} PYTHONPATH=/home/admi3ev/Beluga-Firmware-Mod/install/beluga_messages/local/lib/python3.10/dist-packages:${PYTHONPATH} /usr/bin/cmake /home/admi3ev/Beluga-Firmware-Mod/ROS/src/example_beluga_client -DCMAKE_INSTALL_PREFIX=/home/admi3ev/Beluga-Firmware-Mod/install/example_beluga_client
[0.080s] -- The C compiler identification is GNU 11.4.0
[0.143s] -- The CXX compiler identification is GNU 11.4.0
[0.151s] -- Detecting C compiler ABI info
[0.224s] -- Detecting C compiler ABI info - done
[0.235s] -- Check for working C compiler: /usr/bin/cc - skipped
[0.235s] -- Detecting C compile features
[0.235s] -- Detecting C compile features - done
[0.236s] -- Detecting CXX compiler ABI info
[0.315s] -- Detecting CXX compiler ABI info - done
[0.324s] -- Check for working CXX compiler: /usr/bin/c++ - skipped
[0.324s] -- Detecting CXX compile features
[0.325s] -- Detecting CXX compile features - done
[0.327s] -- Found ament_cmake: 1.3.13 (/opt/ros/humble/share/ament_cmake/cmake)
[0.476s] -- Found Python3: /usr/bin/python3 (found version "3.10.12") found components: Interpreter 
[0.635s] -- Found rclcpp: 16.0.18 (/opt/ros/humble/share/rclcpp/cmake)
[0.686s] -- Found rosidl_generator_c: 3.1.8 (/opt/ros/humble/share/rosidl_generator_c/cmake)
[0.690s] -- Found rosidl_adapter: 3.1.8 (/opt/ros/humble/share/rosidl_adapter/cmake)
[0.698s] -- Found rosidl_generator_cpp: 3.1.8 (/opt/ros/humble/share/rosidl_generator_cpp/cmake)
[0.710s] -- Using all available rosidl_typesupport_c: rosidl_typesupport_fastrtps_c;rosidl_typesupport_introspection_c
[0.726s] -- Using all available rosidl_typesupport_cpp: rosidl_typesupport_fastrtps_cpp;rosidl_typesupport_introspection_cpp
[0.772s] -- Found rmw_implementation_cmake: 6.1.2 (/opt/ros/humble/share/rmw_implementation_cmake/cmake)
[0.775s] -- Found rmw_fastrtps_cpp: 6.2.10 (/opt/ros/humble/share/rmw_fastrtps_cpp/cmake)
[0.859s] -- Found OpenSSL: /usr/lib/x86_64-linux-gnu/libcrypto.so (found version "3.0.2")  
[0.885s] -- Found FastRTPS: /opt/ros/humble/include  
[0.930s] -- Using RMW implementation 'rmw_fastrtps_cpp' as default
[0.941s] -- Looking for pthread.h
[1.014s] -- Looking for pthread.h - found
[1.015s] -- Performing Test CMAKE_HAVE_LIBC_PTHREAD
[1.093s] -- Performing Test CMAKE_HAVE_LIBC_PTHREAD - Success
[1.094s] -- Found Threads: TRUE  
[1.147s] -- Found beluga_messages: 0.0.0 (/home/admi3ev/Beluga-Firmware-Mod/install/beluga_messages/share/beluga_messages/cmake)
[1.233s] -- Configuring done
[1.241s] -- Generating done
[1.245s] -- Build files have been written to: /home/admi3ev/Beluga-Firmware-Mod/build/example_beluga_client
[1.255s] Invoked command in '/home/admi3ev/Beluga-Firmware-Mod/build/example_beluga_client' returned '0': AMENT_PREFIX_PATH=/home/admi3ev/Beluga-Firmware-Mod/install/beluga_messages:${AMENT_PREFIX_PATH} CMAKE_PREFIX_PATH=/home/admi3ev/Beluga-Firmware-Mod/install/beluga_messages:/home/admi3ev/Beluga-Firmware-Mod/ROS/install/example_beluga_client:/home/admi3ev/Beluga-Firmware-Mod/ROS/install/beluga:/home/admi3ev/Beluga-Firmware-Mod/ROS/install/beluga_messages:/home/admi3ev/Beluga-2.0/ROS/install/example_beluga_client:/home/admi3ev/Beluga-2.0/ROS/install/beluga:/home/admi3ev/Beluga-2.0/ROS/install/beluga_messages:/opt/ros/humble LD_LIBRARY_PATH=/home/admi3ev/Beluga-Firmware-Mod/install/beluga_messages/lib:${LD_LIBRARY_PATH} PYTHONPATH=/home/admi3ev/Beluga-Firmware-Mod/install/beluga_messages/local/lib/python3.10/dist-packages:${PYTHONPATH} /usr/bin/cmake /home/admi3ev/Beluga-Firmware-Mod/ROS/src/example_beluga_client -DCMAKE_INSTALL_PREFIX=/home/admi3ev/Beluga-Firmware-Mod/install/example_beluga_client
[1.256s] Invoking command in '/home/admi3ev/Beluga-Firmware-Mod/build/example_beluga_client': AMENT_PREFIX_PATH=/home/admi3ev/Beluga-Firmware-Mod/install/beluga_messages:${AMENT_PREFIX_PATH} CMAKE_PREFIX_PATH=/home/admi3ev/Beluga-Firmware-Mod/install/beluga_messages:/home/admi3ev/Beluga-Firmware-Mod/ROS/install/example_beluga_client:/home/admi3ev/Beluga-Firmware-Mod/ROS/install/beluga:/home/admi3ev/Beluga-Firmware-Mod/ROS/install/beluga_messages:/home/admi3ev/Beluga-2.0/ROS/install/example_beluga_client:/home/admi3ev/Beluga-2.0/ROS/install/beluga:/home/admi3ev/Beluga-2.0/ROS/install/beluga_messages:/opt/ros/humble LD_LIBRARY_PATH=/home/admi3ev/Beluga-Firmware-Mod/install/beluga_messages/lib:${LD_LIBRARY_PATH} PYTHONPATH=/home/admi3ev/Beluga-Firmware-Mod/install/beluga_messages/local/lib/python3.10/dist-packages:${PYTHONPATH} /usr/bin/cmake --build /home/admi3ev/Beluga-Firmware-Mod/build/example_beluga_client -- -j4 -l4
[1.309s] [ 50%] [32mBuilding CXX object CMakeFiles/client.dir/src/example_client.cpp.o[0m
[5.200s] [100%] [32m[1mLinking CXX executable client[0m
[5.368s] [100%] Built target client
[5.379s] Invoked command in '/home/admi3ev/Beluga-Firmware-Mod/build/example_beluga_client' returned '0': AMENT_PREFIX_PATH=/home/admi3ev/Beluga-Firmware-Mod/install/beluga_messages:${AMENT_PREFIX_PATH} CMAKE_PREFIX_PATH=/home/admi3ev/Beluga-Firmware-Mod/install/beluga_messages:/home/admi3ev/Beluga-Firmware-Mod/ROS/install/example_beluga_client:/home/admi3ev/Beluga-Firmware-Mod/ROS/install/beluga:/home/admi3ev/Beluga-Firmware-Mod/ROS/install/beluga_messages:/home/admi3ev/Beluga-2.0/ROS/install/example_beluga_client:/home/admi3ev/Beluga-2.0/ROS/install/beluga:/home/admi3ev/Beluga-2.0/ROS/install/beluga_messages:/opt/ros/humble LD_LIBRARY_PATH=/home/admi3ev/Beluga-Firmware-Mod/install/beluga_messages/lib:${LD_LIBRARY_PATH} PYTHONPATH=/home/admi3ev/Beluga-Firmware-Mod/install/beluga_messages/local/lib/python3.10/dist-packages:${PYTHONPATH} /usr/bin/cmake --build /home/admi3ev/Beluga-Firmware-Mod/build/example_beluga_client -- -j4 -l4
[5.381s] Invoking command in '/home/admi3ev/Beluga-Firmware-Mod/build/example_beluga_client': AMENT_PREFIX_PATH=/home/admi3ev/Beluga-Firmware-Mod/install/beluga_messages:${AMENT_PREFIX_PATH} CMAKE_PREFIX_PATH=/home/admi3ev/Beluga-Firmware-Mod/install/beluga_messages:/home/admi3ev/Beluga-Firmware-Mod/ROS/install/example_beluga_client:/home/admi3ev/Beluga-Firmware-Mod/ROS/install/beluga:/home/admi3ev/Beluga-Firmware-Mod/ROS/install/beluga_messages:/home/admi3ev/Beluga-2.0/ROS/install/example_beluga_client:/home/admi3ev/Beluga-2.0/ROS/install/beluga:/home/admi3ev/Beluga-2.0/ROS/install/beluga_messages:/opt/ros/humble LD_LIBRARY_PATH=/home/admi3ev/Beluga-Firmware-Mod/install/beluga_messages/lib:${LD_LIBRARY_PATH} PYTHONPATH=/home/admi3ev/Beluga-Firmware-Mod/install/beluga_messages/local/lib/python3.10/dist-packages:${PYTHONPATH} /usr/bin/cmake --install /home/admi3ev/Beluga-Firmware-Mod/build/example_beluga_client
[5.388s] -- Install configuration: ""
[5.388s] -- Installing: /home/admi3ev/Beluga-Firmware-Mod/install/example_beluga_client/lib/example_beluga_client/client
[5.389s] -- Set runtime path of "/home/admi3ev/Beluga-Firmware-Mod/install/example_beluga_client/lib/example_beluga_client/client" to ""
[5.389s] -- Installing: /home/admi3ev/Beluga-Firmware-Mod/install/example_beluga_client/share/ament_index/resource_index/package_run_dependencies/example_beluga_client
[5.390s] -- Installing: /home/admi3ev/Beluga-Firmware-Mod/install/example_beluga_client/share/ament_index/resource_index/parent_prefix_path/example_beluga_client
[5.390s] -- Installing: /home/admi3ev/Beluga-Firmware-Mod/install/example_beluga_client/share/example_beluga_client/environment/ament_prefix_path.sh
[5.390s] -- Installing: /home/admi3ev/Beluga-Firmware-Mod/install/example_beluga_client/share/example_beluga_client/environment/ament_prefix_path.dsv
[5.390s] -- Installing: /home/admi3ev/Beluga-Firmware-Mod/install/example_beluga_client/share/example_beluga_client/environment/path.sh
[5.390s] -- Installing: /home/admi3ev/Beluga-Firmware-Mod/install/example_beluga_client/share/example_beluga_client/environment/path.dsv
[5.390s] -- Installing: /home/admi3ev/Beluga-Firmware-Mod/install/example_beluga_client/share/example_beluga_client/local_setup.bash
[5.390s] -- Installing: /home/admi3ev/Beluga-Firmware-Mod/install/example_beluga_client/share/example_beluga_client/local_setup.sh
[5.391s] -- Installing: /home/admi3ev/Beluga-Firmware-Mod/install/example_beluga_client/share/example_beluga_client/local_setup.zsh
[5.391s] -- Installing: /home/admi3ev/Beluga-Firmware-Mod/install/example_beluga_client/share/example_beluga_client/local_setup.dsv
[5.391s] -- Installing: /home/admi3ev/Beluga-Firmware-Mod/install/example_beluga_client/share/example_beluga_client/package.dsv
[5.391s] -- Installing: /home/admi3ev/Beluga-Firmware-Mod/install/example_beluga_client/share/ament_index/resource_index/packages/example_beluga_client
[5.391s] -- Installing: /home/admi3ev/Beluga-Firmware-Mod/install/example_beluga_client/share/example_beluga_client/cmake/example_beluga_clientConfig.cmake
[5.391s] -- Installing: /home/admi3ev/Beluga-Firmware-Mod/install/example_beluga_client/share/example_beluga_client/cmake/example_beluga_clientConfig-version.cmake
[5.392s] -- Installing: /home/admi3ev/Beluga-Firmware-Mod/install/example_beluga_client/share/example_beluga_client/package.xml
[5.394s] Invoked command in '/home/admi3ev/Beluga-Firmware-Mod/build/example_beluga_client' returned '0': AMENT_PREFIX_PATH=/home/admi3ev/Beluga-Firmware-Mod/install/beluga_messages:${AMENT_PREFIX_PATH} CMAKE_PREFIX_PATH=/home/admi3ev/Beluga-Firmware-Mod/install/beluga_messages:/home/admi3ev/Beluga-Firmware-Mod/ROS/install/example_beluga_client:/home/admi3ev/Beluga-Firmware-Mod/ROS/install/beluga:/home/admi3ev/Beluga-Firmware-Mod/ROS/install/beluga_messages:/home/admi3ev/Beluga-2.0/ROS/install/example_beluga_client:/home/admi3ev/Beluga-2.0/ROS/install/beluga:/home/admi3ev/Beluga-2.0/ROS/install/beluga_messages:/opt/ros/humble LD_LIBRARY_PATH=/home/admi3ev/Beluga-Firmware-Mod/install/beluga_messages/lib:${LD_LIBRARY_PATH} PYTHONPATH=/home/admi3ev/Beluga-Firmware-Mod/install/beluga_messages/local/lib/python3.10/dist-packages:${PYTHONPATH} /usr/bin/cmake --install /home/admi3ev/Beluga-Firmware-Mod/build/example_beluga_client
