[0.145s] DEBUG:colcon:Command line arguments: ['/usr/bin/colcon', 'build']
[0.145s] DEBUG:colcon:Parsed command line arguments: Namespace(log_base=None, log_level=None, verb_name='build', build_base='build', install_base='install', merge_install=False, symlink_install=False, test_result_base=None, continue_on_error=False, executor='parallel', parallel_workers=4, event_handlers=None, ignore_user_meta=False, metas=['./colcon.meta'], base_paths=['.'], packages_ignore=None, packages_ignore_regex=None, paths=None, packages_up_to=None, packages_up_to_regex=None, packages_above=None, packages_above_and_dependencies=None, packages_above_depth=None, packages_select_by_dep=None, packages_skip_by_dep=None, packages_skip_up_to=None, packages_select_build_failed=False, packages_skip_build_finished=False, packages_select_test_failures=False, packages_skip_test_passed=False, packages_select=None, packages_skip=None, packages_select_regex=None, packages_skip_regex=None, packages_start=None, packages_end=None, allow_overriding=[], cmake_args=None, cmake_target=None, cmake_target_skip_unavailable=False, cmake_clean_cache=False, cmake_clean_first=False, cmake_force_configure=False, ament_cmake_args=None, catkin_cmake_args=None, catkin_skip_building_tests=False, mixin_files=None, mixin=None, verb_parser=<colcon_mixin.mixin.mixin_argument.MixinArgumentDecorator object at 0x75cf9bed51b0>, verb_extension=<colcon_core.verb.build.BuildVerb object at 0x75cf9bed44f0>, main=<bound method BuildVerb.main of <colcon_core.verb.build.BuildVerb object at 0x75cf9bed44f0>>, mixin_verb=('build',))
[0.372s] Level 1:colcon.colcon_core.package_discovery:discover_packages(colcon_meta) check parameters
[0.372s] Level 1:colcon.colcon_core.package_discovery:discover_packages(recursive) check parameters
[0.372s] Level 1:colcon.colcon_core.package_discovery:discover_packages(ignore) check parameters
[0.372s] Level 1:colcon.colcon_core.package_discovery:discover_packages(path) check parameters
[0.372s] Level 1:colcon.colcon_core.package_discovery:discover_packages(colcon_meta) discover
[0.372s] Level 1:colcon.colcon_core.package_discovery:discover_packages(recursive) discover
[0.372s] INFO:colcon.colcon_core.package_discovery:Crawling recursively for packages in '/home/admi3ev/Beluga-Firmware-Mod'
[0.372s] Level 1:colcon.colcon_core.package_identification:_identify(.) by extensions ['ignore', 'ignore_ament_install']
[0.373s] Level 1:colcon.colcon_core.package_identification:_identify(.) by extension 'ignore'
[0.373s] Level 1:colcon.colcon_core.package_identification:_identify(.) by extension 'ignore_ament_install'
[0.373s] Level 1:colcon.colcon_core.package_identification:_identify(.) by extensions ['colcon_pkg']
[0.373s] Level 1:colcon.colcon_core.package_identification:_identify(.) by extension 'colcon_pkg'
[0.373s] Level 1:colcon.colcon_core.package_identification:_identify(.) by extensions ['colcon_meta']
[0.373s] Level 1:colcon.colcon_core.package_identification:_identify(.) by extension 'colcon_meta'
[0.373s] Level 1:colcon.colcon_core.package_identification:_identify(.) by extensions ['ros']
[0.373s] Level 1:colcon.colcon_core.package_identification:_identify(.) by extension 'ros'
[0.385s] Level 1:colcon.colcon_core.package_identification:_identify(.) by extensions ['cmake', 'python']
[0.386s] Level 1:colcon.colcon_core.package_identification:_identify(.) by extension 'cmake'
[0.386s] Level 1:colcon.colcon_core.package_identification:_identify(.) by extension 'python'
[0.386s] Level 1:colcon.colcon_core.package_identification:_identify(.) by extensions ['python_setup_py']
[0.386s] Level 1:colcon.colcon_core.package_identification:_identify(.) by extension 'python_setup_py'
[0.386s] Level 1:colcon.colcon_core.package_identification:_identify(Beluga) by extensions ['ignore', 'ignore_ament_install']
[0.386s] Level 1:colcon.colcon_core.package_identification:_identify(Beluga) by extension 'ignore'
[0.386s] Level 1:colcon.colcon_core.package_identification:_identify(Beluga) ignored
[0.386s] Level 1:colcon.colcon_core.package_identification:_identify(Documentation) by extensions ['ignore', 'ignore_ament_install']
[0.386s] Level 1:colcon.colcon_core.package_identification:_identify(Documentation) by extension 'ignore'
[0.386s] Level 1:colcon.colcon_core.package_identification:_identify(Documentation) by extension 'ignore_ament_install'
[0.386s] Level 1:colcon.colcon_core.package_identification:_identify(Documentation) by extensions ['colcon_pkg']
[0.387s] Level 1:colcon.colcon_core.package_identification:_identify(Documentation) by extension 'colcon_pkg'
[0.387s] Level 1:colcon.colcon_core.package_identification:_identify(Documentation) by extensions ['colcon_meta']
[0.387s] Level 1:colcon.colcon_core.package_identification:_identify(Documentation) by extension 'colcon_meta'
[0.387s] Level 1:colcon.colcon_core.package_identification:_identify(Documentation) by extensions ['ros']
[0.387s] Level 1:colcon.colcon_core.package_identification:_identify(Documentation) by extension 'ros'
[0.387s] Level 1:colcon.colcon_core.package_identification:_identify(Documentation) by extensions ['cmake', 'python']
[0.387s] Level 1:colcon.colcon_core.package_identification:_identify(Documentation) by extension 'cmake'
[0.387s] Level 1:colcon.colcon_core.package_identification:_identify(Documentation) by extension 'python'
[0.387s] Level 1:colcon.colcon_core.package_identification:_identify(Documentation) by extensions ['python_setup_py']
[0.387s] Level 1:colcon.colcon_core.package_identification:_identify(Documentation) by extension 'python_setup_py'
[0.387s] Level 1:colcon.colcon_core.package_identification:_identify(Documentation/Beluga) by extensions ['ignore', 'ignore_ament_install']
[0.387s] Level 1:colcon.colcon_core.package_identification:_identify(Documentation/Beluga) by extension 'ignore'
[0.387s] Level 1:colcon.colcon_core.package_identification:_identify(Documentation/Beluga) by extension 'ignore_ament_install'
[0.387s] Level 1:colcon.colcon_core.package_identification:_identify(Documentation/Beluga) by extensions ['colcon_pkg']
[0.387s] Level 1:colcon.colcon_core.package_identification:_identify(Documentation/Beluga) by extension 'colcon_pkg'
[0.387s] Level 1:colcon.colcon_core.package_identification:_identify(Documentation/Beluga) by extensions ['colcon_meta']
[0.387s] Level 1:colcon.colcon_core.package_identification:_identify(Documentation/Beluga) by extension 'colcon_meta'
[0.387s] Level 1:colcon.colcon_core.package_identification:_identify(Documentation/Beluga) by extensions ['ros']
[0.387s] Level 1:colcon.colcon_core.package_identification:_identify(Documentation/Beluga) by extension 'ros'
[0.388s] Level 1:colcon.colcon_core.package_identification:_identify(Documentation/Beluga) by extensions ['cmake', 'python']
[0.388s] Level 1:colcon.colcon_core.package_identification:_identify(Documentation/Beluga) by extension 'cmake'
[0.388s] Level 1:colcon.colcon_core.package_identification:_identify(Documentation/Beluga) by extension 'python'
[0.388s] Level 1:colcon.colcon_core.package_identification:_identify(Documentation/Beluga) by extensions ['python_setup_py']
[0.388s] Level 1:colcon.colcon_core.package_identification:_identify(Documentation/Beluga) by extension 'python_setup_py'
[0.388s] Level 1:colcon.colcon_core.package_identification:_identify(Documentation/DW1000_docs) by extensions ['ignore', 'ignore_ament_install']
[0.388s] Level 1:colcon.colcon_core.package_identification:_identify(Documentation/DW1000_docs) by extension 'ignore'
[0.388s] Level 1:colcon.colcon_core.package_identification:_identify(Documentation/DW1000_docs) by extension 'ignore_ament_install'
[0.388s] Level 1:colcon.colcon_core.package_identification:_identify(Documentation/DW1000_docs) by extensions ['colcon_pkg']
[0.388s] Level 1:colcon.colcon_core.package_identification:_identify(Documentation/DW1000_docs) by extension 'colcon_pkg'
[0.388s] Level 1:colcon.colcon_core.package_identification:_identify(Documentation/DW1000_docs) by extensions ['colcon_meta']
[0.388s] Level 1:colcon.colcon_core.package_identification:_identify(Documentation/DW1000_docs) by extension 'colcon_meta'
[0.388s] Level 1:colcon.colcon_core.package_identification:_identify(Documentation/DW1000_docs) by extensions ['ros']
[0.388s] Level 1:colcon.colcon_core.package_identification:_identify(Documentation/DW1000_docs) by extension 'ros'
[0.388s] Level 1:colcon.colcon_core.package_identification:_identify(Documentation/DW1000_docs) by extensions ['cmake', 'python']
[0.388s] Level 1:colcon.colcon_core.package_identification:_identify(Documentation/DW1000_docs) by extension 'cmake'
[0.388s] Level 1:colcon.colcon_core.package_identification:_identify(Documentation/DW1000_docs) by extension 'python'
[0.389s] Level 1:colcon.colcon_core.package_identification:_identify(Documentation/DW1000_docs) by extensions ['python_setup_py']
[0.389s] Level 1:colcon.colcon_core.package_identification:_identify(Documentation/DW1000_docs) by extension 'python_setup_py'
[0.389s] Level 1:colcon.colcon_core.package_identification:_identify(Hardware) by extensions ['ignore', 'ignore_ament_install']
[0.389s] Level 1:colcon.colcon_core.package_identification:_identify(Hardware) by extension 'ignore'
[0.389s] Level 1:colcon.colcon_core.package_identification:_identify(Hardware) by extension 'ignore_ament_install'
[0.389s] Level 1:colcon.colcon_core.package_identification:_identify(Hardware) by extensions ['colcon_pkg']
[0.389s] Level 1:colcon.colcon_core.package_identification:_identify(Hardware) by extension 'colcon_pkg'
[0.389s] Level 1:colcon.colcon_core.package_identification:_identify(Hardware) by extensions ['colcon_meta']
[0.389s] Level 1:colcon.colcon_core.package_identification:_identify(Hardware) by extension 'colcon_meta'
[0.389s] Level 1:colcon.colcon_core.package_identification:_identify(Hardware) by extensions ['ros']
[0.389s] Level 1:colcon.colcon_core.package_identification:_identify(Hardware) by extension 'ros'
[0.389s] Level 1:colcon.colcon_core.package_identification:_identify(Hardware) by extensions ['cmake', 'python']
[0.389s] Level 1:colcon.colcon_core.package_identification:_identify(Hardware) by extension 'cmake'
[0.389s] Level 1:colcon.colcon_core.package_identification:_identify(Hardware) by extension 'python'
[0.389s] Level 1:colcon.colcon_core.package_identification:_identify(Hardware) by extensions ['python_setup_py']
[0.389s] Level 1:colcon.colcon_core.package_identification:_identify(Hardware) by extension 'python_setup_py'
[0.389s] Level 1:colcon.colcon_core.package_identification:_identify(ROS) by extensions ['ignore', 'ignore_ament_install']
[0.389s] Level 1:colcon.colcon_core.package_identification:_identify(ROS) by extension 'ignore'
[0.390s] Level 1:colcon.colcon_core.package_identification:_identify(ROS) by extension 'ignore_ament_install'
[0.390s] Level 1:colcon.colcon_core.package_identification:_identify(ROS) by extensions ['colcon_pkg']
[0.390s] Level 1:colcon.colcon_core.package_identification:_identify(ROS) by extension 'colcon_pkg'
[0.390s] Level 1:colcon.colcon_core.package_identification:_identify(ROS) by extensions ['colcon_meta']
[0.390s] Level 1:colcon.colcon_core.package_identification:_identify(ROS) by extension 'colcon_meta'
[0.390s] Level 1:colcon.colcon_core.package_identification:_identify(ROS) by extensions ['ros']
[0.390s] Level 1:colcon.colcon_core.package_identification:_identify(ROS) by extension 'ros'
[0.390s] Level 1:colcon.colcon_core.package_identification:_identify(ROS) by extensions ['cmake', 'python']
[0.390s] Level 1:colcon.colcon_core.package_identification:_identify(ROS) by extension 'cmake'
[0.390s] Level 1:colcon.colcon_core.package_identification:_identify(ROS) by extension 'python'
[0.390s] Level 1:colcon.colcon_core.package_identification:_identify(ROS) by extensions ['python_setup_py']
[0.390s] Level 1:colcon.colcon_core.package_identification:_identify(ROS) by extension 'python_setup_py'
[0.390s] Level 1:colcon.colcon_core.package_identification:_identify(ROS/src) by extensions ['ignore', 'ignore_ament_install']
[0.390s] Level 1:colcon.colcon_core.package_identification:_identify(ROS/src) by extension 'ignore'
[0.390s] Level 1:colcon.colcon_core.package_identification:_identify(ROS/src) by extension 'ignore_ament_install'
[0.390s] Level 1:colcon.colcon_core.package_identification:_identify(ROS/src) by extensions ['colcon_pkg']
[0.390s] Level 1:colcon.colcon_core.package_identification:_identify(ROS/src) by extension 'colcon_pkg'
[0.390s] Level 1:colcon.colcon_core.package_identification:_identify(ROS/src) by extensions ['colcon_meta']
[0.390s] Level 1:colcon.colcon_core.package_identification:_identify(ROS/src) by extension 'colcon_meta'
[0.391s] Level 1:colcon.colcon_core.package_identification:_identify(ROS/src) by extensions ['ros']
[0.391s] Level 1:colcon.colcon_core.package_identification:_identify(ROS/src) by extension 'ros'
[0.391s] Level 1:colcon.colcon_core.package_identification:_identify(ROS/src) by extensions ['cmake', 'python']
[0.391s] Level 1:colcon.colcon_core.package_identification:_identify(ROS/src) by extension 'cmake'
[0.391s] Level 1:colcon.colcon_core.package_identification:_identify(ROS/src) by extension 'python'
[0.391s] Level 1:colcon.colcon_core.package_identification:_identify(ROS/src) by extensions ['python_setup_py']
[0.391s] Level 1:colcon.colcon_core.package_identification:_identify(ROS/src) by extension 'python_setup_py'
[0.391s] Level 1:colcon.colcon_core.package_identification:_identify(ROS/src/beluga) by extensions ['ignore', 'ignore_ament_install']
[0.391s] Level 1:colcon.colcon_core.package_identification:_identify(ROS/src/beluga) by extension 'ignore'
[0.391s] Level 1:colcon.colcon_core.package_identification:_identify(ROS/src/beluga) by extension 'ignore_ament_install'
[0.391s] Level 1:colcon.colcon_core.package_identification:_identify(ROS/src/beluga) by extensions ['colcon_pkg']
[0.391s] Level 1:colcon.colcon_core.package_identification:_identify(ROS/src/beluga) by extension 'colcon_pkg'
[0.391s] Level 1:colcon.colcon_core.package_identification:_identify(ROS/src/beluga) by extensions ['colcon_meta']
[0.391s] Level 1:colcon.colcon_core.package_identification:_identify(ROS/src/beluga) by extension 'colcon_meta'
[0.391s] Level 1:colcon.colcon_core.package_identification:_identify(ROS/src/beluga) by extensions ['ros']
[0.391s] Level 1:colcon.colcon_core.package_identification:_identify(ROS/src/beluga) by extension 'ros'
[0.395s] DEBUG:colcon.colcon_core.package_identification:Package 'ROS/src/beluga' with type 'ros.ament_cmake' and name 'beluga'
[0.396s] Level 1:colcon.colcon_core.package_identification:_identify(ROS/src/beluga_messages) by extensions ['ignore', 'ignore_ament_install']
[0.396s] Level 1:colcon.colcon_core.package_identification:_identify(ROS/src/beluga_messages) by extension 'ignore'
[0.396s] Level 1:colcon.colcon_core.package_identification:_identify(ROS/src/beluga_messages) by extension 'ignore_ament_install'
[0.396s] Level 1:colcon.colcon_core.package_identification:_identify(ROS/src/beluga_messages) by extensions ['colcon_pkg']
[0.396s] Level 1:colcon.colcon_core.package_identification:_identify(ROS/src/beluga_messages) by extension 'colcon_pkg'
[0.396s] Level 1:colcon.colcon_core.package_identification:_identify(ROS/src/beluga_messages) by extensions ['colcon_meta']
[0.396s] Level 1:colcon.colcon_core.package_identification:_identify(ROS/src/beluga_messages) by extension 'colcon_meta'
[0.396s] Level 1:colcon.colcon_core.package_identification:_identify(ROS/src/beluga_messages) by extensions ['ros']
[0.396s] Level 1:colcon.colcon_core.package_identification:_identify(ROS/src/beluga_messages) by extension 'ros'
[0.397s] DEBUG:colcon.colcon_core.package_identification:Package 'ROS/src/beluga_messages' with type 'ros.ament_cmake' and name 'beluga_messages'
[0.397s] Level 1:colcon.colcon_core.package_identification:_identify(ROS/src/example_beluga_client) by extensions ['ignore', 'ignore_ament_install']
[0.397s] Level 1:colcon.colcon_core.package_identification:_identify(ROS/src/example_beluga_client) by extension 'ignore'
[0.397s] Level 1:colcon.colcon_core.package_identification:_identify(ROS/src/example_beluga_client) by extension 'ignore_ament_install'
[0.397s] Level 1:colcon.colcon_core.package_identification:_identify(ROS/src/example_beluga_client) by extensions ['colcon_pkg']
[0.397s] Level 1:colcon.colcon_core.package_identification:_identify(ROS/src/example_beluga_client) by extension 'colcon_pkg'
[0.398s] Level 1:colcon.colcon_core.package_identification:_identify(ROS/src/example_beluga_client) by extensions ['colcon_meta']
[0.398s] Level 1:colcon.colcon_core.package_identification:_identify(ROS/src/example_beluga_client) by extension 'colcon_meta'
[0.398s] Level 1:colcon.colcon_core.package_identification:_identify(ROS/src/example_beluga_client) by extensions ['ros']
[0.398s] Level 1:colcon.colcon_core.package_identification:_identify(ROS/src/example_beluga_client) by extension 'ros'
[0.398s] DEBUG:colcon.colcon_core.package_identification:Package 'ROS/src/example_beluga_client' with type 'ros.ament_cmake' and name 'example_beluga_client'
[0.399s] Level 1:colcon.colcon_core.package_identification:_identify(build) by extensions ['ignore', 'ignore_ament_install']
[0.399s] Level 1:colcon.colcon_core.package_identification:_identify(build) by extension 'ignore'
[0.399s] Level 1:colcon.colcon_core.package_identification:_identify(build) ignored
[0.399s] Level 1:colcon.colcon_core.package_identification:_identify(flash-tool) by extensions ['ignore', 'ignore_ament_install']
[0.399s] Level 1:colcon.colcon_core.package_identification:_identify(flash-tool) by extension 'ignore'
[0.399s] Level 1:colcon.colcon_core.package_identification:_identify(flash-tool) by extension 'ignore_ament_install'
[0.399s] Level 1:colcon.colcon_core.package_identification:_identify(flash-tool) by extensions ['colcon_pkg']
[0.399s] Level 1:colcon.colcon_core.package_identification:_identify(flash-tool) by extension 'colcon_pkg'
[0.399s] Level 1:colcon.colcon_core.package_identification:_identify(flash-tool) by extensions ['colcon_meta']
[0.399s] Level 1:colcon.colcon_core.package_identification:_identify(flash-tool) by extension 'colcon_meta'
[0.399s] Level 1:colcon.colcon_core.package_identification:_identify(flash-tool) by extensions ['ros']
[0.399s] Level 1:colcon.colcon_core.package_identification:_identify(flash-tool) by extension 'ros'
[0.399s] Level 1:colcon.colcon_core.package_identification:_identify(flash-tool) by extensions ['cmake', 'python']
[0.399s] Level 1:colcon.colcon_core.package_identification:_identify(flash-tool) by extension 'cmake'
[0.399s] Level 1:colcon.colcon_core.package_identification:_identify(flash-tool) by extension 'python'
[0.400s] Level 1:colcon.colcon_core.package_identification:_identify(flash-tool) by extensions ['python_setup_py']
[0.400s] Level 1:colcon.colcon_core.package_identification:_identify(flash-tool) by extension 'python_setup_py'
[0.400s] Level 1:colcon.colcon_core.package_identification:_identify(flash-tool/src) by extensions ['ignore', 'ignore_ament_install']
[0.400s] Level 1:colcon.colcon_core.package_identification:_identify(flash-tool/src) by extension 'ignore'
[0.400s] Level 1:colcon.colcon_core.package_identification:_identify(flash-tool/src) by extension 'ignore_ament_install'
[0.400s] Level 1:colcon.colcon_core.package_identification:_identify(flash-tool/src) by extensions ['colcon_pkg']
[0.400s] Level 1:colcon.colcon_core.package_identification:_identify(flash-tool/src) by extension 'colcon_pkg'
[0.400s] Level 1:colcon.colcon_core.package_identification:_identify(flash-tool/src) by extensions ['colcon_meta']
[0.400s] Level 1:colcon.colcon_core.package_identification:_identify(flash-tool/src) by extension 'colcon_meta'
[0.400s] Level 1:colcon.colcon_core.package_identification:_identify(flash-tool/src) by extensions ['ros']
[0.400s] Level 1:colcon.colcon_core.package_identification:_identify(flash-tool/src) by extension 'ros'
[0.400s] Level 1:colcon.colcon_core.package_identification:_identify(flash-tool/src) by extensions ['cmake', 'python']
[0.400s] Level 1:colcon.colcon_core.package_identification:_identify(flash-tool/src) by extension 'cmake'
[0.400s] Level 1:colcon.colcon_core.package_identification:_identify(flash-tool/src) by extension 'python'
[0.400s] Level 1:colcon.colcon_core.package_identification:_identify(flash-tool/src) by extensions ['python_setup_py']
[0.400s] Level 1:colcon.colcon_core.package_identification:_identify(flash-tool/src) by extension 'python_setup_py'
[0.401s] Level 1:colcon.colcon_core.package_identification:_identify(flash-tool/src/imgflash) by extensions ['ignore', 'ignore_ament_install']
[0.401s] Level 1:colcon.colcon_core.package_identification:_identify(flash-tool/src/imgflash) by extension 'ignore'
[0.401s] Level 1:colcon.colcon_core.package_identification:_identify(flash-tool/src/imgflash) by extension 'ignore_ament_install'
[0.401s] Level 1:colcon.colcon_core.package_identification:_identify(flash-tool/src/imgflash) by extensions ['colcon_pkg']
[0.401s] Level 1:colcon.colcon_core.package_identification:_identify(flash-tool/src/imgflash) by extension 'colcon_pkg'
[0.401s] Level 1:colcon.colcon_core.package_identification:_identify(flash-tool/src/imgflash) by extensions ['colcon_meta']
[0.401s] Level 1:colcon.colcon_core.package_identification:_identify(flash-tool/src/imgflash) by extension 'colcon_meta'
[0.401s] Level 1:colcon.colcon_core.package_identification:_identify(flash-tool/src/imgflash) by extensions ['ros']
[0.401s] Level 1:colcon.colcon_core.package_identification:_identify(flash-tool/src/imgflash) by extension 'ros'
[0.401s] Level 1:colcon.colcon_core.package_identification:_identify(flash-tool/src/imgflash) by extensions ['cmake', 'python']
[0.401s] Level 1:colcon.colcon_core.package_identification:_identify(flash-tool/src/imgflash) by extension 'cmake'
[0.401s] Level 1:colcon.colcon_core.package_identification:_identify(flash-tool/src/imgflash) by extension 'python'
[0.401s] Level 1:colcon.colcon_core.package_identification:_identify(flash-tool/src/imgflash) by extensions ['python_setup_py']
[0.401s] Level 1:colcon.colcon_core.package_identification:_identify(flash-tool/src/imgflash) by extension 'python_setup_py'
[0.401s] Level 1:colcon.colcon_core.package_identification:_identify(flash-tool/src/imgflash/app) by extensions ['ignore', 'ignore_ament_install']
[0.402s] Level 1:colcon.colcon_core.package_identification:_identify(flash-tool/src/imgflash/app) by extension 'ignore'
[0.402s] Level 1:colcon.colcon_core.package_identification:_identify(flash-tool/src/imgflash/app) by extension 'ignore_ament_install'
[0.402s] Level 1:colcon.colcon_core.package_identification:_identify(flash-tool/src/imgflash/app) by extensions ['colcon_pkg']
[0.402s] Level 1:colcon.colcon_core.package_identification:_identify(flash-tool/src/imgflash/app) by extension 'colcon_pkg'
[0.402s] Level 1:colcon.colcon_core.package_identification:_identify(flash-tool/src/imgflash/app) by extensions ['colcon_meta']
[0.402s] Level 1:colcon.colcon_core.package_identification:_identify(flash-tool/src/imgflash/app) by extension 'colcon_meta'
[0.402s] Level 1:colcon.colcon_core.package_identification:_identify(flash-tool/src/imgflash/app) by extensions ['ros']
[0.402s] Level 1:colcon.colcon_core.package_identification:_identify(flash-tool/src/imgflash/app) by extension 'ros'
[0.402s] Level 1:colcon.colcon_core.package_identification:_identify(flash-tool/src/imgflash/app) by extensions ['cmake', 'python']
[0.402s] Level 1:colcon.colcon_core.package_identification:_identify(flash-tool/src/imgflash/app) by extension 'cmake'
[0.402s] Level 1:colcon.colcon_core.package_identification:_identify(flash-tool/src/imgflash/app) by extension 'python'
[0.402s] Level 1:colcon.colcon_core.package_identification:_identify(flash-tool/src/imgflash/app) by extensions ['python_setup_py']
[0.402s] Level 1:colcon.colcon_core.package_identification:_identify(flash-tool/src/imgflash/app) by extension 'python_setup_py'
[0.402s] Level 1:colcon.colcon_core.package_identification:_identify(install) by extensions ['ignore', 'ignore_ament_install']
[0.402s] Level 1:colcon.colcon_core.package_identification:_identify(install) by extension 'ignore'
[0.402s] Level 1:colcon.colcon_core.package_identification:_identify(install) ignored
[0.402s] Level 1:colcon.colcon_core.package_identification:_identify(log) by extensions ['ignore', 'ignore_ament_install']
[0.403s] Level 1:colcon.colcon_core.package_identification:_identify(log) by extension 'ignore'
[0.403s] Level 1:colcon.colcon_core.package_identification:_identify(log) ignored
[0.403s] Level 1:colcon.colcon_core.package_identification:_identify(serial-comms) by extensions ['ignore', 'ignore_ament_install']
[0.403s] Level 1:colcon.colcon_core.package_identification:_identify(serial-comms) by extension 'ignore'
[0.403s] Level 1:colcon.colcon_core.package_identification:_identify(serial-comms) by extension 'ignore_ament_install'
[0.403s] Level 1:colcon.colcon_core.package_identification:_identify(serial-comms) by extensions ['colcon_pkg']
[0.403s] Level 1:colcon.colcon_core.package_identification:_identify(serial-comms) by extension 'colcon_pkg'
[0.403s] Level 1:colcon.colcon_core.package_identification:_identify(serial-comms) by extensions ['colcon_meta']
[0.403s] Level 1:colcon.colcon_core.package_identification:_identify(serial-comms) by extension 'colcon_meta'
[0.403s] Level 1:colcon.colcon_core.package_identification:_identify(serial-comms) by extensions ['ros']
[0.403s] Level 1:colcon.colcon_core.package_identification:_identify(serial-comms) by extension 'ros'
[0.403s] Level 1:colcon.colcon_core.package_identification:_identify(serial-comms) by extensions ['cmake', 'python']
[0.403s] Level 1:colcon.colcon_core.package_identification:_identify(serial-comms) by extension 'cmake'
[0.403s] Level 1:colcon.colcon_core.package_identification:_identify(serial-comms) by extension 'python'
[0.403s] Level 1:colcon.colcon_core.package_identification:_identify(serial-comms) by extensions ['python_setup_py']
[0.403s] Level 1:colcon.colcon_core.package_identification:_identify(serial-comms) by extension 'python_setup_py'
[0.404s] Level 1:colcon.colcon_core.package_identification:_identify(serial-comms/architectures) by extensions ['ignore', 'ignore_ament_install']
[0.404s] Level 1:colcon.colcon_core.package_identification:_identify(serial-comms/architectures) by extension 'ignore'
[0.404s] Level 1:colcon.colcon_core.package_identification:_identify(serial-comms/architectures) by extension 'ignore_ament_install'
[0.404s] Level 1:colcon.colcon_core.package_identification:_identify(serial-comms/architectures) by extensions ['colcon_pkg']
[0.404s] Level 1:colcon.colcon_core.package_identification:_identify(serial-comms/architectures) by extension 'colcon_pkg'
[0.404s] Level 1:colcon.colcon_core.package_identification:_identify(serial-comms/architectures) by extensions ['colcon_meta']
[0.404s] Level 1:colcon.colcon_core.package_identification:_identify(serial-comms/architectures) by extension 'colcon_meta'
[0.404s] Level 1:colcon.colcon_core.package_identification:_identify(serial-comms/architectures) by extensions ['ros']
[0.404s] Level 1:colcon.colcon_core.package_identification:_identify(serial-comms/architectures) by extension 'ros'
[0.404s] Level 1:colcon.colcon_core.package_identification:_identify(serial-comms/architectures) by extensions ['cmake', 'python']
[0.404s] Level 1:colcon.colcon_core.package_identification:_identify(serial-comms/architectures) by extension 'cmake'
[0.404s] Level 1:colcon.colcon_core.package_identification:_identify(serial-comms/architectures) by extension 'python'
[0.404s] Level 1:colcon.colcon_core.package_identification:_identify(serial-comms/architectures) by extensions ['python_setup_py']
[0.404s] Level 1:colcon.colcon_core.package_identification:_identify(serial-comms/architectures) by extension 'python_setup_py'
[0.404s] Level 1:colcon.colcon_core.package_identification:_identify(serial-comms/cpp) by extensions ['ignore', 'ignore_ament_install']
[0.404s] Level 1:colcon.colcon_core.package_identification:_identify(serial-comms/cpp) by extension 'ignore'
[0.404s] Level 1:colcon.colcon_core.package_identification:_identify(serial-comms/cpp) by extension 'ignore_ament_install'
[0.404s] Level 1:colcon.colcon_core.package_identification:_identify(serial-comms/cpp) by extensions ['colcon_pkg']
[0.404s] Level 1:colcon.colcon_core.package_identification:_identify(serial-comms/cpp) by extension 'colcon_pkg'
[0.405s] Level 1:colcon.colcon_core.package_identification:_identify(serial-comms/cpp) by extensions ['colcon_meta']
[0.405s] Level 1:colcon.colcon_core.package_identification:_identify(serial-comms/cpp) by extension 'colcon_meta'
[0.405s] Level 1:colcon.colcon_core.package_identification:_identify(serial-comms/cpp) by extensions ['ros']
[0.405s] Level 1:colcon.colcon_core.package_identification:_identify(serial-comms/cpp) by extension 'ros'
[0.405s] Level 1:colcon.colcon_core.package_identification:_identify(serial-comms/cpp) by extensions ['cmake', 'python']
[0.405s] Level 1:colcon.colcon_core.package_identification:_identify(serial-comms/cpp) by extension 'cmake'
[0.405s] Level 1:colcon.colcon_core.package_identification:_identify(serial-comms/cpp) by extension 'python'
[0.405s] Level 1:colcon.colcon_core.package_identification:_identify(serial-comms/cpp) by extensions ['python_setup_py']
[0.405s] Level 1:colcon.colcon_core.package_identification:_identify(serial-comms/cpp) by extension 'python_setup_py'
[0.405s] Level 1:colcon.colcon_core.package_identification:_identify(serial-comms/cpp/beluga-serial) by extensions ['ignore', 'ignore_ament_install']
[0.405s] Level 1:colcon.colcon_core.package_identification:_identify(serial-comms/cpp/beluga-serial) by extension 'ignore'
[0.405s] Level 1:colcon.colcon_core.package_identification:_identify(serial-comms/cpp/beluga-serial) ignored
[0.405s] Level 1:colcon.colcon_core.package_identification:_identify(serial-comms/python) by extensions ['ignore', 'ignore_ament_install']
[0.405s] Level 1:colcon.colcon_core.package_identification:_identify(serial-comms/python) by extension 'ignore'
[0.405s] Level 1:colcon.colcon_core.package_identification:_identify(serial-comms/python) by extension 'ignore_ament_install'
[0.406s] Level 1:colcon.colcon_core.package_identification:_identify(serial-comms/python) by extensions ['colcon_pkg']
[0.406s] Level 1:colcon.colcon_core.package_identification:_identify(serial-comms/python) by extension 'colcon_pkg'
[0.406s] Level 1:colcon.colcon_core.package_identification:_identify(serial-comms/python) by extensions ['colcon_meta']
[0.406s] Level 1:colcon.colcon_core.package_identification:_identify(serial-comms/python) by extension 'colcon_meta'
[0.406s] Level 1:colcon.colcon_core.package_identification:_identify(serial-comms/python) by extensions ['ros']
[0.406s] Level 1:colcon.colcon_core.package_identification:_identify(serial-comms/python) by extension 'ros'
[0.406s] Level 1:colcon.colcon_core.package_identification:_identify(serial-comms/python) by extensions ['cmake', 'python']
[0.406s] Level 1:colcon.colcon_core.package_identification:_identify(serial-comms/python) by extension 'cmake'
[0.406s] Level 1:colcon.colcon_core.package_identification:_identify(serial-comms/python) by extension 'python'
[0.406s] Level 1:colcon.colcon_core.package_identification:_identify(serial-comms/python) by extensions ['python_setup_py']
[0.406s] Level 1:colcon.colcon_core.package_identification:_identify(serial-comms/python) by extension 'python_setup_py'
[0.406s] Level 1:colcon.colcon_core.package_identification:_identify(serial-comms/python/beluga_serial) by extensions ['ignore', 'ignore_ament_install']
[0.406s] Level 1:colcon.colcon_core.package_identification:_identify(serial-comms/python/beluga_serial) by extension 'ignore'
[0.406s] Level 1:colcon.colcon_core.package_identification:_identify(serial-comms/python/beluga_serial) by extension 'ignore_ament_install'
[0.406s] Level 1:colcon.colcon_core.package_identification:_identify(serial-comms/python/beluga_serial) by extensions ['colcon_pkg']
[0.406s] Level 1:colcon.colcon_core.package_identification:_identify(serial-comms/python/beluga_serial) by extension 'colcon_pkg'
[0.406s] Level 1:colcon.colcon_core.package_identification:_identify(serial-comms/python/beluga_serial) by extensions ['colcon_meta']
[0.406s] Level 1:colcon.colcon_core.package_identification:_identify(serial-comms/python/beluga_serial) by extension 'colcon_meta'
[0.406s] Level 1:colcon.colcon_core.package_identification:_identify(serial-comms/python/beluga_serial) by extensions ['ros']
[0.406s] Level 1:colcon.colcon_core.package_identification:_identify(serial-comms/python/beluga_serial) by extension 'ros'
[0.407s] Level 1:colcon.colcon_core.package_identification:_identify(serial-comms/python/beluga_serial) by extensions ['cmake', 'python']
[0.407s] Level 1:colcon.colcon_core.package_identification:_identify(serial-comms/python/beluga_serial) by extension 'cmake'
[0.407s] Level 1:colcon.colcon_core.package_identification:_identify(serial-comms/python/beluga_serial) by extension 'python'
[0.407s] Level 1:colcon.colcon_core.package_identification:_identify(serial-comms/python/beluga_serial) by extensions ['python_setup_py']
[0.407s] Level 1:colcon.colcon_core.package_identification:_identify(serial-comms/python/beluga_serial) by extension 'python_setup_py'
[0.407s] Level 1:colcon.colcon_core.package_identification:_identify(serial-comms/python/beluga_serial/app) by extensions ['ignore', 'ignore_ament_install']
[0.407s] Level 1:colcon.colcon_core.package_identification:_identify(serial-comms/python/beluga_serial/app) by extension 'ignore'
[0.407s] Level 1:colcon.colcon_core.package_identification:_identify(serial-comms/python/beluga_serial/app) by extension 'ignore_ament_install'
[0.407s] Level 1:colcon.colcon_core.package_identification:_identify(serial-comms/python/beluga_serial/app) by extensions ['colcon_pkg']
[0.407s] Level 1:colcon.colcon_core.package_identification:_identify(serial-comms/python/beluga_serial/app) by extension 'colcon_pkg'
[0.407s] Level 1:colcon.colcon_core.package_identification:_identify(serial-comms/python/beluga_serial/app) by extensions ['colcon_meta']
[0.407s] Level 1:colcon.colcon_core.package_identification:_identify(serial-comms/python/beluga_serial/app) by extension 'colcon_meta'
[0.407s] Level 1:colcon.colcon_core.package_identification:_identify(serial-comms/python/beluga_serial/app) by extensions ['ros']
[0.407s] Level 1:colcon.colcon_core.package_identification:_identify(serial-comms/python/beluga_serial/app) by extension 'ros'
[0.407s] Level 1:colcon.colcon_core.package_identification:_identify(serial-comms/python/beluga_serial/app) by extensions ['cmake', 'python']
[0.407s] Level 1:colcon.colcon_core.package_identification:_identify(serial-comms/python/beluga_serial/app) by extension 'cmake'
[0.407s] Level 1:colcon.colcon_core.package_identification:_identify(serial-comms/python/beluga_serial/app) by extension 'python'
[0.407s] Level 1:colcon.colcon_core.package_identification:_identify(serial-comms/python/beluga_serial/app) by extensions ['python_setup_py']
[0.407s] Level 1:colcon.colcon_core.package_identification:_identify(serial-comms/python/beluga_serial/app) by extension 'python_setup_py'
[0.408s] Level 1:colcon.colcon_core.package_discovery:discover_packages(recursive) using defaults
[0.408s] Level 1:colcon.colcon_core.package_discovery:discover_packages(ignore) discover
[0.408s] Level 1:colcon.colcon_core.package_discovery:discover_packages(ignore) using defaults
[0.408s] Level 1:colcon.colcon_core.package_discovery:discover_packages(path) discover
[0.408s] Level 1:colcon.colcon_core.package_discovery:discover_packages(path) using defaults
[0.431s] Level 1:colcon.colcon_core.package_discovery:discover_packages(prefix_path) check parameters
[0.431s] Level 1:colcon.colcon_core.package_discovery:discover_packages(prefix_path) discover
[0.432s] WARNING:colcon.colcon_core.prefix_path.colcon:The path '/home/admi3ev/Beluga-Firmware-Mod/ROS/install' in the environment variable COLCON_PREFIX_PATH doesn't exist
[0.432s] WARNING:colcon.colcon_ros.prefix_path.ament:The path '/home/admi3ev/Beluga-Firmware-Mod/ROS/install/example_beluga_client' in the environment variable AMENT_PREFIX_PATH doesn't exist
[0.432s] WARNING:colcon.colcon_ros.prefix_path.ament:The path '/home/admi3ev/Beluga-Firmware-Mod/ROS/install/beluga' in the environment variable AMENT_PREFIX_PATH doesn't exist
[0.432s] WARNING:colcon.colcon_ros.prefix_path.ament:The path '/home/admi3ev/Beluga-Firmware-Mod/ROS/install/beluga_messages' in the environment variable AMENT_PREFIX_PATH doesn't exist
[0.432s] WARNING:colcon.colcon_ros.prefix_path.catkin:The path '/home/admi3ev/Beluga-Firmware-Mod/ROS/install/example_beluga_client' in the environment variable CMAKE_PREFIX_PATH doesn't exist
[0.432s] WARNING:colcon.colcon_ros.prefix_path.catkin:The path '/home/admi3ev/Beluga-Firmware-Mod/ROS/install/beluga' in the environment variable CMAKE_PREFIX_PATH doesn't exist
[0.432s] WARNING:colcon.colcon_ros.prefix_path.catkin:The path '/home/admi3ev/Beluga-Firmware-Mod/ROS/install/beluga_messages' in the environment variable CMAKE_PREFIX_PATH doesn't exist
[0.433s] DEBUG:colcon.colcon_installed_package_information.package_discovery:Found 3 installed packages in /home/admi3ev/Beluga-2.0/ROS/install
[0.435s] DEBUG:colcon.colcon_installed_package_information.package_discovery:Found 275 installed packages in /opt/ros/humble
[0.437s] Level 1:colcon.colcon_core.package_discovery:discover_packages(prefix_path) using defaults
[0.483s] Level 5:colcon.colcon_core.verb:set package 'beluga_messages' build argument 'cmake_args' from command line to 'None'
[0.483s] Level 5:colcon.colcon_core.verb:set package 'beluga_messages' build argument 'cmake_target' from command line to 'None'
[0.483s] Level 5:colcon.colcon_core.verb:set package 'beluga_messages' build argument 'cmake_target_skip_unavailable' from command line to 'False'
[0.483s] Level 5:colcon.colcon_core.verb:set package 'beluga_messages' build argument 'cmake_clean_cache' from command line to 'False'
[0.483s] Level 5:colcon.colcon_core.verb:set package 'beluga_messages' build argument 'cmake_clean_first' from command line to 'False'
[0.483s] Level 5:colcon.colcon_core.verb:set package 'beluga_messages' build argument 'cmake_force_configure' from command line to 'False'
[0.483s] Level 5:colcon.colcon_core.verb:set package 'beluga_messages' build argument 'ament_cmake_args' from command line to 'None'
[0.483s] Level 5:colcon.colcon_core.verb:set package 'beluga_messages' build argument 'catkin_cmake_args' from command line to 'None'
[0.483s] Level 5:colcon.colcon_core.verb:set package 'beluga_messages' build argument 'catkin_skip_building_tests' from command line to 'False'
[0.483s] DEBUG:colcon.colcon_core.verb:Building package 'beluga_messages' with the following arguments: {'ament_cmake_args': None, 'build_base': '/home/admi3ev/Beluga-Firmware-Mod/build/beluga_messages', 'catkin_cmake_args': None, 'catkin_skip_building_tests': False, 'cmake_args': None, 'cmake_clean_cache': False, 'cmake_clean_first': False, 'cmake_force_configure': False, 'cmake_target': None, 'cmake_target_skip_unavailable': False, 'install_base': '/home/admi3ev/Beluga-Firmware-Mod/install/beluga_messages', 'merge_install': False, 'path': '/home/admi3ev/Beluga-Firmware-Mod/ROS/src/beluga_messages', 'symlink_install': False, 'test_result_base': None}
[0.484s] Level 5:colcon.colcon_core.verb:set package 'beluga' build argument 'cmake_args' from command line to 'None'
[0.484s] Level 5:colcon.colcon_core.verb:set package 'beluga' build argument 'cmake_target' from command line to 'None'
[0.484s] Level 5:colcon.colcon_core.verb:set package 'beluga' build argument 'cmake_target_skip_unavailable' from command line to 'False'
[0.484s] Level 5:colcon.colcon_core.verb:set package 'beluga' build argument 'cmake_clean_cache' from command line to 'False'
[0.484s] Level 5:colcon.colcon_core.verb:set package 'beluga' build argument 'cmake_clean_first' from command line to 'False'
[0.484s] Level 5:colcon.colcon_core.verb:set package 'beluga' build argument 'cmake_force_configure' from command line to 'False'
[0.484s] Level 5:colcon.colcon_core.verb:set package 'beluga' build argument 'ament_cmake_args' from command line to 'None'
[0.484s] Level 5:colcon.colcon_core.verb:set package 'beluga' build argument 'catkin_cmake_args' from command line to 'None'
[0.484s] Level 5:colcon.colcon_core.verb:set package 'beluga' build argument 'catkin_skip_building_tests' from command line to 'False'
[0.484s] DEBUG:colcon.colcon_core.verb:Building package 'beluga' with the following arguments: {'ament_cmake_args': None, 'build_base': '/home/admi3ev/Beluga-Firmware-Mod/build/beluga', 'catkin_cmake_args': None, 'catkin_skip_building_tests': False, 'cmake_args': None, 'cmake_clean_cache': False, 'cmake_clean_first': False, 'cmake_force_configure': False, 'cmake_target': None, 'cmake_target_skip_unavailable': False, 'install_base': '/home/admi3ev/Beluga-Firmware-Mod/install/beluga', 'merge_install': False, 'path': '/home/admi3ev/Beluga-Firmware-Mod/ROS/src/beluga', 'symlink_install': False, 'test_result_base': None}
[0.485s] Level 5:colcon.colcon_core.verb:set package 'example_beluga_client' build argument 'cmake_args' from command line to 'None'
[0.485s] Level 5:colcon.colcon_core.verb:set package 'example_beluga_client' build argument 'cmake_target' from command line to 'None'
[0.485s] Level 5:colcon.colcon_core.verb:set package 'example_beluga_client' build argument 'cmake_target_skip_unavailable' from command line to 'False'
[0.485s] Level 5:colcon.colcon_core.verb:set package 'example_beluga_client' build argument 'cmake_clean_cache' from command line to 'False'
[0.485s] Level 5:colcon.colcon_core.verb:set package 'example_beluga_client' build argument 'cmake_clean_first' from command line to 'False'
[0.485s] Level 5:colcon.colcon_core.verb:set package 'example_beluga_client' build argument 'cmake_force_configure' from command line to 'False'
[0.485s] Level 5:colcon.colcon_core.verb:set package 'example_beluga_client' build argument 'ament_cmake_args' from command line to 'None'
[0.485s] Level 5:colcon.colcon_core.verb:set package 'example_beluga_client' build argument 'catkin_cmake_args' from command line to 'None'
[0.485s] Level 5:colcon.colcon_core.verb:set package 'example_beluga_client' build argument 'catkin_skip_building_tests' from command line to 'False'
[0.485s] DEBUG:colcon.colcon_core.verb:Building package 'example_beluga_client' with the following arguments: {'ament_cmake_args': None, 'build_base': '/home/admi3ev/Beluga-Firmware-Mod/build/example_beluga_client', 'catkin_cmake_args': None, 'catkin_skip_building_tests': False, 'cmake_args': None, 'cmake_clean_cache': False, 'cmake_clean_first': False, 'cmake_force_configure': False, 'cmake_target': None, 'cmake_target_skip_unavailable': False, 'install_base': '/home/admi3ev/Beluga-Firmware-Mod/install/example_beluga_client', 'merge_install': False, 'path': '/home/admi3ev/Beluga-Firmware-Mod/ROS/src/example_beluga_client', 'symlink_install': False, 'test_result_base': None}
[0.485s] INFO:colcon.colcon_core.executor:Executing jobs using 'parallel' executor
[0.486s] DEBUG:colcon.colcon_parallel_executor.executor.parallel:run_until_complete
[0.486s] INFO:colcon.colcon_ros.task.ament_cmake.build:Building ROS package in '/home/admi3ev/Beluga-Firmware-Mod/ROS/src/beluga_messages' with build type 'ament_cmake'
[0.486s] INFO:colcon.colcon_cmake.task.cmake.build:Building CMake package in '/home/admi3ev/Beluga-Firmware-Mod/ROS/src/beluga_messages'
[0.489s] INFO:colcon.colcon_core.plugin_system:Skipping extension 'colcon_core.shell.bat': Not used on non-Windows systems
[0.489s] INFO:colcon.colcon_core.shell:Skip shell extension 'powershell' for command environment: Not usable outside of PowerShell
[0.489s] DEBUG:colcon.colcon_core.shell:Skip shell extension 'dsv' for command environment
[0.500s] DEBUG:colcon.colcon_core.event_handler.log_command:Invoking command in '/home/admi3ev/Beluga-Firmware-Mod/build/beluga_messages': CMAKE_PREFIX_PATH=${CMAKE_PREFIX_PATH}:/opt/ros/humble /usr/bin/cmake /home/admi3ev/Beluga-Firmware-Mod/ROS/src/beluga_messages -DCMAKE_INSTALL_PREFIX=/home/admi3ev/Beluga-Firmware-Mod/install/beluga_messages
[2.200s] DEBUG:colcon.colcon_core.event_handler.log_command:Invoked command in '/home/admi3ev/Beluga-Firmware-Mod/build/beluga_messages' returned '0': CMAKE_PREFIX_PATH=${CMAKE_PREFIX_PATH}:/opt/ros/humble /usr/bin/cmake /home/admi3ev/Beluga-Firmware-Mod/ROS/src/beluga_messages -DCMAKE_INSTALL_PREFIX=/home/admi3ev/Beluga-Firmware-Mod/install/beluga_messages
[2.204s] DEBUG:colcon.colcon_core.event_handler.log_command:Invoking command in '/home/admi3ev/Beluga-Firmware-Mod/build/beluga_messages': CMAKE_PREFIX_PATH=${CMAKE_PREFIX_PATH}:/opt/ros/humble /usr/bin/cmake --build /home/admi3ev/Beluga-Firmware-Mod/build/beluga_messages -- -j4 -l4
[9.909s] DEBUG:colcon.colcon_core.event_handler.log_command:Invoked command in '/home/admi3ev/Beluga-Firmware-Mod/build/beluga_messages' returned '0': CMAKE_PREFIX_PATH=${CMAKE_PREFIX_PATH}:/opt/ros/humble /usr/bin/cmake --build /home/admi3ev/Beluga-Firmware-Mod/build/beluga_messages -- -j4 -l4
[9.919s] DEBUG:colcon.colcon_core.event_handler.log_command:Invoking command in '/home/admi3ev/Beluga-Firmware-Mod/build/beluga_messages': CMAKE_PREFIX_PATH=${CMAKE_PREFIX_PATH}:/opt/ros/humble /usr/bin/cmake --install /home/admi3ev/Beluga-Firmware-Mod/build/beluga_messages
[10.004s] Level 1:colcon.colcon_core.environment:create_environment_scripts_only(beluga_messages)
[10.005s] DEBUG:colcon.colcon_core.event_handler.log_command:Invoked command in '/home/admi3ev/Beluga-Firmware-Mod/build/beluga_messages' returned '0': CMAKE_PREFIX_PATH=${CMAKE_PREFIX_PATH}:/opt/ros/humble /usr/bin/cmake --install /home/admi3ev/Beluga-Firmware-Mod/build/beluga_messages
[10.007s] Level 1:colcon.colcon_core.environment:checking '/home/admi3ev/Beluga-Firmware-Mod/install/beluga_messages' for CMake module files
[10.009s] Level 1:colcon.colcon_core.environment:checking '/home/admi3ev/Beluga-Firmware-Mod/install/beluga_messages' for CMake config files
[10.009s] Level 1:colcon.colcon_core.shell:create_environment_hook('beluga_messages', 'cmake_prefix_path')
[10.010s] INFO:colcon.colcon_core.shell:Creating environment hook '/home/admi3ev/Beluga-Firmware-Mod/install/beluga_messages/share/beluga_messages/hook/cmake_prefix_path.ps1'
[10.011s] INFO:colcon.colcon_core.shell:Creating environment descriptor '/home/admi3ev/Beluga-Firmware-Mod/install/beluga_messages/share/beluga_messages/hook/cmake_prefix_path.dsv'
[10.013s] INFO:colcon.colcon_core.shell:Creating environment hook '/home/admi3ev/Beluga-Firmware-Mod/install/beluga_messages/share/beluga_messages/hook/cmake_prefix_path.sh'
[10.015s] Level 1:colcon.colcon_core.environment:checking '/home/admi3ev/Beluga-Firmware-Mod/install/beluga_messages/lib'
[10.015s] Level 1:colcon.colcon_core.shell:create_environment_hook('beluga_messages', 'ld_library_path_lib')
[10.015s] INFO:colcon.colcon_core.shell:Creating environment hook '/home/admi3ev/Beluga-Firmware-Mod/install/beluga_messages/share/beluga_messages/hook/ld_library_path_lib.ps1'
[10.016s] INFO:colcon.colcon_core.shell:Creating environment descriptor '/home/admi3ev/Beluga-Firmware-Mod/install/beluga_messages/share/beluga_messages/hook/ld_library_path_lib.dsv'
[10.016s] INFO:colcon.colcon_core.shell:Creating environment hook '/home/admi3ev/Beluga-Firmware-Mod/install/beluga_messages/share/beluga_messages/hook/ld_library_path_lib.sh'
[10.017s] Level 1:colcon.colcon_core.environment:checking '/home/admi3ev/Beluga-Firmware-Mod/install/beluga_messages/bin'
[10.017s] Level 1:colcon.colcon_core.environment:checking '/home/admi3ev/Beluga-Firmware-Mod/install/beluga_messages/lib/pkgconfig/beluga_messages.pc'
[10.017s] Level 1:colcon.colcon_core.environment:checking '/home/admi3ev/Beluga-Firmware-Mod/install/beluga_messages/lib/python3.10/site-packages'
[10.018s] Level 1:colcon.colcon_core.environment:checking '/home/admi3ev/Beluga-Firmware-Mod/install/beluga_messages/bin'
[10.018s] INFO:colcon.colcon_core.shell:Creating package script '/home/admi3ev/Beluga-Firmware-Mod/install/beluga_messages/share/beluga_messages/package.ps1'
[10.019s] INFO:colcon.colcon_core.shell:Creating package descriptor '/home/admi3ev/Beluga-Firmware-Mod/install/beluga_messages/share/beluga_messages/package.dsv'
[10.020s] INFO:colcon.colcon_core.shell:Creating package script '/home/admi3ev/Beluga-Firmware-Mod/install/beluga_messages/share/beluga_messages/package.sh'
[10.020s] INFO:colcon.colcon_core.shell:Creating package script '/home/admi3ev/Beluga-Firmware-Mod/install/beluga_messages/share/beluga_messages/package.bash'
[10.021s] INFO:colcon.colcon_core.shell:Creating package script '/home/admi3ev/Beluga-Firmware-Mod/install/beluga_messages/share/beluga_messages/package.zsh'
[10.022s] Level 1:colcon.colcon_core.environment:create_file_with_runtime_dependencies(/home/admi3ev/Beluga-Firmware-Mod/install/beluga_messages/share/colcon-core/packages/beluga_messages)
[10.023s] Level 1:colcon.colcon_core.environment:create_environment_scripts_only(beluga_messages)
[10.023s] Level 1:colcon.colcon_core.environment:checking '/home/admi3ev/Beluga-Firmware-Mod/install/beluga_messages' for CMake module files
[10.023s] Level 1:colcon.colcon_core.environment:checking '/home/admi3ev/Beluga-Firmware-Mod/install/beluga_messages' for CMake config files
[10.024s] Level 1:colcon.colcon_core.shell:create_environment_hook('beluga_messages', 'cmake_prefix_path')
[10.024s] INFO:colcon.colcon_core.shell:Creating environment hook '/home/admi3ev/Beluga-Firmware-Mod/install/beluga_messages/share/beluga_messages/hook/cmake_prefix_path.ps1'
[10.024s] INFO:colcon.colcon_core.shell:Creating environment descriptor '/home/admi3ev/Beluga-Firmware-Mod/install/beluga_messages/share/beluga_messages/hook/cmake_prefix_path.dsv'
[10.025s] INFO:colcon.colcon_core.shell:Creating environment hook '/home/admi3ev/Beluga-Firmware-Mod/install/beluga_messages/share/beluga_messages/hook/cmake_prefix_path.sh'
[10.025s] Level 1:colcon.colcon_core.environment:checking '/home/admi3ev/Beluga-Firmware-Mod/install/beluga_messages/lib'
[10.026s] Level 1:colcon.colcon_core.shell:create_environment_hook('beluga_messages', 'ld_library_path_lib')
[10.026s] INFO:colcon.colcon_core.shell:Creating environment hook '/home/admi3ev/Beluga-Firmware-Mod/install/beluga_messages/share/beluga_messages/hook/ld_library_path_lib.ps1'
[10.026s] INFO:colcon.colcon_core.shell:Creating environment descriptor '/home/admi3ev/Beluga-Firmware-Mod/install/beluga_messages/share/beluga_messages/hook/ld_library_path_lib.dsv'
[10.027s] INFO:colcon.colcon_core.shell:Creating environment hook '/home/admi3ev/Beluga-Firmware-Mod/install/beluga_messages/share/beluga_messages/hook/ld_library_path_lib.sh'
[10.027s] Level 1:colcon.colcon_core.environment:checking '/home/admi3ev/Beluga-Firmware-Mod/install/beluga_messages/bin'
[10.027s] Level 1:colcon.colcon_core.environment:checking '/home/admi3ev/Beluga-Firmware-Mod/install/beluga_messages/lib/pkgconfig/beluga_messages.pc'
[10.028s] Level 1:colcon.colcon_core.environment:checking '/home/admi3ev/Beluga-Firmware-Mod/install/beluga_messages/lib/python3.10/site-packages'
[10.028s] Level 1:colcon.colcon_core.environment:checking '/home/admi3ev/Beluga-Firmware-Mod/install/beluga_messages/bin'
[10.028s] INFO:colcon.colcon_core.shell:Creating package script '/home/admi3ev/Beluga-Firmware-Mod/install/beluga_messages/share/beluga_messages/package.ps1'
[10.029s] INFO:colcon.colcon_core.shell:Creating package descriptor '/home/admi3ev/Beluga-Firmware-Mod/install/beluga_messages/share/beluga_messages/package.dsv'
[10.030s] INFO:colcon.colcon_core.shell:Creating package script '/home/admi3ev/Beluga-Firmware-Mod/install/beluga_messages/share/beluga_messages/package.sh'
[10.030s] INFO:colcon.colcon_core.shell:Creating package script '/home/admi3ev/Beluga-Firmware-Mod/install/beluga_messages/share/beluga_messages/package.bash'
[10.031s] INFO:colcon.colcon_core.shell:Creating package script '/home/admi3ev/Beluga-Firmware-Mod/install/beluga_messages/share/beluga_messages/package.zsh'
[10.031s] Level 1:colcon.colcon_core.environment:create_file_with_runtime_dependencies(/home/admi3ev/Beluga-Firmware-Mod/install/beluga_messages/share/colcon-core/packages/beluga_messages)
[10.031s] INFO:colcon.colcon_ros.task.ament_cmake.build:Building ROS package in '/home/admi3ev/Beluga-Firmware-Mod/ROS/src/beluga' with build type 'ament_cmake'
[10.032s] INFO:colcon.colcon_cmake.task.cmake.build:Building CMake package in '/home/admi3ev/Beluga-Firmware-Mod/ROS/src/beluga'
[10.032s] INFO:colcon.colcon_core.shell:Skip shell extension 'powershell' for command environment: Not usable outside of PowerShell
[10.032s] DEBUG:colcon.colcon_core.shell:Skip shell extension 'dsv' for command environment
[10.036s] INFO:colcon.colcon_ros.task.ament_cmake.build:Building ROS package in '/home/admi3ev/Beluga-Firmware-Mod/ROS/src/example_beluga_client' with build type 'ament_cmake'
[10.036s] INFO:colcon.colcon_cmake.task.cmake.build:Building CMake package in '/home/admi3ev/Beluga-Firmware-Mod/ROS/src/example_beluga_client'
[10.036s] INFO:colcon.colcon_core.shell:Skip shell extension 'powershell' for command environment: Not usable outside of PowerShell
[10.036s] DEBUG:colcon.colcon_core.shell:Skip shell extension 'dsv' for command environment
[10.042s] DEBUG:colcon.colcon_core.event_handler.log_command:Invoking command in '/home/admi3ev/Beluga-Firmware-Mod/build/beluga': AMENT_PREFIX_PATH=/home/admi3ev/Beluga-Firmware-Mod/install/beluga_messages:${AMENT_PREFIX_PATH} CMAKE_PREFIX_PATH=/home/admi3ev/Beluga-Firmware-Mod/install/beluga_messages:/home/admi3ev/Beluga-Firmware-Mod/ROS/install/example_beluga_client:/home/admi3ev/Beluga-Firmware-Mod/ROS/install/beluga:/home/admi3ev/Beluga-Firmware-Mod/ROS/install/beluga_messages:/home/admi3ev/Beluga-2.0/ROS/install/example_beluga_client:/home/admi3ev/Beluga-2.0/ROS/install/beluga:/home/admi3ev/Beluga-2.0/ROS/install/beluga_messages:/opt/ros/humble LD_LIBRARY_PATH=/home/admi3ev/Beluga-Firmware-Mod/install/beluga_messages/lib:${LD_LIBRARY_PATH} PYTHONPATH=/home/admi3ev/Beluga-Firmware-Mod/install/beluga_messages/local/lib/python3.10/dist-packages:${PYTHONPATH} /usr/bin/cmake /home/admi3ev/Beluga-Firmware-Mod/ROS/src/beluga -DCMAKE_INSTALL_PREFIX=/home/admi3ev/Beluga-Firmware-Mod/install/beluga
[10.048s] DEBUG:colcon.colcon_core.event_handler.log_command:Invoking command in '/home/admi3ev/Beluga-Firmware-Mod/build/example_beluga_client': AMENT_PREFIX_PATH=/home/admi3ev/Beluga-Firmware-Mod/install/beluga_messages:${AMENT_PREFIX_PATH} CMAKE_PREFIX_PATH=/home/admi3ev/Beluga-Firmware-Mod/install/beluga_messages:/home/admi3ev/Beluga-Firmware-Mod/ROS/install/example_beluga_client:/home/admi3ev/Beluga-Firmware-Mod/ROS/install/beluga:/home/admi3ev/Beluga-Firmware-Mod/ROS/install/beluga_messages:/home/admi3ev/Beluga-2.0/ROS/install/example_beluga_client:/home/admi3ev/Beluga-2.0/ROS/install/beluga:/home/admi3ev/Beluga-2.0/ROS/install/beluga_messages:/opt/ros/humble LD_LIBRARY_PATH=/home/admi3ev/Beluga-Firmware-Mod/install/beluga_messages/lib:${LD_LIBRARY_PATH} PYTHONPATH=/home/admi3ev/Beluga-Firmware-Mod/install/beluga_messages/local/lib/python3.10/dist-packages:${PYTHONPATH} /usr/bin/cmake /home/admi3ev/Beluga-Firmware-Mod/ROS/src/example_beluga_client -DCMAKE_INSTALL_PREFIX=/home/admi3ev/Beluga-Firmware-Mod/install/example_beluga_client
[11.293s] DEBUG:colcon.colcon_core.event_handler.log_command:Invoked command in '/home/admi3ev/Beluga-Firmware-Mod/build/example_beluga_client' returned '0': AMENT_PREFIX_PATH=/home/admi3ev/Beluga-Firmware-Mod/install/beluga_messages:${AMENT_PREFIX_PATH} CMAKE_PREFIX_PATH=/home/admi3ev/Beluga-Firmware-Mod/install/beluga_messages:/home/admi3ev/Beluga-Firmware-Mod/ROS/install/example_beluga_client:/home/admi3ev/Beluga-Firmware-Mod/ROS/install/beluga:/home/admi3ev/Beluga-Firmware-Mod/ROS/install/beluga_messages:/home/admi3ev/Beluga-2.0/ROS/install/example_beluga_client:/home/admi3ev/Beluga-2.0/ROS/install/beluga:/home/admi3ev/Beluga-2.0/ROS/install/beluga_messages:/opt/ros/humble LD_LIBRARY_PATH=/home/admi3ev/Beluga-Firmware-Mod/install/beluga_messages/lib:${LD_LIBRARY_PATH} PYTHONPATH=/home/admi3ev/Beluga-Firmware-Mod/install/beluga_messages/local/lib/python3.10/dist-packages:${PYTHONPATH} /usr/bin/cmake /home/admi3ev/Beluga-Firmware-Mod/ROS/src/example_beluga_client -DCMAKE_INSTALL_PREFIX=/home/admi3ev/Beluga-Firmware-Mod/install/example_beluga_client
[11.294s] DEBUG:colcon.colcon_core.event_handler.log_command:Invoking command in '/home/admi3ev/Beluga-Firmware-Mod/build/example_beluga_client': AMENT_PREFIX_PATH=/home/admi3ev/Beluga-Firmware-Mod/install/beluga_messages:${AMENT_PREFIX_PATH} CMAKE_PREFIX_PATH=/home/admi3ev/Beluga-Firmware-Mod/install/beluga_messages:/home/admi3ev/Beluga-Firmware-Mod/ROS/install/example_beluga_client:/home/admi3ev/Beluga-Firmware-Mod/ROS/install/beluga:/home/admi3ev/Beluga-Firmware-Mod/ROS/install/beluga_messages:/home/admi3ev/Beluga-2.0/ROS/install/example_beluga_client:/home/admi3ev/Beluga-2.0/ROS/install/beluga:/home/admi3ev/Beluga-2.0/ROS/install/beluga_messages:/opt/ros/humble LD_LIBRARY_PATH=/home/admi3ev/Beluga-Firmware-Mod/install/beluga_messages/lib:${LD_LIBRARY_PATH} PYTHONPATH=/home/admi3ev/Beluga-Firmware-Mod/install/beluga_messages/local/lib/python3.10/dist-packages:${PYTHONPATH} /usr/bin/cmake --build /home/admi3ev/Beluga-Firmware-Mod/build/example_beluga_client -- -j4 -l4
[15.417s] DEBUG:colcon.colcon_core.event_handler.log_command:Invoked command in '/home/admi3ev/Beluga-Firmware-Mod/build/example_beluga_client' returned '0': AMENT_PREFIX_PATH=/home/admi3ev/Beluga-Firmware-Mod/install/beluga_messages:${AMENT_PREFIX_PATH} CMAKE_PREFIX_PATH=/home/admi3ev/Beluga-Firmware-Mod/install/beluga_messages:/home/admi3ev/Beluga-Firmware-Mod/ROS/install/example_beluga_client:/home/admi3ev/Beluga-Firmware-Mod/ROS/install/beluga:/home/admi3ev/Beluga-Firmware-Mod/ROS/install/beluga_messages:/home/admi3ev/Beluga-2.0/ROS/install/example_beluga_client:/home/admi3ev/Beluga-2.0/ROS/install/beluga:/home/admi3ev/Beluga-2.0/ROS/install/beluga_messages:/opt/ros/humble LD_LIBRARY_PATH=/home/admi3ev/Beluga-Firmware-Mod/install/beluga_messages/lib:${LD_LIBRARY_PATH} PYTHONPATH=/home/admi3ev/Beluga-Firmware-Mod/install/beluga_messages/local/lib/python3.10/dist-packages:${PYTHONPATH} /usr/bin/cmake --build /home/admi3ev/Beluga-Firmware-Mod/build/example_beluga_client -- -j4 -l4
[15.419s] DEBUG:colcon.colcon_core.event_handler.log_command:Invoking command in '/home/admi3ev/Beluga-Firmware-Mod/build/example_beluga_client': AMENT_PREFIX_PATH=/home/admi3ev/Beluga-Firmware-Mod/install/beluga_messages:${AMENT_PREFIX_PATH} CMAKE_PREFIX_PATH=/home/admi3ev/Beluga-Firmware-Mod/install/beluga_messages:/home/admi3ev/Beluga-Firmware-Mod/ROS/install/example_beluga_client:/home/admi3ev/Beluga-Firmware-Mod/ROS/install/beluga:/home/admi3ev/Beluga-Firmware-Mod/ROS/install/beluga_messages:/home/admi3ev/Beluga-2.0/ROS/install/example_beluga_client:/home/admi3ev/Beluga-2.0/ROS/install/beluga:/home/admi3ev/Beluga-2.0/ROS/install/beluga_messages:/opt/ros/humble LD_LIBRARY_PATH=/home/admi3ev/Beluga-Firmware-Mod/install/beluga_messages/lib:${LD_LIBRARY_PATH} PYTHONPATH=/home/admi3ev/Beluga-Firmware-Mod/install/beluga_messages/local/lib/python3.10/dist-packages:${PYTHONPATH} /usr/bin/cmake --install /home/admi3ev/Beluga-Firmware-Mod/build/example_beluga_client
[15.431s] Level 1:colcon.colcon_core.environment:create_environment_scripts_only(example_beluga_client)
[15.432s] Level 1:colcon.colcon_core.environment:checking '/home/admi3ev/Beluga-Firmware-Mod/install/example_beluga_client' for CMake module files
[15.432s] DEBUG:colcon.colcon_core.event_handler.log_command:Invoked command in '/home/admi3ev/Beluga-Firmware-Mod/build/example_beluga_client' returned '0': AMENT_PREFIX_PATH=/home/admi3ev/Beluga-Firmware-Mod/install/beluga_messages:${AMENT_PREFIX_PATH} CMAKE_PREFIX_PATH=/home/admi3ev/Beluga-Firmware-Mod/install/beluga_messages:/home/admi3ev/Beluga-Firmware-Mod/ROS/install/example_beluga_client:/home/admi3ev/Beluga-Firmware-Mod/ROS/install/beluga:/home/admi3ev/Beluga-Firmware-Mod/ROS/install/beluga_messages:/home/admi3ev/Beluga-2.0/ROS/install/example_beluga_client:/home/admi3ev/Beluga-2.0/ROS/install/beluga:/home/admi3ev/Beluga-2.0/ROS/install/beluga_messages:/opt/ros/humble LD_LIBRARY_PATH=/home/admi3ev/Beluga-Firmware-Mod/install/beluga_messages/lib:${LD_LIBRARY_PATH} PYTHONPATH=/home/admi3ev/Beluga-Firmware-Mod/install/beluga_messages/local/lib/python3.10/dist-packages:${PYTHONPATH} /usr/bin/cmake --install /home/admi3ev/Beluga-Firmware-Mod/build/example_beluga_client
[15.432s] Level 1:colcon.colcon_core.environment:checking '/home/admi3ev/Beluga-Firmware-Mod/install/example_beluga_client' for CMake config files
[15.433s] Level 1:colcon.colcon_core.shell:create_environment_hook('example_beluga_client', 'cmake_prefix_path')
[15.433s] INFO:colcon.colcon_core.shell:Creating environment hook '/home/admi3ev/Beluga-Firmware-Mod/install/example_beluga_client/share/example_beluga_client/hook/cmake_prefix_path.ps1'
[15.433s] INFO:colcon.colcon_core.shell:Creating environment descriptor '/home/admi3ev/Beluga-Firmware-Mod/install/example_beluga_client/share/example_beluga_client/hook/cmake_prefix_path.dsv'
[15.434s] INFO:colcon.colcon_core.shell:Creating environment hook '/home/admi3ev/Beluga-Firmware-Mod/install/example_beluga_client/share/example_beluga_client/hook/cmake_prefix_path.sh'
[15.434s] Level 1:colcon.colcon_core.environment:checking '/home/admi3ev/Beluga-Firmware-Mod/install/example_beluga_client/lib'
[15.434s] Level 1:colcon.colcon_core.environment:checking '/home/admi3ev/Beluga-Firmware-Mod/install/example_beluga_client/bin'
[15.434s] Level 1:colcon.colcon_core.environment:checking '/home/admi3ev/Beluga-Firmware-Mod/install/example_beluga_client/lib/pkgconfig/example_beluga_client.pc'
[15.435s] Level 1:colcon.colcon_core.environment:checking '/home/admi3ev/Beluga-Firmware-Mod/install/example_beluga_client/lib/python3.10/site-packages'
[15.435s] Level 1:colcon.colcon_core.environment:checking '/home/admi3ev/Beluga-Firmware-Mod/install/example_beluga_client/bin'
[15.435s] INFO:colcon.colcon_core.shell:Creating package script '/home/admi3ev/Beluga-Firmware-Mod/install/example_beluga_client/share/example_beluga_client/package.ps1'
[15.436s] INFO:colcon.colcon_core.shell:Creating package descriptor '/home/admi3ev/Beluga-Firmware-Mod/install/example_beluga_client/share/example_beluga_client/package.dsv'
[15.437s] INFO:colcon.colcon_core.shell:Creating package script '/home/admi3ev/Beluga-Firmware-Mod/install/example_beluga_client/share/example_beluga_client/package.sh'
[15.437s] INFO:colcon.colcon_core.shell:Creating package script '/home/admi3ev/Beluga-Firmware-Mod/install/example_beluga_client/share/example_beluga_client/package.bash'
[15.438s] INFO:colcon.colcon_core.shell:Creating package script '/home/admi3ev/Beluga-Firmware-Mod/install/example_beluga_client/share/example_beluga_client/package.zsh'
[15.438s] Level 1:colcon.colcon_core.environment:create_file_with_runtime_dependencies(/home/admi3ev/Beluga-Firmware-Mod/install/example_beluga_client/share/colcon-core/packages/example_beluga_client)
[15.439s] Level 1:colcon.colcon_core.environment:create_environment_scripts_only(example_beluga_client)
[15.439s] Level 1:colcon.colcon_core.environment:checking '/home/admi3ev/Beluga-Firmware-Mod/install/example_beluga_client' for CMake module files
[15.440s] Level 1:colcon.colcon_core.environment:checking '/home/admi3ev/Beluga-Firmware-Mod/install/example_beluga_client' for CMake config files
[15.440s] Level 1:colcon.colcon_core.shell:create_environment_hook('example_beluga_client', 'cmake_prefix_path')
[15.440s] INFO:colcon.colcon_core.shell:Creating environment hook '/home/admi3ev/Beluga-Firmware-Mod/install/example_beluga_client/share/example_beluga_client/hook/cmake_prefix_path.ps1'
[15.449s] INFO:colcon.colcon_core.shell:Creating environment descriptor '/home/admi3ev/Beluga-Firmware-Mod/install/example_beluga_client/share/example_beluga_client/hook/cmake_prefix_path.dsv'
[15.467s] INFO:colcon.colcon_core.shell:Creating environment hook '/home/admi3ev/Beluga-Firmware-Mod/install/example_beluga_client/share/example_beluga_client/hook/cmake_prefix_path.sh'
[15.482s] Level 1:colcon.colcon_core.environment:checking '/home/admi3ev/Beluga-Firmware-Mod/install/example_beluga_client/lib'
[15.482s] Level 1:colcon.colcon_core.environment:checking '/home/admi3ev/Beluga-Firmware-Mod/install/example_beluga_client/bin'
[15.482s] Level 1:colcon.colcon_core.environment:checking '/home/admi3ev/Beluga-Firmware-Mod/install/example_beluga_client/lib/pkgconfig/example_beluga_client.pc'
[15.483s] Level 1:colcon.colcon_core.environment:checking '/home/admi3ev/Beluga-Firmware-Mod/install/example_beluga_client/lib/python3.10/site-packages'
[15.484s] Level 1:colcon.colcon_core.environment:checking '/home/admi3ev/Beluga-Firmware-Mod/install/example_beluga_client/bin'
[15.485s] INFO:colcon.colcon_core.shell:Creating package script '/home/admi3ev/Beluga-Firmware-Mod/install/example_beluga_client/share/example_beluga_client/package.ps1'
[15.493s] INFO:colcon.colcon_core.shell:Creating package descriptor '/home/admi3ev/Beluga-Firmware-Mod/install/example_beluga_client/share/example_beluga_client/package.dsv'
[15.503s] INFO:colcon.colcon_core.shell:Creating package script '/home/admi3ev/Beluga-Firmware-Mod/install/example_beluga_client/share/example_beluga_client/package.sh'
[15.513s] INFO:colcon.colcon_core.shell:Creating package script '/home/admi3ev/Beluga-Firmware-Mod/install/example_beluga_client/share/example_beluga_client/package.bash'
[15.521s] INFO:colcon.colcon_core.shell:Creating package script '/home/admi3ev/Beluga-Firmware-Mod/install/example_beluga_client/share/example_beluga_client/package.zsh'
[15.523s] Level 1:colcon.colcon_core.environment:create_file_with_runtime_dependencies(/home/admi3ev/Beluga-Firmware-Mod/install/example_beluga_client/share/colcon-core/packages/example_beluga_client)
[20.237s] DEBUG:colcon.colcon_core.event_handler.log_command:Invoked command in '/home/admi3ev/Beluga-Firmware-Mod/build/beluga' returned '0': AMENT_PREFIX_PATH=/home/admi3ev/Beluga-Firmware-Mod/install/beluga_messages:${AMENT_PREFIX_PATH} CMAKE_PREFIX_PATH=/home/admi3ev/Beluga-Firmware-Mod/install/beluga_messages:/home/admi3ev/Beluga-Firmware-Mod/ROS/install/example_beluga_client:/home/admi3ev/Beluga-Firmware-Mod/ROS/install/beluga:/home/admi3ev/Beluga-Firmware-Mod/ROS/install/beluga_messages:/home/admi3ev/Beluga-2.0/ROS/install/example_beluga_client:/home/admi3ev/Beluga-2.0/ROS/install/beluga:/home/admi3ev/Beluga-2.0/ROS/install/beluga_messages:/opt/ros/humble LD_LIBRARY_PATH=/home/admi3ev/Beluga-Firmware-Mod/install/beluga_messages/lib:${LD_LIBRARY_PATH} PYTHONPATH=/home/admi3ev/Beluga-Firmware-Mod/install/beluga_messages/local/lib/python3.10/dist-packages:${PYTHONPATH} /usr/bin/cmake /home/admi3ev/Beluga-Firmware-Mod/ROS/src/beluga -DCMAKE_INSTALL_PREFIX=/home/admi3ev/Beluga-Firmware-Mod/install/beluga
[20.238s] DEBUG:colcon.colcon_core.event_handler.log_command:Invoking command in '/home/admi3ev/Beluga-Firmware-Mod/build/beluga': AMENT_PREFIX_PATH=/home/admi3ev/Beluga-Firmware-Mod/install/beluga_messages:${AMENT_PREFIX_PATH} CMAKE_PREFIX_PATH=/home/admi3ev/Beluga-Firmware-Mod/install/beluga_messages:/home/admi3ev/Beluga-Firmware-Mod/ROS/install/example_beluga_client:/home/admi3ev/Beluga-Firmware-Mod/ROS/install/beluga:/home/admi3ev/Beluga-Firmware-Mod/ROS/install/beluga_messages:/home/admi3ev/Beluga-2.0/ROS/install/example_beluga_client:/home/admi3ev/Beluga-2.0/ROS/install/beluga:/home/admi3ev/Beluga-2.0/ROS/install/beluga_messages:/opt/ros/humble LD_LIBRARY_PATH=/home/admi3ev/Beluga-Firmware-Mod/install/beluga_messages/lib:${LD_LIBRARY_PATH} PYTHONPATH=/home/admi3ev/Beluga-Firmware-Mod/install/beluga_messages/local/lib/python3.10/dist-packages:${PYTHONPATH} /usr/bin/cmake --build /home/admi3ev/Beluga-Firmware-Mod/build/beluga -- -j4 -l4
[34.129s] DEBUG:colcon.colcon_core.event_handler.log_command:Invoked command in '/home/admi3ev/Beluga-Firmware-Mod/build/beluga' returned '0': AMENT_PREFIX_PATH=/home/admi3ev/Beluga-Firmware-Mod/install/beluga_messages:${AMENT_PREFIX_PATH} CMAKE_PREFIX_PATH=/home/admi3ev/Beluga-Firmware-Mod/install/beluga_messages:/home/admi3ev/Beluga-Firmware-Mod/ROS/install/example_beluga_client:/home/admi3ev/Beluga-Firmware-Mod/ROS/install/beluga:/home/admi3ev/Beluga-Firmware-Mod/ROS/install/beluga_messages:/home/admi3ev/Beluga-2.0/ROS/install/example_beluga_client:/home/admi3ev/Beluga-2.0/ROS/install/beluga:/home/admi3ev/Beluga-2.0/ROS/install/beluga_messages:/opt/ros/humble LD_LIBRARY_PATH=/home/admi3ev/Beluga-Firmware-Mod/install/beluga_messages/lib:${LD_LIBRARY_PATH} PYTHONPATH=/home/admi3ev/Beluga-Firmware-Mod/install/beluga_messages/local/lib/python3.10/dist-packages:${PYTHONPATH} /usr/bin/cmake --build /home/admi3ev/Beluga-Firmware-Mod/build/beluga -- -j4 -l4
[34.131s] DEBUG:colcon.colcon_core.event_handler.log_command:Invoking command in '/home/admi3ev/Beluga-Firmware-Mod/build/beluga': AMENT_PREFIX_PATH=/home/admi3ev/Beluga-Firmware-Mod/install/beluga_messages:${AMENT_PREFIX_PATH} CMAKE_PREFIX_PATH=/home/admi3ev/Beluga-Firmware-Mod/install/beluga_messages:/home/admi3ev/Beluga-Firmware-Mod/ROS/install/example_beluga_client:/home/admi3ev/Beluga-Firmware-Mod/ROS/install/beluga:/home/admi3ev/Beluga-Firmware-Mod/ROS/install/beluga_messages:/home/admi3ev/Beluga-2.0/ROS/install/example_beluga_client:/home/admi3ev/Beluga-2.0/ROS/install/beluga:/home/admi3ev/Beluga-2.0/ROS/install/beluga_messages:/opt/ros/humble LD_LIBRARY_PATH=/home/admi3ev/Beluga-Firmware-Mod/install/beluga_messages/lib:${LD_LIBRARY_PATH} PYTHONPATH=/home/admi3ev/Beluga-Firmware-Mod/install/beluga_messages/local/lib/python3.10/dist-packages:${PYTHONPATH} /usr/bin/cmake --install /home/admi3ev/Beluga-Firmware-Mod/build/beluga
[34.206s] Level 1:colcon.colcon_core.environment:create_environment_scripts_only(beluga)
[34.207s] Level 1:colcon.colcon_core.environment:checking '/home/admi3ev/Beluga-Firmware-Mod/install/beluga' for CMake module files
[34.211s] DEBUG:colcon.colcon_core.event_handler.log_command:Invoked command in '/home/admi3ev/Beluga-Firmware-Mod/build/beluga' returned '0': AMENT_PREFIX_PATH=/home/admi3ev/Beluga-Firmware-Mod/install/beluga_messages:${AMENT_PREFIX_PATH} CMAKE_PREFIX_PATH=/home/admi3ev/Beluga-Firmware-Mod/install/beluga_messages:/home/admi3ev/Beluga-Firmware-Mod/ROS/install/example_beluga_client:/home/admi3ev/Beluga-Firmware-Mod/ROS/install/beluga:/home/admi3ev/Beluga-Firmware-Mod/ROS/install/beluga_messages:/home/admi3ev/Beluga-2.0/ROS/install/example_beluga_client:/home/admi3ev/Beluga-2.0/ROS/install/beluga:/home/admi3ev/Beluga-2.0/ROS/install/beluga_messages:/opt/ros/humble LD_LIBRARY_PATH=/home/admi3ev/Beluga-Firmware-Mod/install/beluga_messages/lib:${LD_LIBRARY_PATH} PYTHONPATH=/home/admi3ev/Beluga-Firmware-Mod/install/beluga_messages/local/lib/python3.10/dist-packages:${PYTHONPATH} /usr/bin/cmake --install /home/admi3ev/Beluga-Firmware-Mod/build/beluga
[34.212s] Level 1:colcon.colcon_core.environment:checking '/home/admi3ev/Beluga-Firmware-Mod/install/beluga' for CMake config files
[34.212s] Level 1:colcon.colcon_core.shell:create_environment_hook('beluga', 'cmake_prefix_path')
[34.212s] INFO:colcon.colcon_core.shell:Creating environment hook '/home/admi3ev/Beluga-Firmware-Mod/install/beluga/share/beluga/hook/cmake_prefix_path.ps1'
[34.213s] INFO:colcon.colcon_core.shell:Creating environment descriptor '/home/admi3ev/Beluga-Firmware-Mod/install/beluga/share/beluga/hook/cmake_prefix_path.dsv'
[34.213s] INFO:colcon.colcon_core.shell:Creating environment hook '/home/admi3ev/Beluga-Firmware-Mod/install/beluga/share/beluga/hook/cmake_prefix_path.sh'
[34.215s] Level 1:colcon.colcon_core.environment:checking '/home/admi3ev/Beluga-Firmware-Mod/install/beluga/lib'
[34.215s] Level 1:colcon.colcon_core.environment:checking '/home/admi3ev/Beluga-Firmware-Mod/install/beluga/bin'
[34.215s] Level 1:colcon.colcon_core.environment:checking '/home/admi3ev/Beluga-Firmware-Mod/install/beluga/lib/pkgconfig/beluga.pc'
[34.215s] Level 1:colcon.colcon_core.environment:checking '/home/admi3ev/Beluga-Firmware-Mod/install/beluga/lib/python3.10/site-packages'
[34.216s] Level 1:colcon.colcon_core.environment:checking '/home/admi3ev/Beluga-Firmware-Mod/install/beluga/bin'
[34.216s] INFO:colcon.colcon_core.shell:Creating package script '/home/admi3ev/Beluga-Firmware-Mod/install/beluga/share/beluga/package.ps1'
[34.217s] INFO:colcon.colcon_core.shell:Creating package descriptor '/home/admi3ev/Beluga-Firmware-Mod/install/beluga/share/beluga/package.dsv'
[34.218s] INFO:colcon.colcon_core.shell:Creating package script '/home/admi3ev/Beluga-Firmware-Mod/install/beluga/share/beluga/package.sh'
[34.218s] INFO:colcon.colcon_core.shell:Creating package script '/home/admi3ev/Beluga-Firmware-Mod/install/beluga/share/beluga/package.bash'
[34.219s] INFO:colcon.colcon_core.shell:Creating package script '/home/admi3ev/Beluga-Firmware-Mod/install/beluga/share/beluga/package.zsh'
[34.219s] Level 1:colcon.colcon_core.environment:create_file_with_runtime_dependencies(/home/admi3ev/Beluga-Firmware-Mod/install/beluga/share/colcon-core/packages/beluga)
[34.220s] Level 1:colcon.colcon_core.environment:create_environment_scripts_only(beluga)
[34.220s] Level 1:colcon.colcon_core.environment:checking '/home/admi3ev/Beluga-Firmware-Mod/install/beluga' for CMake module files
[34.220s] Level 1:colcon.colcon_core.environment:checking '/home/admi3ev/Beluga-Firmware-Mod/install/beluga' for CMake config files
[34.221s] Level 1:colcon.colcon_core.shell:create_environment_hook('beluga', 'cmake_prefix_path')
[34.221s] INFO:colcon.colcon_core.shell:Creating environment hook '/home/admi3ev/Beluga-Firmware-Mod/install/beluga/share/beluga/hook/cmake_prefix_path.ps1'
[34.221s] INFO:colcon.colcon_core.shell:Creating environment descriptor '/home/admi3ev/Beluga-Firmware-Mod/install/beluga/share/beluga/hook/cmake_prefix_path.dsv'
[34.222s] INFO:colcon.colcon_core.shell:Creating environment hook '/home/admi3ev/Beluga-Firmware-Mod/install/beluga/share/beluga/hook/cmake_prefix_path.sh'
[34.222s] Level 1:colcon.colcon_core.environment:checking '/home/admi3ev/Beluga-Firmware-Mod/install/beluga/lib'
[34.222s] Level 1:colcon.colcon_core.environment:checking '/home/admi3ev/Beluga-Firmware-Mod/install/beluga/bin'
[34.222s] Level 1:colcon.colcon_core.environment:checking '/home/admi3ev/Beluga-Firmware-Mod/install/beluga/lib/pkgconfig/beluga.pc'
[34.223s] Level 1:colcon.colcon_core.environment:checking '/home/admi3ev/Beluga-Firmware-Mod/install/beluga/lib/python3.10/site-packages'
[34.223s] Level 1:colcon.colcon_core.environment:checking '/home/admi3ev/Beluga-Firmware-Mod/install/beluga/bin'
[34.223s] INFO:colcon.colcon_core.shell:Creating package script '/home/admi3ev/Beluga-Firmware-Mod/install/beluga/share/beluga/package.ps1'
[34.224s] INFO:colcon.colcon_core.shell:Creating package descriptor '/home/admi3ev/Beluga-Firmware-Mod/install/beluga/share/beluga/package.dsv'
[34.224s] INFO:colcon.colcon_core.shell:Creating package script '/home/admi3ev/Beluga-Firmware-Mod/install/beluga/share/beluga/package.sh'
[34.225s] INFO:colcon.colcon_core.shell:Creating package script '/home/admi3ev/Beluga-Firmware-Mod/install/beluga/share/beluga/package.bash'
[34.225s] INFO:colcon.colcon_core.shell:Creating package script '/home/admi3ev/Beluga-Firmware-Mod/install/beluga/share/beluga/package.zsh'
[34.226s] Level 1:colcon.colcon_core.environment:create_file_with_runtime_dependencies(/home/admi3ev/Beluga-Firmware-Mod/install/beluga/share/colcon-core/packages/beluga)
[34.226s] DEBUG:colcon.colcon_parallel_executor.executor.parallel:closing loop
[34.226s] DEBUG:colcon.colcon_parallel_executor.executor.parallel:loop closed
[34.226s] DEBUG:colcon.colcon_parallel_executor.executor.parallel:run_until_complete finished with '0'
[34.226s] DEBUG:colcon.colcon_core.event_reactor:joining thread
[34.233s] INFO:colcon.colcon_core.plugin_system:Skipping extension 'colcon_notification.desktop_notification.terminal_notifier': Not used on non-Darwin systems
[34.233s] INFO:colcon.colcon_core.plugin_system:Skipping extension 'colcon_notification.desktop_notification.win32': Not used on non-Windows systems
[34.233s] INFO:colcon.colcon_notification.desktop_notification:Sending desktop notification using 'notify2'
[34.247s] DEBUG:colcon.colcon_core.event_reactor:joined thread
[34.247s] INFO:colcon.colcon_core.shell:Creating prefix script '/home/admi3ev/Beluga-Firmware-Mod/install/local_setup.ps1'
[34.249s] INFO:colcon.colcon_core.shell:Creating prefix util module '/home/admi3ev/Beluga-Firmware-Mod/install/_local_setup_util_ps1.py'
[34.250s] INFO:colcon.colcon_core.shell:Creating prefix chain script '/home/admi3ev/Beluga-Firmware-Mod/install/setup.ps1'
[34.251s] INFO:colcon.colcon_core.shell:Creating prefix script '/home/admi3ev/Beluga-Firmware-Mod/install/local_setup.sh'
[34.252s] INFO:colcon.colcon_core.shell:Creating prefix util module '/home/admi3ev/Beluga-Firmware-Mod/install/_local_setup_util_sh.py'
[34.252s] INFO:colcon.colcon_core.shell:Creating prefix chain script '/home/admi3ev/Beluga-Firmware-Mod/install/setup.sh'
[34.254s] INFO:colcon.colcon_core.shell:Creating prefix script '/home/admi3ev/Beluga-Firmware-Mod/install/local_setup.bash'
[34.254s] INFO:colcon.colcon_core.shell:Creating prefix chain script '/home/admi3ev/Beluga-Firmware-Mod/install/setup.bash'
[34.255s] INFO:colcon.colcon_core.shell:Creating prefix script '/home/admi3ev/Beluga-Firmware-Mod/install/local_setup.zsh'
[34.256s] INFO:colcon.colcon_core.shell:Creating prefix chain script '/home/admi3ev/Beluga-Firmware-Mod/install/setup.zsh'
