-- Found ament_cmake: 1.3.14 (/opt/ros/humble/share/ament_cmake/cmake)
-- Found rclcpp: 16.0.19 (/opt/ros/humble/share/rclcpp/cmake)
-- Found rosidl_generator_c: 3.1.8 (/opt/ros/humble/share/rosidl_generator_c/cmake)
-- Found rosidl_adapter: 3.1.8 (/opt/ros/humble/share/rosidl_adapter/cmake)
-- Found rosidl_generator_cpp: 3.1.8 (/opt/ros/humble/share/rosidl_generator_cpp/cmake)
-- Using all available rosidl_typesupport_c: rosidl_typesupport_fastrtps_c;rosidl_typesupport_introspection_c
-- Using all available rosidl_typesupport_cpp: rosidl_typesupport_fastrtps_cpp;rosidl_typesupport_introspection_cpp
-- Found rmw_implementation_cmake: 6.1.2 (/opt/ros/humble/share/rmw_implementation_cmake/cmake)
-- Found rmw_fastrtps_cpp: 6.2.10 (/opt/ros/humble/share/rmw_fastrtps_cpp/cmake)
-- Using RMW implementation 'rmw_fastrtps_cpp' as default
-- Found beluga_messages: 0.0.0 (/home/admi3ev/Beluga-Firmware-Mod/install/beluga_messages/share/beluga_messages/cmake)
-- DAW_USE_EXCEPTIONS=ON: Errors throw json_exception
-- DAW_NO_FLATTEN=ON: Disabling function flattening and forced inline optimization
-- Found ament_lint_auto: 0.12.15 (/opt/ros/humble/share/ament_lint_auto/cmake)
-- Added test 'cppcheck' to perform static code analysis on C / C++ code
-- Configured cppcheck include dirs: /home/admi3ev/Beluga-Firmware-Mod/ROS/src/beluga/include
-- Configured cppcheck exclude dirs and/or files: 
-- Added test 'lint_cmake' to check CMake code style
-- Added test 'uncrustify' to check C / C++ code style
-- Configured uncrustify additional arguments: 
-- Added test 'xmllint' to check XML markup files
-- Configuring done
-- Generating done
-- Build files have been written to: /home/admi3ev/Beluga-Firmware-Mod/build/beluga
[35m[1mConsolidate compiler generated dependencies of target serial[0m
[  6%] [32mBuilding CXX object beluga-serial-lib/serial/CMakeFiles/serial.dir/src/core/serial_base.cpp.o[0m
[ 13%] [32mBuilding CXX object beluga-serial-lib/serial/CMakeFiles/serial.dir/src/tools/core/sys_fs_common.cpp.o[0m
[ 20%] [32mBuilding CXX object beluga-serial-lib/serial/CMakeFiles/serial.dir/src/core/serial_posix.cpp.o[0m
[ 26%] [32mBuilding C object beluga-serial-lib/serial/CMakeFiles/serial.dir/src/core/C-API/serial_posix.c.o[0m
[ 33%] [32mBuilding CXX object beluga-serial-lib/serial/CMakeFiles/serial.dir/src/tools/core/sys_fs_linux.cpp.o[0m
[ 40%] [32mBuilding CXX object beluga-serial-lib/serial/CMakeFiles/serial.dir/src/tools/list_ports.cpp.o[0m
[ 46%] [32m[1mLinking CXX static library libserial.a[0m
[ 46%] Built target serial
[35m[1mConsolidate compiler generated dependencies of target beluga-serial[0m
[ 53%] [32mBuilding CXX object beluga-serial-lib/CMakeFiles/beluga-serial.dir/src/beluga_neighbor_list.cpp.o[0m
[ 60%] [32mBuilding CXX object beluga-serial-lib/CMakeFiles/beluga-serial.dir/src/beluga_frame.cpp.o[0m
[ 66%] [32mBuilding CXX object beluga-serial-lib/CMakeFiles/beluga-serial.dir/src/beluga_event.cpp.o[0m
[ 73%] [32mBuilding CXX object beluga-serial-lib/CMakeFiles/beluga-serial.dir/src/beluga_serial.cpp.o[0m
[ 80%] [32m[1mLinking CXX static library libbeluga-serial.a[0m
[ 80%] Built target beluga-serial
[35m[1mConsolidate compiler generated dependencies of target beluga[0m
[ 86%] [32mBuilding CXX object CMakeFiles/beluga.dir/src/beluga_main.cpp.o[0m
[ 93%] [32mBuilding CXX object CMakeFiles/beluga.dir/src/beluga.cpp.o[0m
[100%] [32m[1mLinking CXX executable beluga[0m
[100%] Built target beluga
-- Install configuration: ""
-- Up-to-date: /home/admi3ev/Beluga-Firmware-Mod/install/beluga/lib/cmake/daw-header-libraries/daw-header-librariesTargets.cmake
-- Up-to-date: /home/admi3ev/Beluga-Firmware-Mod/install/beluga/lib/cmake/daw-header-libraries/daw-header-librariesConfig.cmake
-- Up-to-date: /home/admi3ev/Beluga-Firmware-Mod/install/beluga/lib/cmake/daw-header-libraries/daw-header-librariesConfigVersion.cmake
-- Up-to-date: /home/admi3ev/Beluga-Firmware-Mod/install/beluga/include/daw
-- Up-to-date: /home/admi3ev/Beluga-Firmware-Mod/install/beluga/include/daw/daw_bit_stream.h
-- Up-to-date: /home/admi3ev/Beluga-Firmware-Mod/install/beluga/include/daw/daw_print_ostream.h
-- Up-to-date: /home/admi3ev/Beluga-Firmware-Mod/install/beluga/include/daw/daw_constant.h
-- Up-to-date: /home/admi3ev/Beluga-Firmware-Mod/install/beluga/include/daw/daw_unique_array.h
-- Up-to-date: /home/admi3ev/Beluga-Firmware-Mod/install/beluga/include/daw/daw_expected.h
-- Up-to-date: /home/admi3ev/Beluga-Firmware-Mod/install/beluga/include/daw/daw_sip_hash.h
-- Up-to-date: /home/admi3ev/Beluga-Firmware-Mod/install/beluga/include/daw/cpp_17_iterator.h
-- Up-to-date: /home/admi3ev/Beluga-Firmware-Mod/install/beluga/include/daw/daw_ring_adaptor.h
-- Up-to-date: /home/admi3ev/Beluga-Firmware-Mod/install/beluga/include/daw/iterator
-- Up-to-date: /home/admi3ev/Beluga-Firmware-Mod/install/beluga/include/daw/iterator/daw_find_iterator.h
-- Up-to-date: /home/admi3ev/Beluga-Firmware-Mod/install/beluga/include/daw/iterator/daw_repeat_n_char_iterator.h
-- Up-to-date: /home/admi3ev/Beluga-Firmware-Mod/install/beluga/include/daw/iterator/daw_integer_iterator.h
-- Up-to-date: /home/admi3ev/Beluga-Firmware-Mod/install/beluga/include/daw/iterator/daw_arrow_proxy.h
-- Up-to-date: /home/admi3ev/Beluga-Firmware-Mod/install/beluga/include/daw/iterator/daw_checked_iterator_proxy.h
-- Up-to-date: /home/admi3ev/Beluga-Firmware-Mod/install/beluga/include/daw/iterator/daw_inserter.h
-- Up-to-date: /home/admi3ev/Beluga-Firmware-Mod/install/beluga/include/daw/iterator/daw_chunk_iterator.h
-- Up-to-date: /home/admi3ev/Beluga-Firmware-Mod/install/beluga/include/daw/iterator/daw_function_iterator.h
-- Up-to-date: /home/admi3ev/Beluga-Firmware-Mod/install/beluga/include/daw/iterator/daw_iterator.h
-- Up-to-date: /home/admi3ev/Beluga-Firmware-Mod/install/beluga/include/daw/iterator/daw_split_iterator.h
-- Up-to-date: /home/admi3ev/Beluga-Firmware-Mod/install/beluga/include/daw/iterator/daw_find_one_iterator.h
-- Up-to-date: /home/admi3ev/Beluga-Firmware-Mod/install/beluga/include/daw/iterator/daw_zipiter.h
-- Up-to-date: /home/admi3ev/Beluga-Firmware-Mod/install/beluga/include/daw/iterator/daw_output_stream_iterator.h
-- Up-to-date: /home/admi3ev/Beluga-Firmware-Mod/install/beluga/include/daw/iterator/daw_circular_iterator.h
-- Up-to-date: /home/admi3ev/Beluga-Firmware-Mod/install/beluga/include/daw/iterator/daw_back_inserter.h
-- Up-to-date: /home/admi3ev/Beluga-Firmware-Mod/install/beluga/include/daw/iterator/daw_indexed_iterator.h
-- Up-to-date: /home/admi3ev/Beluga-Firmware-Mod/install/beluga/include/daw/iterator/daw_counting_iterators.h
-- Up-to-date: /home/admi3ev/Beluga-Firmware-Mod/install/beluga/include/daw/iterator/daw_bit_iterator.h
-- Up-to-date: /home/admi3ev/Beluga-Firmware-Mod/install/beluga/include/daw/iterator/daw_sorted_insert_iterator.h
-- Up-to-date: /home/admi3ev/Beluga-Firmware-Mod/install/beluga/include/daw/iterator/daw_argument_iterator.h
-- Up-to-date: /home/admi3ev/Beluga-Firmware-Mod/install/beluga/include/daw/iterator/daw_random_iterator.h
-- Up-to-date: /home/admi3ev/Beluga-Firmware-Mod/install/beluga/include/daw/iterator/daw_end_inserter.h
-- Up-to-date: /home/admi3ev/Beluga-Firmware-Mod/install/beluga/include/daw/iterator/InputIterator.h
-- Up-to-date: /home/admi3ev/Beluga-Firmware-Mod/install/beluga/include/daw/iterator/daw_iota_iterator.h
-- Up-to-date: /home/admi3ev/Beluga-Firmware-Mod/install/beluga/include/daw/iterator/daw_reverse_iterator.h
-- Up-to-date: /home/admi3ev/Beluga-Firmware-Mod/install/beluga/include/daw/iterator/impl
-- Up-to-date: /home/admi3ev/Beluga-Firmware-Mod/install/beluga/include/daw/iterator/impl/daw_find_iterator_impl.h
-- Up-to-date: /home/admi3ev/Beluga-Firmware-Mod/install/beluga/include/daw/iterator/daw_pointer_iterator.h
-- Up-to-date: /home/admi3ev/Beluga-Firmware-Mod/install/beluga/include/daw/daw_safe_pointer.h
-- Up-to-date: /home/admi3ev/Beluga-Firmware-Mod/install/beluga/include/daw/ciso646.h
-- Up-to-date: /home/admi3ev/Beluga-Firmware-Mod/install/beluga/include/daw/daw_read_file.h
-- Up-to-date: /home/admi3ev/Beluga-Firmware-Mod/install/beluga/include/daw/daw_bounded_vector.h
-- Up-to-date: /home/admi3ev/Beluga-Firmware-Mod/install/beluga/include/daw/daw_tuple_traits.h
-- Up-to-date: /home/admi3ev/Beluga-Firmware-Mod/install/beluga/include/daw/deprecated
-- Up-to-date: /home/admi3ev/Beluga-Firmware-Mod/install/beluga/include/daw/deprecated/daw_clumpy_sparsy.h
-- Up-to-date: /home/admi3ev/Beluga-Firmware-Mod/install/beluga/include/daw/deprecated/daw_bounded_hash_map.h
-- Up-to-date: /home/admi3ev/Beluga-Firmware-Mod/install/beluga/include/daw/deprecated/daw_range_collection.h
-- Up-to-date: /home/admi3ev/Beluga-Firmware-Mod/install/beluga/include/daw/deprecated/daw_poly_vector.h
-- Up-to-date: /home/admi3ev/Beluga-Firmware-Mod/install/beluga/include/daw/deprecated/daw_checked_expected.h
-- Up-to-date: /home/admi3ev/Beluga-Firmware-Mod/install/beluga/include/daw/deprecated/daw_cstring.h
-- Up-to-date: /home/admi3ev/Beluga-Firmware-Mod/install/beluga/include/daw/deprecated/daw_heap_value.h
-- Up-to-date: /home/admi3ev/Beluga-Firmware-Mod/install/beluga/include/daw/deprecated/daw_range.h
-- Up-to-date: /home/admi3ev/Beluga-Firmware-Mod/install/beluga/include/daw/deprecated/daw_string_view1_fwd.h
-- Up-to-date: /home/admi3ev/Beluga-Firmware-Mod/install/beluga/include/daw/deprecated/daw_range_reference.h
-- Up-to-date: /home/admi3ev/Beluga-Firmware-Mod/install/beluga/include/daw/deprecated/daw_string_view1.h
-- Up-to-date: /home/admi3ev/Beluga-Firmware-Mod/install/beluga/include/daw/deprecated/daw_vector.h
-- Up-to-date: /home/admi3ev/Beluga-Firmware-Mod/install/beluga/include/daw/deprecated/daw_range_type.h
-- Up-to-date: /home/admi3ev/Beluga-Firmware-Mod/install/beluga/include/daw/deprecated/daw_ordered_map.h
-- Up-to-date: /home/admi3ev/Beluga-Firmware-Mod/install/beluga/include/daw/deprecated/daw_common_mixins.h
-- Up-to-date: /home/admi3ev/Beluga-Firmware-Mod/install/beluga/include/daw/deprecated/daw_range_algorithm.h
-- Up-to-date: /home/admi3ev/Beluga-Firmware-Mod/install/beluga/include/daw/deprecated/daw_range_operators.h
-- Up-to-date: /home/admi3ev/Beluga-Firmware-Mod/install/beluga/include/daw/deprecated/daw_newhelper.h
-- Up-to-date: /home/admi3ev/Beluga-Firmware-Mod/install/beluga/include/daw/deprecated/daw_optional_poly.h
-- Up-to-date: /home/admi3ev/Beluga-Firmware-Mod/install/beluga/include/daw/deprecated/daw_range_parallel_operators.h
-- Up-to-date: /home/admi3ev/Beluga-Firmware-Mod/install/beluga/include/daw/deprecated/daw_bounded_hash_set.h
-- Up-to-date: /home/admi3ev/Beluga-Firmware-Mod/install/beluga/include/daw/deprecated/daw_string_fmt.h
-- Up-to-date: /home/admi3ev/Beluga-Firmware-Mod/install/beluga/include/daw/deprecated/daw_hash_table.h
-- Up-to-date: /home/admi3ev/Beluga-Firmware-Mod/install/beluga/include/daw/deprecated/daw_bounded_string.h
-- Up-to-date: /home/admi3ev/Beluga-Firmware-Mod/install/beluga/include/daw/deprecated/daw_cfile.h
-- Up-to-date: /home/admi3ev/Beluga-Firmware-Mod/install/beluga/include/daw/deprecated/daw_range_common.h
-- Up-to-date: /home/admi3ev/Beluga-Firmware-Mod/install/beluga/include/daw/deprecated/daw_carray.h
-- Up-to-date: /home/admi3ev/Beluga-Firmware-Mod/install/beluga/include/daw/deprecated/daw_string.h
-- Up-to-date: /home/admi3ev/Beluga-Firmware-Mod/install/beluga/include/daw/deprecated/daw_stack_quick_sort.h
-- Up-to-date: /home/admi3ev/Beluga-Firmware-Mod/install/beluga/include/daw/deprecated/daw_fixed_lookup.h
-- Up-to-date: /home/admi3ev/Beluga-Firmware-Mod/install/beluga/include/daw/deprecated/daw_copiable_unique_ptr.h
-- Up-to-date: /home/admi3ev/Beluga-Firmware-Mod/install/beluga/include/daw/deprecated/daw_safe_string.h
-- Up-to-date: /home/admi3ev/Beluga-Firmware-Mod/install/beluga/include/daw/deprecated/daw_fixed_array.h
-- Up-to-date: /home/admi3ev/Beluga-Firmware-Mod/install/beluga/include/daw/deprecated/daw_bounded_graph.h
-- Up-to-date: /home/admi3ev/Beluga-Firmware-Mod/install/beluga/include/daw/deprecated/not_null.h
-- Up-to-date: /home/admi3ev/Beluga-Firmware-Mod/install/beluga/include/daw/deprecated/daw_heap_array.h
-- Up-to-date: /home/admi3ev/Beluga-Firmware-Mod/install/beluga/include/daw/deprecated/daw_string_split_range.h
-- Up-to-date: /home/admi3ev/Beluga-Firmware-Mod/install/beluga/include/daw/daw_arith_traits.h
-- Up-to-date: /home/admi3ev/Beluga-Firmware-Mod/install/beluga/include/daw/daw_cpp20_concept.h
-- Up-to-date: /home/admi3ev/Beluga-Firmware-Mod/install/beluga/include/daw/daw_swap.h
-- Up-to-date: /home/admi3ev/Beluga-Firmware-Mod/install/beluga/include/daw/daw_construct_a.h
-- Up-to-date: /home/admi3ev/Beluga-Firmware-Mod/install/beluga/include/daw/daw_keep_n.h
-- Up-to-date: /home/admi3ev/Beluga-Firmware-Mod/install/beluga/include/daw/daw_is_detected.h
-- Up-to-date: /home/admi3ev/Beluga-Firmware-Mod/install/beluga/include/daw/daw_concepts.h
-- Up-to-date: /home/admi3ev/Beluga-Firmware-Mod/install/beluga/include/daw/daw_piecewise_factory.h
-- Up-to-date: /home/admi3ev/Beluga-Firmware-Mod/install/beluga/include/daw/daw_format_range.h
-- Up-to-date: /home/admi3ev/Beluga-Firmware-Mod/install/beluga/include/daw/daw_mutable_capture.h
-- Up-to-date: /home/admi3ev/Beluga-Firmware-Mod/install/beluga/include/daw/daw_tracked_allocator.h
-- Up-to-date: /home/admi3ev/Beluga-Firmware-Mod/install/beluga/include/daw/daw_value_ptr.h
-- Up-to-date: /home/admi3ev/Beluga-Firmware-Mod/install/beluga/include/daw/daw_shared_function.h
-- Up-to-date: /home/admi3ev/Beluga-Firmware-Mod/install/beluga/include/daw/daw_enable_if.h
-- Up-to-date: /home/admi3ev/Beluga-Firmware-Mod/install/beluga/include/daw/daw_bit_count.h
-- Up-to-date: /home/admi3ev/Beluga-Firmware-Mod/install/beluga/include/daw/daw_construct_at.h
-- Up-to-date: /home/admi3ev/Beluga-Firmware-Mod/install/beluga/include/daw/daw_restrict.h
-- Up-to-date: /home/admi3ev/Beluga-Firmware-Mod/install/beluga/include/daw/vector.h
-- Up-to-date: /home/admi3ev/Beluga-Firmware-Mod/install/beluga/include/daw/daw_alias_cast.h
-- Up-to-date: /home/admi3ev/Beluga-Firmware-Mod/install/beluga/include/daw/daw_sbo.h
-- Up-to-date: /home/admi3ev/Beluga-Firmware-Mod/install/beluga/include/daw/daw_string_concat.h
-- Up-to-date: /home/admi3ev/Beluga-Firmware-Mod/install/beluga/include/daw/daw_ignored.h
-- Up-to-date: /home/admi3ev/Beluga-Firmware-Mod/install/beluga/include/daw/daw_tuple2.h
-- Up-to-date: /home/admi3ev/Beluga-Firmware-Mod/install/beluga/include/daw/daw_dependent_false.h
-- Up-to-date: /home/admi3ev/Beluga-Firmware-Mod/install/beluga/include/daw/daw_string_view_fwd.h
-- Up-to-date: /home/admi3ev/Beluga-Firmware-Mod/install/beluga/include/daw/daw_pipelines.h
-- Up-to-date: /home/admi3ev/Beluga-Firmware-Mod/install/beluga/include/daw/daw_function_traits.h
-- Up-to-date: /home/admi3ev/Beluga-Firmware-Mod/install/beluga/include/daw/daw_sort_n.h
-- Up-to-date: /home/admi3ev/Beluga-Firmware-Mod/install/beluga/include/daw/daw_overload.h
-- Up-to-date: /home/admi3ev/Beluga-Firmware-Mod/install/beluga/include/daw/daw_is_any_of.h
-- Up-to-date: /home/admi3ev/Beluga-Firmware-Mod/install/beluga/include/daw/daw_optional.h
-- Up-to-date: /home/admi3ev/Beluga-Firmware-Mod/install/beluga/include/daw/daw_do_n.h
-- Up-to-date: /home/admi3ev/Beluga-Firmware-Mod/install/beluga/include/daw/daw_function_table.h
-- Up-to-date: /home/admi3ev/Beluga-Firmware-Mod/install/beluga/include/daw/daw_virtual_base.h
-- Up-to-date: /home/admi3ev/Beluga-Firmware-Mod/install/beluga/include/daw/daw_undefined.h
-- Up-to-date: /home/admi3ev/Beluga-Firmware-Mod/install/beluga/include/daw/daw_enable_requires.h
-- Up-to-date: /home/admi3ev/Beluga-Firmware-Mod/install/beluga/include/daw/daw_heap_value.h
-- Up-to-date: /home/admi3ev/Beluga-Firmware-Mod/install/beluga/include/daw/daw_tuple.h
-- Up-to-date: /home/admi3ev/Beluga-Firmware-Mod/install/beluga/include/daw/daw_observer_ptr.h
-- Up-to-date: /home/admi3ev/Beluga-Firmware-Mod/install/beluga/include/daw/daw_forward_lvalue.h
-- Up-to-date: /home/admi3ev/Beluga-Firmware-Mod/install/beluga/include/daw/daw_not_null.h
-- Up-to-date: /home/admi3ev/Beluga-Firmware-Mod/install/beluga/include/daw/daw_rw_ref.h
-- Up-to-date: /home/admi3ev/Beluga-Firmware-Mod/install/beluga/include/daw/daw_unused.h
-- Up-to-date: /home/admi3ev/Beluga-Firmware-Mod/install/beluga/include/daw/format.h
-- Up-to-date: /home/admi3ev/Beluga-Firmware-Mod/install/beluga/include/daw/daw_identity_function.h
-- Up-to-date: /home/admi3ev/Beluga-Firmware-Mod/install/beluga/include/daw/daw_cpp_feature_check.h
-- Up-to-date: /home/admi3ev/Beluga-Firmware-Mod/install/beluga/include/daw/daw_exception.h
-- Up-to-date: /home/admi3ev/Beluga-Firmware-Mod/install/beluga/include/daw/daw_named_params.h
-- Up-to-date: /home/admi3ev/Beluga-Firmware-Mod/install/beluga/include/daw/daw_bit_cast.h
-- Up-to-date: /home/admi3ev/Beluga-Firmware-Mod/install/beluga/include/daw/daw_cx_offset_of.h
-- Up-to-date: /home/admi3ev/Beluga-Firmware-Mod/install/beluga/include/daw/daw_formatters.h
-- Up-to-date: /home/admi3ev/Beluga-Firmware-Mod/install/beluga/include/daw/daw_container_traits.h
-- Up-to-date: /home/admi3ev/Beluga-Firmware-Mod/install/beluga/include/daw/daw_contract.h
-- Up-to-date: /home/admi3ev/Beluga-Firmware-Mod/install/beluga/include/daw/daw_lift.h
-- Up-to-date: /home/admi3ev/Beluga-Firmware-Mod/install/beluga/include/daw/daw_reference.h
-- Up-to-date: /home/admi3ev/Beluga-Firmware-Mod/install/beluga/include/daw/algorithms
-- Up-to-date: /home/admi3ev/Beluga-Firmware-Mod/install/beluga/include/daw/algorithms/daw_algorithm_accumulate.h
-- Up-to-date: /home/admi3ev/Beluga-Firmware-Mod/install/beluga/include/daw/algorithms/daw_algorithm_adjacent_find.h
-- Up-to-date: /home/admi3ev/Beluga-Firmware-Mod/install/beluga/include/daw/algorithms/daw_algorithm_partial_sum.h
-- Up-to-date: /home/admi3ev/Beluga-Firmware-Mod/install/beluga/include/daw/algorithms/daw_enumerate_tuple.h
-- Up-to-date: /home/admi3ev/Beluga-Firmware-Mod/install/beluga/include/daw/algorithms/daw_algorithm_find_transform.h
-- Up-to-date: /home/admi3ev/Beluga-Firmware-Mod/install/beluga/include/daw/algorithms/daw_algorithm_find.h
-- Up-to-date: /home/admi3ev/Beluga-Firmware-Mod/install/beluga/include/daw/algorithms/daw_array_compare.h
-- Up-to-date: /home/admi3ev/Beluga-Firmware-Mod/install/beluga/include/daw/algorithms/daw_algorithm_copy_n.h
-- Up-to-date: /home/admi3ev/Beluga-Firmware-Mod/install/beluga/include/daw/algorithms/daw_algorithm_copy.h
-- Up-to-date: /home/admi3ev/Beluga-Firmware-Mod/install/beluga/include/daw/daw_uint_buffer.h
-- Up-to-date: /home/admi3ev/Beluga-Firmware-Mod/install/beluga/include/daw/daw_bind_args_at.h
-- Up-to-date: /home/admi3ev/Beluga-Firmware-Mod/install/beluga/include/daw/daw_move.h
-- Up-to-date: /home/admi3ev/Beluga-Firmware-Mod/install/beluga/include/daw/daw_maybe_unique_ptr.h
-- Up-to-date: /home/admi3ev/Beluga-Firmware-Mod/install/beluga/include/daw/daw_atomic_wait.h
-- Up-to-date: /home/admi3ev/Beluga-Firmware-Mod/install/beluga/include/daw/daw_remove_cvref.h
-- Up-to-date: /home/admi3ev/Beluga-Firmware-Mod/install/beluga/include/daw/daw_constinit.h
-- Up-to-date: /home/admi3ev/Beluga-Firmware-Mod/install/beluga/include/daw/daw_fnv1a_hash.h
-- Up-to-date: /home/admi3ev/Beluga-Firmware-Mod/install/beluga/include/daw/daw_unique_ptr.h
-- Up-to-date: /home/admi3ev/Beluga-Firmware-Mod/install/beluga/include/daw/daw_iter_view.h
-- Up-to-date: /home/admi3ev/Beluga-Firmware-Mod/install/beluga/include/daw/daw_typeof.h
-- Up-to-date: /home/admi3ev/Beluga-Firmware-Mod/install/beluga/include/daw/daw_string_view2.h
-- Up-to-date: /home/admi3ev/Beluga-Firmware-Mod/install/beluga/include/daw/daw_unreachable.h
-- Up-to-date: /home/admi3ev/Beluga-Firmware-Mod/install/beluga/include/daw/split_buffer.h
-- Up-to-date: /home/admi3ev/Beluga-Firmware-Mod/install/beluga/include/daw/daw_parser_addons.h
-- Up-to-date: /home/admi3ev/Beluga-Firmware-Mod/install/beluga/include/daw/daw_use_default.h
-- Up-to-date: /home/admi3ev/Beluga-Firmware-Mod/install/beluga/include/daw/daw_function_ref.h
-- Up-to-date: /home/admi3ev/Beluga-Firmware-Mod/install/beluga/include/daw/daw_bounded_array.h
-- Up-to-date: /home/admi3ev/Beluga-Firmware-Mod/install/beluga/include/daw/daw_from_string.h
-- Up-to-date: /home/admi3ev/Beluga-Firmware-Mod/install/beluga/include/daw/daw_endian.h
-- Up-to-date: /home/admi3ev/Beluga-Firmware-Mod/install/beluga/include/daw/daw_nth_pack_element.h
-- Up-to-date: /home/admi3ev/Beluga-Firmware-Mod/install/beluga/include/daw/daw_fwd_pack_apply.h
-- Up-to-date: /home/admi3ev/Beluga-Firmware-Mod/install/beluga/include/daw/daw_span_writer.h
-- Up-to-date: /home/admi3ev/Beluga-Firmware-Mod/install/beluga/include/daw/daw_traits.h
-- Up-to-date: /home/admi3ev/Beluga-Firmware-Mod/install/beluga/include/daw/cpp_20.h
-- Up-to-date: /home/admi3ev/Beluga-Firmware-Mod/install/beluga/include/daw/daw_hash_set.h
-- Up-to-date: /home/admi3ev/Beluga-Firmware-Mod/install/beluga/include/daw/daw_hide.h
-- Up-to-date: /home/admi3ev/Beluga-Firmware-Mod/install/beluga/include/daw/daw_string_view_version.h
-- Up-to-date: /home/admi3ev/Beluga-Firmware-Mod/install/beluga/include/daw/daw_take.h
-- Up-to-date: /home/admi3ev/Beluga-Firmware-Mod/install/beluga/include/daw/daw_apply.h
-- Up-to-date: /home/admi3ev/Beluga-Firmware-Mod/install/beluga/include/daw/daw_any_if.h
-- Up-to-date: /home/admi3ev/Beluga-Firmware-Mod/install/beluga/include/daw/daw_uint_types.h
-- Up-to-date: /home/admi3ev/Beluga-Firmware-Mod/install/beluga/include/daw/daw_unique_resource.h
-- Up-to-date: /home/admi3ev/Beluga-Firmware-Mod/install/beluga/include/daw/daw_move_only_base.h
-- Up-to-date: /home/admi3ev/Beluga-Firmware-Mod/install/beluga/include/daw/daw_generic_hash.h
-- Up-to-date: /home/admi3ev/Beluga-Firmware-Mod/install/beluga/include/daw/daw_validated.h
-- Up-to-date: /home/admi3ev/Beluga-Firmware-Mod/install/beluga/include/daw/daw_math.h
-- Up-to-date: /home/admi3ev/Beluga-Firmware-Mod/install/beluga/include/daw/daw_poly_value.h
-- Up-to-date: /home/admi3ev/Beluga-Firmware-Mod/install/beluga/include/daw/daw_bit_cast_util.h
-- Up-to-date: /home/admi3ev/Beluga-Firmware-Mod/install/beluga/include/daw/daw_compiler_fixups.h
-- Up-to-date: /home/admi3ev/Beluga-Firmware-Mod/install/beluga/include/daw/daw_parser_helper_sv.h
-- Up-to-date: /home/admi3ev/Beluga-Firmware-Mod/install/beluga/include/daw/daw_do_not_optimize.h
-- Up-to-date: /home/admi3ev/Beluga-Firmware-Mod/install/beluga/include/daw/daw_character_traits.h
-- Up-to-date: /home/admi3ev/Beluga-Firmware-Mod/install/beluga/include/daw/daw_exchange.h
-- Up-to-date: /home/admi3ev/Beluga-Firmware-Mod/install/beluga/include/daw/daw_natural.h
-- Up-to-date: /home/admi3ev/Beluga-Firmware-Mod/install/beluga/include/daw/daw_int_cmp.h
-- Up-to-date: /home/admi3ev/Beluga-Firmware-Mod/install/beluga/include/daw/daw_parser_helper.h
-- Up-to-date: /home/admi3ev/Beluga-Firmware-Mod/install/beluga/include/daw/daw_utility.h
-- Up-to-date: /home/admi3ev/Beluga-Firmware-Mod/install/beluga/include/daw/daw_logic.h
-- Up-to-date: /home/admi3ev/Beluga-Firmware-Mod/install/beluga/include/daw/daw_graph_algorithm.h
-- Up-to-date: /home/admi3ev/Beluga-Firmware-Mod/install/beluga/include/daw/daw_visit.h
-- Up-to-date: /home/admi3ev/Beluga-Firmware-Mod/install/beluga/include/daw/daw_container_help.h
-- Up-to-date: /home/admi3ev/Beluga-Firmware-Mod/install/beluga/include/daw/daw_integer_reverse.h
-- Up-to-date: /home/admi3ev/Beluga-Firmware-Mod/install/beluga/include/daw/daw_scope_guard.h
-- Up-to-date: /home/admi3ev/Beluga-Firmware-Mod/install/beluga/include/daw/daw_operators.h
-- Up-to-date: /home/admi3ev/Beluga-Firmware-Mod/install/beluga/include/daw/daw_bit_queues.h
-- Up-to-date: /home/admi3ev/Beluga-Firmware-Mod/install/beluga/include/daw/daw_cx_atomic.h
-- Up-to-date: /home/admi3ev/Beluga-Firmware-Mod/install/beluga/include/daw/daw_metro_hash.h
-- Up-to-date: /home/admi3ev/Beluga-Firmware-Mod/install/beluga/include/daw/daw_graph.h
-- Up-to-date: /home/admi3ev/Beluga-Firmware-Mod/install/beluga/include/daw/daw_uint_buffer_ios.h
-- Up-to-date: /home/admi3ev/Beluga-Firmware-Mod/install/beluga/include/daw/daw_format_tuple.h
-- Up-to-date: /home/admi3ev/Beluga-Firmware-Mod/install/beluga/include/daw/daw_data_end.h
-- Up-to-date: /home/admi3ev/Beluga-Firmware-Mod/install/beluga/include/daw/daw_likely.h
-- Up-to-date: /home/admi3ev/Beluga-Firmware-Mod/install/beluga/include/daw/daw_move_only.h
-- Up-to-date: /home/admi3ev/Beluga-Firmware-Mod/install/beluga/include/daw/daw_empty.h
-- Up-to-date: /home/admi3ev/Beluga-Firmware-Mod/install/beluga/include/daw/daw_parse_args.h
-- Up-to-date: /home/admi3ev/Beluga-Firmware-Mod/install/beluga/include/daw/daw_ordering_to_integer.h
-- Up-to-date: /home/admi3ev/Beluga-Firmware-Mod/install/beluga/include/daw/daw_forward_like.h
-- Up-to-date: /home/admi3ev/Beluga-Firmware-Mod/install/beluga/include/daw/daw_visit_as.h
-- Up-to-date: /home/admi3ev/Beluga-Firmware-Mod/install/beluga/include/daw/daw_variant_cast.h
-- Up-to-date: /home/admi3ev/Beluga-Firmware-Mod/install/beluga/include/daw/daw_function.h
-- Up-to-date: /home/admi3ev/Beluga-Firmware-Mod/install/beluga/include/daw/vector_algorithm.h
-- Up-to-date: /home/admi3ev/Beluga-Firmware-Mod/install/beluga/include/daw/daw_ref_counted_pointer.h
-- Up-to-date: /home/admi3ev/Beluga-Firmware-Mod/install/beluga/include/daw/daw_poly_var.h
-- Up-to-date: /home/admi3ev/Beluga-Firmware-Mod/install/beluga/include/daw/traits
-- Up-to-date: /home/admi3ev/Beluga-Firmware-Mod/install/beluga/include/daw/traits/daw_traits_is_a_type.h
-- Up-to-date: /home/admi3ev/Beluga-Firmware-Mod/install/beluga/include/daw/traits/daw_traits_is_ostream_like.h
-- Up-to-date: /home/admi3ev/Beluga-Firmware-Mod/install/beluga/include/daw/traits/daw_traits_remove_cvref.h
-- Up-to-date: /home/admi3ev/Beluga-Firmware-Mod/install/beluga/include/daw/traits/daw_traits_is_rvalue_reference.h
-- Up-to-date: /home/admi3ev/Beluga-Firmware-Mod/install/beluga/include/daw/traits/daw_traits_conditional.h
-- Up-to-date: /home/admi3ev/Beluga-Firmware-Mod/install/beluga/include/daw/traits/daw_remove_array_ref.h
-- Up-to-date: /home/admi3ev/Beluga-Firmware-Mod/install/beluga/include/daw/traits/daw_traits_first_type.h
-- Up-to-date: /home/admi3ev/Beluga-Firmware-Mod/install/beluga/include/daw/traits/daw_copy_cvref_t.h
-- Up-to-date: /home/admi3ev/Beluga-Firmware-Mod/install/beluga/include/daw/traits/daw_traits_integer_type.h
-- Up-to-date: /home/admi3ev/Beluga-Firmware-Mod/install/beluga/include/daw/traits/daw_traits_pack_list.h
-- Up-to-date: /home/admi3ev/Beluga-Firmware-Mod/install/beluga/include/daw/traits/daw_traits_is_one_of.h
-- Up-to-date: /home/admi3ev/Beluga-Firmware-Mod/install/beluga/include/daw/traits/daw_traits_nth_element.h
-- Up-to-date: /home/admi3ev/Beluga-Firmware-Mod/install/beluga/include/daw/traits/daw_traits_identity.h
-- Up-to-date: /home/admi3ev/Beluga-Firmware-Mod/install/beluga/include/daw/traits/daw_formatter.h
-- Up-to-date: /home/admi3ev/Beluga-Firmware-Mod/install/beluga/include/daw/traits/daw_traits_is_same.h
-- Up-to-date: /home/admi3ev/Beluga-Firmware-Mod/install/beluga/include/daw/traits/daw_traits_is_const.h
-- Up-to-date: /home/admi3ev/Beluga-Firmware-Mod/install/beluga/include/daw/traits/daw_traits_concepts.h
-- Up-to-date: /home/admi3ev/Beluga-Firmware-Mod/install/beluga/include/daw/cpp_17.h
-- Up-to-date: /home/admi3ev/Beluga-Firmware-Mod/install/beluga/include/daw/daw_aligned_storage.h
-- Up-to-date: /home/admi3ev/Beluga-Firmware-Mod/install/beluga/include/daw/daw_span.h
-- Up-to-date: /home/admi3ev/Beluga-Firmware-Mod/install/beluga/include/daw/daw_allow_once.h
-- Up-to-date: /home/admi3ev/Beluga-Firmware-Mod/install/beluga/include/daw/daw_prop_const_ptr.h
-- Up-to-date: /home/admi3ev/Beluga-Firmware-Mod/install/beluga/include/daw/wrap_iter.h
-- Up-to-date: /home/admi3ev/Beluga-Firmware-Mod/install/beluga/include/daw/daw_view.h
-- Up-to-date: /home/admi3ev/Beluga-Firmware-Mod/install/beluga/include/daw/daw_array.h
-- Up-to-date: /home/admi3ev/Beluga-Firmware-Mod/install/beluga/include/daw/stdinc
-- Up-to-date: /home/admi3ev/Beluga-Firmware-Mod/install/beluga/include/daw/stdinc/iterator_traits.h
-- Up-to-date: /home/admi3ev/Beluga-Firmware-Mod/install/beluga/include/daw/stdinc/compare_fn.h
-- Up-to-date: /home/admi3ev/Beluga-Firmware-Mod/install/beluga/include/daw/stdinc/reverse_iterator.h
-- Up-to-date: /home/admi3ev/Beluga-Firmware-Mod/install/beluga/include/daw/stdinc/hash.h
-- Up-to-date: /home/admi3ev/Beluga-Firmware-Mod/install/beluga/include/daw/stdinc/integer_sequence.h
-- Up-to-date: /home/admi3ev/Beluga-Firmware-Mod/install/beluga/include/daw/stdinc/declval.h
-- Up-to-date: /home/admi3ev/Beluga-Firmware-Mod/install/beluga/include/daw/stdinc/move_fwd_exch.h
-- Up-to-date: /home/admi3ev/Beluga-Firmware-Mod/install/beluga/include/daw/stdinc/readme.md
-- Up-to-date: /home/admi3ev/Beluga-Firmware-Mod/install/beluga/include/daw/stdinc/reference_wrapper.h
-- Up-to-date: /home/admi3ev/Beluga-Firmware-Mod/install/beluga/include/daw/stdinc/integral_constant.h
-- Up-to-date: /home/admi3ev/Beluga-Firmware-Mod/install/beluga/include/daw/stdinc/is_convertible.h
-- Up-to-date: /home/admi3ev/Beluga-Firmware-Mod/install/beluga/include/daw/stdinc/enable_if.h
-- Up-to-date: /home/admi3ev/Beluga-Firmware-Mod/install/beluga/include/daw/stdinc/in_place.h
-- Up-to-date: /home/admi3ev/Beluga-Firmware-Mod/install/beluga/include/daw/stdinc/min_and_max.h
-- Up-to-date: /home/admi3ev/Beluga-Firmware-Mod/install/beluga/include/daw/stdinc/data_access.h
-- Up-to-date: /home/admi3ev/Beluga-Firmware-Mod/install/beluga/include/daw/stdinc/tuple_traits.h
-- Up-to-date: /home/admi3ev/Beluga-Firmware-Mod/install/beluga/include/daw/stdinc/range_access.h
-- Up-to-date: /home/admi3ev/Beluga-Firmware-Mod/install/beluga/include/daw/stdinc/void_t.h
-- Up-to-date: /home/admi3ev/Beluga-Firmware-Mod/install/beluga/include/daw/stdinc/remove_cvref.h
-- Up-to-date: /home/admi3ev/Beluga-Firmware-Mod/install/beluga/include/daw/daw_algorithm.h
-- Up-to-date: /home/admi3ev/Beluga-Firmware-Mod/install/beluga/include/daw/daw_benchmark.h
-- Up-to-date: /home/admi3ev/Beluga-Firmware-Mod/install/beluga/include/daw/daw_print.h
-- Up-to-date: /home/admi3ev/Beluga-Firmware-Mod/install/beluga/include/daw/daw_parse_to.h
-- Up-to-date: /home/admi3ev/Beluga-Firmware-Mod/install/beluga/include/daw/daw_memory_mapped_file.h
-- Up-to-date: /home/admi3ev/Beluga-Firmware-Mod/install/beluga/include/daw/daw_uninitialized_storage.h
-- Up-to-date: /home/admi3ev/Beluga-Firmware-Mod/install/beluga/include/daw/daw_pack_element.h
-- Up-to-date: /home/admi3ev/Beluga-Firmware-Mod/install/beluga/include/daw/daw_read_only.h
-- Up-to-date: /home/admi3ev/Beluga-Firmware-Mod/install/beluga/include/daw/daw_random.h
-- Up-to-date: /home/admi3ev/Beluga-Firmware-Mod/install/beluga/include/daw/daw_cxmath.h
-- Up-to-date: /home/admi3ev/Beluga-Firmware-Mod/install/beluga/include/daw/daw_min_perfect_hash.h
-- Up-to-date: /home/admi3ev/Beluga-Firmware-Mod/install/beluga/include/daw/daw_size_literals.h
-- Up-to-date: /home/admi3ev/Beluga-Firmware-Mod/install/beluga/include/daw/daw_container_algorithm.h
-- Up-to-date: /home/admi3ev/Beluga-Firmware-Mod/install/beluga/include/daw/daw_stack_function.h
-- Up-to-date: /home/admi3ev/Beluga-Firmware-Mod/install/beluga/include/daw/daw_string_view.h
-- Up-to-date: /home/admi3ev/Beluga-Firmware-Mod/install/beluga/include/daw/daw_deduced_type.h
-- Up-to-date: /home/admi3ev/Beluga-Firmware-Mod/install/beluga/include/daw/daw_attributes.h
-- Up-to-date: /home/admi3ev/Beluga-Firmware-Mod/install/beluga/include/daw/daw_bitset.h
-- Up-to-date: /home/admi3ev/Beluga-Firmware-Mod/install/beluga/include/daw/daw_to_underlying_type.h
-- Up-to-date: /home/admi3ev/Beluga-Firmware-Mod/install/beluga/include/daw/daw_static_bitset.h
-- Up-to-date: /home/admi3ev/Beluga-Firmware-Mod/install/beluga/include/daw/daw_consteval.h
-- Up-to-date: /home/admi3ev/Beluga-Firmware-Mod/install/beluga/include/daw/daw_ensure.h
-- Up-to-date: /home/admi3ev/Beluga-Firmware-Mod/install/beluga/include/daw/daw_can_constant_evaluate.h
-- Up-to-date: /home/admi3ev/Beluga-Firmware-Mod/install/beluga/include/daw/daw_simple_array.h
-- Up-to-date: /home/admi3ev/Beluga-Firmware-Mod/install/beluga/include/daw/daw_contiguous_view.h
-- Up-to-date: /home/admi3ev/Beluga-Firmware-Mod/install/beluga/include/daw/daw_describe.h
-- Up-to-date: /home/admi3ev/Beluga-Firmware-Mod/install/beluga/include/daw/daw_is_constant_evaluated.h
-- Up-to-date: /home/admi3ev/Beluga-Firmware-Mod/install/beluga/include/daw/daw_always_false.h
-- Up-to-date: /home/admi3ev/Beluga-Firmware-Mod/install/beluga/include/daw/daw_zipcontainer.h
-- Up-to-date: /home/admi3ev/Beluga-Firmware-Mod/install/beluga/include/daw/static_hash_table.h
-- Up-to-date: /home/admi3ev/Beluga-Firmware-Mod/install/beluga/include/daw/daw_countable_resource.h
-- Up-to-date: /home/admi3ev/Beluga-Firmware-Mod/install/beluga/include/daw/daw_iterator_traits.h
-- Up-to-date: /home/admi3ev/Beluga-Firmware-Mod/install/beluga/include/daw/daw_bind_front.h
-- Up-to-date: /home/admi3ev/Beluga-Firmware-Mod/install/beluga/include/daw/daw_monadic_pointer_ops.h
-- Up-to-date: /home/admi3ev/Beluga-Firmware-Mod/install/beluga/include/daw/daw_tuple_helper.h
-- Installing: /home/admi3ev/Beluga-Firmware-Mod/install/beluga/include/daw/daw_tuple_forward.h
-- Up-to-date: /home/admi3ev/Beluga-Firmware-Mod/install/beluga/include/daw/daw_callable.h
-- Up-to-date: /home/admi3ev/Beluga-Firmware-Mod/install/beluga/include/daw/daw_ascii.h
-- Up-to-date: /home/admi3ev/Beluga-Firmware-Mod/install/beluga/include/daw/daw_bit.h
-- Up-to-date: /home/admi3ev/Beluga-Firmware-Mod/install/beluga/include/daw/pipelines
-- Up-to-date: /home/admi3ev/Beluga-Firmware-Mod/install/beluga/include/daw/pipelines/slide.h
-- Up-to-date: /home/admi3ev/Beluga-Firmware-Mod/install/beluga/include/daw/pipelines/pipeline.h
-- Up-to-date: /home/admi3ev/Beluga-Firmware-Mod/install/beluga/include/daw/pipelines/range_base.h
-- Up-to-date: /home/admi3ev/Beluga-Firmware-Mod/install/beluga/include/daw/pipelines/flatten.h
-- Up-to-date: /home/admi3ev/Beluga-Firmware-Mod/install/beluga/include/daw/pipelines/iota.h
-- Up-to-date: /home/admi3ev/Beluga-Firmware-Mod/install/beluga/include/daw/pipelines/find.h
-- Up-to-date: /home/admi3ev/Beluga-Firmware-Mod/install/beluga/include/daw/pipelines/zip.h
-- Up-to-date: /home/admi3ev/Beluga-Firmware-Mod/install/beluga/include/daw/pipelines/every.h
-- Up-to-date: /home/admi3ev/Beluga-Firmware-Mod/install/beluga/include/daw/pipelines/sized_iterator.h
-- Up-to-date: /home/admi3ev/Beluga-Firmware-Mod/install/beluga/include/daw/pipelines/generate.h
-- Up-to-date: /home/admi3ev/Beluga-Firmware-Mod/install/beluga/include/daw/pipelines/print.h
-- Up-to-date: /home/admi3ev/Beluga-Firmware-Mod/install/beluga/include/daw/pipelines/algorithm.h
-- Up-to-date: /home/admi3ev/Beluga-Firmware-Mod/install/beluga/include/daw/pipelines/concat.h
-- Up-to-date: /home/admi3ev/Beluga-Firmware-Mod/install/beluga/include/daw/pipelines/sample.h
-- Up-to-date: /home/admi3ev/Beluga-Firmware-Mod/install/beluga/include/daw/pipelines/take.h
-- Up-to-date: /home/admi3ev/Beluga-Firmware-Mod/install/beluga/include/daw/pipelines/unique.h
-- Up-to-date: /home/admi3ev/Beluga-Firmware-Mod/install/beluga/include/daw/pipelines/reverse.h
-- Up-to-date: /home/admi3ev/Beluga-Firmware-Mod/install/beluga/include/daw/pipelines/drop.h
-- Up-to-date: /home/admi3ev/Beluga-Firmware-Mod/install/beluga/include/daw/pipelines/pipeline_traits.h
-- Up-to-date: /home/admi3ev/Beluga-Firmware-Mod/install/beluga/include/daw/pipelines/chunk.h
-- Up-to-date: /home/admi3ev/Beluga-Firmware-Mod/install/beluga/include/daw/pipelines/first.h
-- Up-to-date: /home/admi3ev/Beluga-Firmware-Mod/install/beluga/include/daw/pipelines/maybe.h
-- Up-to-date: /home/admi3ev/Beluga-Firmware-Mod/install/beluga/include/daw/pipelines/split.h
-- Up-to-date: /home/admi3ev/Beluga-Firmware-Mod/install/beluga/include/daw/pipelines/enumerate.h
-- Up-to-date: /home/admi3ev/Beluga-Firmware-Mod/install/beluga/include/daw/pipelines/numeric.h
-- Up-to-date: /home/admi3ev/Beluga-Firmware-Mod/install/beluga/include/daw/pipelines/copy.h
-- Up-to-date: /home/admi3ev/Beluga-Firmware-Mod/install/beluga/include/daw/pipelines/elements.h
-- Up-to-date: /home/admi3ev/Beluga-Firmware-Mod/install/beluga/include/daw/pipelines/filter.h
-- Up-to-date: /home/admi3ev/Beluga-Firmware-Mod/install/beluga/include/daw/pipelines/swizzle.h
-- Up-to-date: /home/admi3ev/Beluga-Firmware-Mod/install/beluga/include/daw/pipelines/range.h
-- Up-to-date: /home/admi3ev/Beluga-Firmware-Mod/install/beluga/include/daw/pipelines/skip.h
-- Up-to-date: /home/admi3ev/Beluga-Firmware-Mod/install/beluga/include/daw/pipelines/map.h
-- Up-to-date: /home/admi3ev/Beluga-Firmware-Mod/install/beluga/include/daw/pipelines/cache_last_view.h
-- Up-to-date: /home/admi3ev/Beluga-Firmware-Mod/install/beluga/include/daw/pipelines/foreach.h
-- Up-to-date: /home/admi3ev/Beluga-Firmware-Mod/install/beluga/include/daw/pipelines/predicates.h
-- Up-to-date: /home/admi3ev/Beluga-Firmware-Mod/install/beluga/include/daw/pipelines/to.h
-- Up-to-date: /home/admi3ev/Beluga-Firmware-Mod/install/beluga/include/daw/daw_check_exceptions.h
-- Up-to-date: /home/admi3ev/Beluga-Firmware-Mod/install/beluga/include/daw/daw_union_pair.h
-- Up-to-date: /home/admi3ev/Beluga-Firmware-Mod/install/beluga/include/daw/daw_algorithm_cx.h
-- Up-to-date: /home/admi3ev/Beluga-Firmware-Mod/install/beluga/include/daw/impl
-- Up-to-date: /home/admi3ev/Beluga-Firmware-Mod/install/beluga/include/daw/impl/daw_container_help_vector.h
-- Up-to-date: /home/admi3ev/Beluga-Firmware-Mod/install/beluga/include/daw/impl/daw_msvc_int128.h
-- Up-to-date: /home/admi3ev/Beluga-Firmware-Mod/install/beluga/include/daw/impl/daw_container_help_string.h
-- Up-to-date: /home/admi3ev/Beluga-Firmware-Mod/install/beluga/include/daw/impl/daw_view_tags.h
-- Up-to-date: /home/admi3ev/Beluga-Firmware-Mod/install/beluga/include/daw/impl/formatter_common.h
-- Up-to-date: /home/admi3ev/Beluga-Firmware-Mod/install/beluga/include/daw/impl/daw_math_impl.h
-- Up-to-date: /home/admi3ev/Beluga-Firmware-Mod/install/beluga/include/daw/impl/daw_numeric_limits.h
-- Up-to-date: /home/admi3ev/Beluga-Firmware-Mod/install/beluga/include/daw/impl/daw_container_help_ins_ext.h
-- Up-to-date: /home/admi3ev/Beluga-Firmware-Mod/install/beluga/include/daw/impl/daw_container_help_impl.h
-- Up-to-date: /home/admi3ev/Beluga-Firmware-Mod/install/beluga/include/daw/impl/daw_traits_impl.h
-- Up-to-date: /home/admi3ev/Beluga-Firmware-Mod/install/beluga/include/daw/impl/daw_make_trait.h
-- Up-to-date: /home/admi3ev/Beluga-Firmware-Mod/install/beluga/include/daw/impl/daw_is_string_view_like.h
-- Up-to-date: /home/admi3ev/Beluga-Firmware-Mod/install/beluga/include/daw/impl/daw_gcc_clang_int128.h
-- Up-to-date: /home/admi3ev/Beluga-Firmware-Mod/install/beluga/include/daw/impl/daw_int_to_iterator.h
-- Up-to-date: /home/admi3ev/Beluga-Firmware-Mod/install/beluga/include/daw/impl/daw_int128_check.h
-- Up-to-date: /home/admi3ev/Beluga-Firmware-Mod/install/beluga/include/daw/impl/daw_string_impl.h
-- Up-to-date: /home/admi3ev/Beluga-Firmware-Mod/install/beluga/include/daw/compressed_pair.h
-- Up-to-date: /home/admi3ev/Beluga-Firmware-Mod/install/beluga/include/daw/daw_function_view.h
-- Up-to-date: /home/admi3ev/Beluga-Firmware-Mod/install/beluga/include/daw/daw_assume.h
-- Up-to-date: /home/admi3ev/Beluga-Firmware-Mod/install/beluga/include/daw/daw_bitset_helper.h
-- Up-to-date: /home/admi3ev/Beluga-Firmware-Mod/install/beluga/include/daw/daw_format_string_view.h
-- Up-to-date: /home/admi3ev/Beluga-Firmware-Mod/install/beluga/lib/cmake/daw-utf-range/daw-utf-rangeTargets.cmake
-- Up-to-date: /home/admi3ev/Beluga-Firmware-Mod/install/beluga/lib/cmake/daw-utf-range/daw-utf-rangeConfig.cmake
-- Up-to-date: /home/admi3ev/Beluga-Firmware-Mod/install/beluga/lib/cmake/daw-utf-range/daw-utf-rangeConfigVersion.cmake
-- Up-to-date: /home/admi3ev/Beluga-Firmware-Mod/install/beluga/include/daw
-- Up-to-date: /home/admi3ev/Beluga-Firmware-Mod/install/beluga/include/daw/utf8.h
-- Up-to-date: /home/admi3ev/Beluga-Firmware-Mod/install/beluga/include/daw/utf_range
-- Up-to-date: /home/admi3ev/Beluga-Firmware-Mod/install/beluga/include/daw/utf_range/daw_utf_range.h
-- Up-to-date: /home/admi3ev/Beluga-Firmware-Mod/install/beluga/include/daw/utf_range/daw_utf_string.h
-- Up-to-date: /home/admi3ev/Beluga-Firmware-Mod/install/beluga/include/daw/utf8
-- Up-to-date: /home/admi3ev/Beluga-Firmware-Mod/install/beluga/include/daw/utf8/unchecked.h
-- Up-to-date: /home/admi3ev/Beluga-Firmware-Mod/install/beluga/include/daw/utf8/core.h
-- Up-to-date: /home/admi3ev/Beluga-Firmware-Mod/install/beluga/include/daw/utf8/checked.h
-- Up-to-date: /home/admi3ev/Beluga-Firmware-Mod/install/beluga/share/daw-json-link/cmake/daw-json-linkTargets.cmake
-- Up-to-date: /home/admi3ev/Beluga-Firmware-Mod/install/beluga/share/daw-json-link/cmake/daw-json-linkConfig.cmake
-- Up-to-date: /home/admi3ev/Beluga-Firmware-Mod/install/beluga/share/daw-json-link/cmake/daw-json-linkConfigVersion.cmake
-- Up-to-date: /home/admi3ev/Beluga-Firmware-Mod/install/beluga/include/
-- Up-to-date: /home/admi3ev/Beluga-Firmware-Mod/install/beluga/include//daw
-- Up-to-date: /home/admi3ev/Beluga-Firmware-Mod/install/beluga/include//daw/third_party
-- Up-to-date: /home/admi3ev/Beluga-Firmware-Mod/install/beluga/include//daw/third_party/dragonbox
-- Up-to-date: /home/admi3ev/Beluga-Firmware-Mod/install/beluga/include//daw/third_party/dragonbox/dragonbox_to_chars.h
-- Up-to-date: /home/admi3ev/Beluga-Firmware-Mod/install/beluga/include//daw/third_party/dragonbox/dragonbox.h
-- Up-to-date: /home/admi3ev/Beluga-Firmware-Mod/install/beluga/include//daw/third_party/dragonbox/dragonbox_to_decimal.h
-- Up-to-date: /home/admi3ev/Beluga-Firmware-Mod/install/beluga/include//daw/json
-- Up-to-date: /home/admi3ev/Beluga-Firmware-Mod/install/beluga/include//daw/json/daw_json_apply.h
-- Up-to-date: /home/admi3ev/Beluga-Firmware-Mod/install/beluga/include//daw/json/daw_json_iostream.h
-- Up-to-date: /home/admi3ev/Beluga-Firmware-Mod/install/beluga/include//daw/json/daw_json_link_describe.h
-- Up-to-date: /home/admi3ev/Beluga-Firmware-Mod/install/beluga/include//daw/json/daw_json_lines_iterator.h
-- Up-to-date: /home/admi3ev/Beluga-Firmware-Mod/install/beluga/include//daw/json/daw_json_boost_pfr_mapping.h
-- Up-to-date: /home/admi3ev/Beluga-Firmware-Mod/install/beluga/include//daw/json/daw_json_event_parser.h
-- Up-to-date: /home/admi3ev/Beluga-Firmware-Mod/install/beluga/include//daw/json/daw_to_json.h
-- Up-to-date: /home/admi3ev/Beluga-Firmware-Mod/install/beluga/include//daw/json/daw_json_exception.h
-- Up-to-date: /home/admi3ev/Beluga-Firmware-Mod/install/beluga/include//daw/json/daw_json_parse_options.h
-- Up-to-date: /home/admi3ev/Beluga-Firmware-Mod/install/beluga/include//daw/json/daw_json_switches.h
-- Up-to-date: /home/admi3ev/Beluga-Firmware-Mod/install/beluga/include//daw/json/concepts
-- Up-to-date: /home/admi3ev/Beluga-Firmware-Mod/install/beluga/include//daw/json/concepts/daw_container_traits_fwd.h
-- Up-to-date: /home/admi3ev/Beluga-Firmware-Mod/install/beluga/include//daw/json/concepts/daw_container_traits.h
-- Up-to-date: /home/admi3ev/Beluga-Firmware-Mod/install/beluga/include//daw/json/concepts/readme.md
-- Up-to-date: /home/admi3ev/Beluga-Firmware-Mod/install/beluga/include//daw/json/concepts/daw_nullable_value.h
-- Up-to-date: /home/admi3ev/Beluga-Firmware-Mod/install/beluga/include//daw/json/concepts/daw_writable_output_fwd.h
-- Up-to-date: /home/admi3ev/Beluga-Firmware-Mod/install/beluga/include//daw/json/concepts/daw_nullable_value_fwd.h
-- Up-to-date: /home/admi3ev/Beluga-Firmware-Mod/install/beluga/include//daw/json/concepts/daw_writable_output_ostream.h
-- Up-to-date: /home/admi3ev/Beluga-Firmware-Mod/install/beluga/include//daw/json/concepts/daw_writable_output.h
-- Up-to-date: /home/admi3ev/Beluga-Firmware-Mod/install/beluga/include//daw/json/concepts/daw_writable_output_cstdio.h
-- Up-to-date: /home/admi3ev/Beluga-Firmware-Mod/install/beluga/include//daw/json/concepts/impl
-- Up-to-date: /home/admi3ev/Beluga-Firmware-Mod/install/beluga/include//daw/json/concepts/impl/daw_writable_output_details.h
-- Up-to-date: /home/admi3ev/Beluga-Firmware-Mod/install/beluga/include//daw/json/concepts/daw_writable_output_basics.h
-- Up-to-date: /home/admi3ev/Beluga-Firmware-Mod/install/beluga/include//daw/json/daw_json_link.h
-- Up-to-date: /home/admi3ev/Beluga-Firmware-Mod/install/beluga/include//daw/json/daw_json_schema.h
-- Up-to-date: /home/admi3ev/Beluga-Firmware-Mod/install/beluga/include//daw/json/daw_json_serialize_options.h
-- Up-to-date: /home/admi3ev/Beluga-Firmware-Mod/install/beluga/include//daw/json/daw_from_json_fwd.h
-- Up-to-date: /home/admi3ev/Beluga-Firmware-Mod/install/beluga/include//daw/json/daw_json_find_path.h
-- Up-to-date: /home/admi3ev/Beluga-Firmware-Mod/install/beluga/include//daw/json/daw_json_default_constuctor_fwd.h
-- Up-to-date: /home/admi3ev/Beluga-Firmware-Mod/install/beluga/include//daw/json/daw_json_value_state.h
-- Up-to-date: /home/admi3ev/Beluga-Firmware-Mod/install/beluga/include//daw/json/daw_from_json.h
-- Up-to-date: /home/admi3ev/Beluga-Firmware-Mod/install/beluga/include//daw/json/daw_json_iterator.h
-- Up-to-date: /home/admi3ev/Beluga-Firmware-Mod/install/beluga/include//daw/json/daw_json_data_contract.h
-- Up-to-date: /home/admi3ev/Beluga-Firmware-Mod/install/beluga/include//daw/json/impl
-- Up-to-date: /home/admi3ev/Beluga-Firmware-Mod/install/beluga/include//daw/json/impl/daw_json_allocator_wrapper.h
-- Up-to-date: /home/admi3ev/Beluga-Firmware-Mod/install/beluga/include//daw/json/impl/version.h
-- Up-to-date: /home/admi3ev/Beluga-Firmware-Mod/install/beluga/include//daw/json/impl/daw_json_link_types_fwd.h
-- Up-to-date: /home/admi3ev/Beluga-Firmware-Mod/install/beluga/include//daw/json/impl/daw_json_parse_policy.h
-- Up-to-date: /home/admi3ev/Beluga-Firmware-Mod/install/beluga/include//daw/json/impl/daw_json_parse_digit.h
-- Up-to-date: /home/admi3ev/Beluga-Firmware-Mod/install/beluga/include//daw/json/impl/daw_json_enums.h
-- Up-to-date: /home/admi3ev/Beluga-Firmware-Mod/install/beluga/include//daw/json/impl/daw_json_option_bits.h
-- Up-to-date: /home/admi3ev/Beluga-Firmware-Mod/install/beluga/include//daw/json/impl/daw_json_traits.h
-- Up-to-date: /home/admi3ev/Beluga-Firmware-Mod/install/beluga/include//daw/json/impl/daw_murmur3.h
-- Up-to-date: /home/admi3ev/Beluga-Firmware-Mod/install/beluga/include//daw/json/impl/daw_json_assert.h
-- Up-to-date: /home/admi3ev/Beluga-Firmware-Mod/install/beluga/include//daw/json/impl/daw_json_link_types_aggregate.h
-- Up-to-date: /home/admi3ev/Beluga-Firmware-Mod/install/beluga/include//daw/json/impl/daw_json_parse_std_string.h
-- Up-to-date: /home/admi3ev/Beluga-Firmware-Mod/install/beluga/include//daw/json/impl/daw_json_types_base.h
-- Up-to-date: /home/admi3ev/Beluga-Firmware-Mod/install/beluga/include//daw/json/impl/daw_json_parse_array_sse42_iterator.h
-- Up-to-date: /home/admi3ev/Beluga-Firmware-Mod/install/beluga/include//daw/json/impl/daw_json_parse_string_quote.h
-- Up-to-date: /home/admi3ev/Beluga-Firmware-Mod/install/beluga/include//daw/json/impl/daw_json_parse_policy_policy_details.h
-- Up-to-date: /home/admi3ev/Beluga-Firmware-Mod/install/beluga/include//daw/json/impl/daw_json_reflection.h
-- Up-to-date: /home/admi3ev/Beluga-Firmware-Mod/install/beluga/include//daw/json/impl/daw_json_parse_value.h
-- Up-to-date: /home/admi3ev/Beluga-Firmware-Mod/install/beluga/include//daw/json/impl/daw_json_find_result.h
-- Up-to-date: /home/admi3ev/Beluga-Firmware-Mod/install/beluga/include//daw/json/impl/daw_json_parse_policy_no_comments.h
-- Up-to-date: /home/admi3ev/Beluga-Firmware-Mod/install/beluga/include//daw/json/impl/daw_json_default_constuctor.h
-- Up-to-date: /home/admi3ev/Beluga-Firmware-Mod/install/beluga/include//daw/json/impl/daw_json_serialize_options_impl.h
-- Up-to-date: /home/admi3ev/Beluga-Firmware-Mod/install/beluga/include//daw/json/impl/daw_json_type_options.h
-- Up-to-date: /home/admi3ev/Beluga-Firmware-Mod/install/beluga/include//daw/json/impl/daw_json_parse_common.h
-- Up-to-date: /home/admi3ev/Beluga-Firmware-Mod/install/beluga/include//daw/json/impl/daw_json_alternate_mapping.h
-- Up-to-date: /home/admi3ev/Beluga-Firmware-Mod/install/beluga/include//daw/json/impl/daw_json_parse_options_impl.h
-- Up-to-date: /home/admi3ev/Beluga-Firmware-Mod/install/beluga/include//daw/json/impl/daw_json_arrow_proxy.h
-- Up-to-date: /home/admi3ev/Beluga-Firmware-Mod/install/beluga/include//daw/json/impl/daw_fp_fallback.h
-- Up-to-date: /home/admi3ev/Beluga-Firmware-Mod/install/beluga/include//daw/json/impl/daw_json_serialize_policy_details.h
-- Up-to-date: /home/admi3ev/Beluga-Firmware-Mod/install/beluga/include//daw/json/impl/daw_json_req_helper.h
-- Up-to-date: /home/admi3ev/Beluga-Firmware-Mod/install/beluga/include//daw/json/impl/daw_json_value_fwd.h
-- Up-to-date: /home/admi3ev/Beluga-Firmware-Mod/install/beluga/include//daw/json/impl/daw_json_location_info.h
-- Up-to-date: /home/admi3ev/Beluga-Firmware-Mod/install/beluga/include//daw/json/impl/daw_json_parse_real_power10.h
-- Up-to-date: /home/admi3ev/Beluga-Firmware-Mod/install/beluga/include//daw/json/impl/daw_json_parse_kv_array_iterator.h
-- Up-to-date: /home/admi3ev/Beluga-Firmware-Mod/install/beluga/include//daw/json/impl/daw_json_exec_modes.h
-- Up-to-date: /home/admi3ev/Beluga-Firmware-Mod/install/beluga/include//daw/json/impl/daw_json_string_util.h
-- Up-to-date: /home/admi3ev/Beluga-Firmware-Mod/install/beluga/include//daw/json/impl/daw_json_parse_string_need_slow.h
-- Up-to-date: /home/admi3ev/Beluga-Firmware-Mod/install/beluga/include//daw/json/impl/daw_json_value.h
-- Up-to-date: /home/admi3ev/Beluga-Firmware-Mod/install/beluga/include//daw/json/impl/daw_json_serialize_policy.h
-- Up-to-date: /home/admi3ev/Beluga-Firmware-Mod/install/beluga/include//daw/json/impl/daw_json_serialize_impl.h
-- Up-to-date: /home/admi3ev/Beluga-Firmware-Mod/install/beluga/include//daw/json/impl/daw_json_parse_real.h
-- Up-to-date: /home/admi3ev/Beluga-Firmware-Mod/install/beluga/include//daw/json/impl/daw_count_digits.h
-- Up-to-date: /home/admi3ev/Beluga-Firmware-Mod/install/beluga/include//daw/json/impl/daw_json_parse_class.h
-- Up-to-date: /home/admi3ev/Beluga-Firmware-Mod/install/beluga/include//daw/json/impl/to_daw_json_string.h
-- Up-to-date: /home/admi3ev/Beluga-Firmware-Mod/install/beluga/include//daw/json/impl/daw_json_reflection_helpers.h
-- Up-to-date: /home/admi3ev/Beluga-Firmware-Mod/install/beluga/include//daw/json/impl/daw_not_const_ex_functions.h
-- Up-to-date: /home/admi3ev/Beluga-Firmware-Mod/install/beluga/include//daw/json/impl/daw_json_parse_policy_hash_comments.h
-- Up-to-date: /home/admi3ev/Beluga-Firmware-Mod/install/beluga/include//daw/json/impl/daw_json_parse_iso8601_utils.h
-- Up-to-date: /home/admi3ev/Beluga-Firmware-Mod/install/beluga/include//daw/json/impl/daw_json_parse_value_fwd.h
-- Up-to-date: /home/admi3ev/Beluga-Firmware-Mod/install/beluga/include//daw/json/impl/power_of_five_128_table.h
-- Up-to-date: /home/admi3ev/Beluga-Firmware-Mod/install/beluga/include//daw/json/impl/daw_json_parse_policy_cpp_comments.h
-- Up-to-date: /home/admi3ev/Beluga-Firmware-Mod/install/beluga/include//daw/json/impl/daw_json_container_appender.h
-- Up-to-date: /home/admi3ev/Beluga-Firmware-Mod/install/beluga/include//daw/json/impl/daw_json_parse_name.h
-- Up-to-date: /home/admi3ev/Beluga-Firmware-Mod/install/beluga/include//daw/json/impl/daw_json_skip.h
-- Up-to-date: /home/admi3ev/Beluga-Firmware-Mod/install/beluga/include//daw/json/impl/daw_json_parse_kv_class_iterator.h
-- Up-to-date: /home/admi3ev/Beluga-Firmware-Mod/install/beluga/include//daw/json/impl/daw_json_construct_value.h
-- Up-to-date: /home/admi3ev/Beluga-Firmware-Mod/install/beluga/include//daw/json/impl/daw_json_parse_array_iterator.h
-- Up-to-date: /home/admi3ev/Beluga-Firmware-Mod/install/beluga/include//daw/json/impl/daw_json_name.h
-- Up-to-date: /home/admi3ev/Beluga-Firmware-Mod/install/beluga/include//daw/json/impl/daw_json_reflection_impl.h
-- Up-to-date: /home/admi3ev/Beluga-Firmware-Mod/install/beluga/include//daw/json/impl/daw_json_parse_unsigned_int.h
-- Up-to-date: /home/admi3ev/Beluga-Firmware-Mod/install/beluga/include//daw/json/impl/daw_json_link_types_iso8601.h
-- Up-to-date: /home/admi3ev/Beluga-Firmware-Mod/install/beluga/include//daw/json/daw_json_link_types.h
-- Up-to-date: /home/admi3ev/Beluga-Firmware-Mod/install/beluga/include//daw/json/daw_to_json_fwd.h
-- Up-to-date: /home/admi3ev/Beluga-Firmware-Mod/install/beluga/include//daw/daw_allocator_construct.h
-- Installing: /home/admi3ev/Beluga-Firmware-Mod/install/beluga/include//daw/daw_tuple_forward.h
-- Installing: /home/admi3ev/Beluga-Firmware-Mod/install/beluga/lib/beluga/beluga
-- Set runtime path of "/home/admi3ev/Beluga-Firmware-Mod/install/beluga/lib/beluga/beluga" to ""
-- Up-to-date: /home/admi3ev/Beluga-Firmware-Mod/install/beluga/share/ament_index/resource_index/package_run_dependencies/beluga
-- Installing: /home/admi3ev/Beluga-Firmware-Mod/install/beluga/share/ament_index/resource_index/parent_prefix_path/beluga
-- Installing: /home/admi3ev/Beluga-Firmware-Mod/install/beluga/share/beluga/environment/ament_prefix_path.sh
-- Installing: /home/admi3ev/Beluga-Firmware-Mod/install/beluga/share/beluga/environment/ament_prefix_path.dsv
-- Installing: /home/admi3ev/Beluga-Firmware-Mod/install/beluga/share/beluga/environment/path.sh
-- Installing: /home/admi3ev/Beluga-Firmware-Mod/install/beluga/share/beluga/environment/path.dsv
-- Up-to-date: /home/admi3ev/Beluga-Firmware-Mod/install/beluga/share/beluga/local_setup.bash
-- Up-to-date: /home/admi3ev/Beluga-Firmware-Mod/install/beluga/share/beluga/local_setup.sh
-- Up-to-date: /home/admi3ev/Beluga-Firmware-Mod/install/beluga/share/beluga/local_setup.zsh
-- Installing: /home/admi3ev/Beluga-Firmware-Mod/install/beluga/share/beluga/local_setup.dsv
-- Installing: /home/admi3ev/Beluga-Firmware-Mod/install/beluga/share/beluga/package.dsv
-- Up-to-date: /home/admi3ev/Beluga-Firmware-Mod/install/beluga/share/ament_index/resource_index/packages/beluga
-- Up-to-date: /home/admi3ev/Beluga-Firmware-Mod/install/beluga/share/beluga/cmake/belugaConfig.cmake
-- Up-to-date: /home/admi3ev/Beluga-Firmware-Mod/install/beluga/share/beluga/cmake/belugaConfig-version.cmake
-- Up-to-date: /home/admi3ev/Beluga-Firmware-Mod/install/beluga/share/beluga/package.xml
