[0.033s] Invoking command in '/home/admi3ev/Beluga-Firmware-Mod/build/beluga': AMENT_PREFIX_PATH=/home/admi3ev/Beluga-Firmware-Mod/install/beluga_messages:${AMENT_PREFIX_PATH} CMAKE_PREFIX_PATH=/home/admi3ev/Beluga-Firmware-Mod/install/beluga_messages:/home/admi3ev/ros2_ws/install/motion_capture_tracking:/opt/ros/humble LD_LIBRARY_PATH=/home/admi3ev/Beluga-Firmware-Mod/install/beluga_messages/lib:${LD_LIBRARY_PATH} PYTHONPATH=/home/admi3ev/Beluga-Firmware-Mod/install/beluga_messages/local/lib/python3.10/dist-packages:${PYTHONPATH} /usr/bin/cmake --build /home/admi3ev/Beluga-Firmware-Mod/build/beluga -- -j4 -l4
[0.114s] -- Found ament_cmake: 1.3.14 (/opt/ros/humble/share/ament_cmake/cmake)
[0.433s] -- Found rclcpp: 16.0.19 (/opt/ros/humble/share/rclcpp/cmake)
[0.520s] -- Found rosidl_generator_c: 3.1.8 (/opt/ros/humble/share/rosidl_generator_c/cmake)
[0.530s] -- Found rosidl_adapter: 3.1.8 (/opt/ros/humble/share/rosidl_adapter/cmake)
[0.553s] -- Found rosidl_generator_cpp: 3.1.8 (/opt/ros/humble/share/rosidl_generator_cpp/cmake)
[0.587s] -- Using all available rosidl_typesupport_c: rosidl_typesupport_fastrtps_c;rosidl_typesupport_introspection_c
[0.619s] -- Using all available rosidl_typesupport_cpp: rosidl_typesupport_fastrtps_cpp;rosidl_typesupport_introspection_cpp
[0.735s] -- Found rmw_implementation_cmake: 6.1.2 (/opt/ros/humble/share/rmw_implementation_cmake/cmake)
[0.740s] -- Found rmw_fastrtps_cpp: 6.2.10 (/opt/ros/humble/share/rmw_fastrtps_cpp/cmake)
[0.973s] -- Using RMW implementation 'rmw_fastrtps_cpp' as default
[1.137s] -- Found beluga_messages: 0.0.0 (/home/admi3ev/Beluga-Firmware-Mod/install/beluga_messages/share/beluga_messages/cmake)
[3.161s] -- DAW_USE_EXCEPTIONS=ON: Errors throw json_exception
[3.161s] -- DAW_NO_FLATTEN=ON: Disabling function flattening and forced inline optimization
[3.168s] -- Found ament_lint_auto: 0.12.15 (/opt/ros/humble/share/ament_lint_auto/cmake)
[3.278s] -- Added test 'cppcheck' to perform static code analysis on C / C++ code
[3.279s] -- Configured cppcheck include dirs: /home/admi3ev/Beluga-Firmware-Mod/ROS/src/beluga/include
[3.279s] -- Configured cppcheck exclude dirs and/or files: 
[3.280s] -- Added test 'lint_cmake' to check CMake code style
[3.282s] -- Added test 'uncrustify' to check C / C++ code style
[3.282s] -- Configured uncrustify additional arguments: 
[3.282s] -- Added test 'xmllint' to check XML markup files
[3.284s] -- Configuring done
[3.312s] -- Generating done
[3.321s] -- Build files have been written to: /home/admi3ev/Beluga-Firmware-Mod/build/beluga
[3.360s] [35m[1mConsolidate compiler generated dependencies of target serial[0m
[3.384s] [  6%] [32mBuilding CXX object beluga-serial-lib/serial/CMakeFiles/serial.dir/src/core/serial_base.cpp.o[0m
[3.386s] [ 13%] [32mBuilding CXX object beluga-serial-lib/serial/CMakeFiles/serial.dir/src/tools/core/sys_fs_common.cpp.o[0m
[3.387s] [ 20%] [32mBuilding CXX object beluga-serial-lib/serial/CMakeFiles/serial.dir/src/core/serial_posix.cpp.o[0m
[3.389s] [ 26%] [32mBuilding C object beluga-serial-lib/serial/CMakeFiles/serial.dir/src/core/C-API/serial_posix.c.o[0m
[3.540s] [ 33%] [32mBuilding CXX object beluga-serial-lib/serial/CMakeFiles/serial.dir/src/tools/core/sys_fs_linux.cpp.o[0m
[4.733s] [ 40%] [32mBuilding CXX object beluga-serial-lib/serial/CMakeFiles/serial.dir/src/tools/list_ports.cpp.o[0m
[5.590s] [ 46%] [32m[1mLinking CXX static library libserial.a[0m
[5.634s] [ 46%] Built target serial
[5.648s] [35m[1mConsolidate compiler generated dependencies of target beluga-serial[0m
[5.672s] [ 53%] [32mBuilding CXX object beluga-serial-lib/CMakeFiles/beluga-serial.dir/src/beluga_neighbor_list.cpp.o[0m
[5.672s] [ 60%] [32mBuilding CXX object beluga-serial-lib/CMakeFiles/beluga-serial.dir/src/beluga_frame.cpp.o[0m
[5.672s] [ 66%] [32mBuilding CXX object beluga-serial-lib/CMakeFiles/beluga-serial.dir/src/beluga_event.cpp.o[0m
[5.678s] [ 73%] [32mBuilding CXX object beluga-serial-lib/CMakeFiles/beluga-serial.dir/src/beluga_serial.cpp.o[0m
[9.120s] [ 80%] [32m[1mLinking CXX static library libbeluga-serial.a[0m
[9.180s] [ 80%] Built target beluga-serial
[9.192s] [35m[1mConsolidate compiler generated dependencies of target beluga[0m
[9.217s] [ 86%] [32mBuilding CXX object CMakeFiles/beluga.dir/src/beluga_main.cpp.o[0m
[9.217s] [ 93%] [32mBuilding CXX object CMakeFiles/beluga.dir/src/beluga.cpp.o[0m
[16.272s] [100%] [32m[1mLinking CXX executable beluga[0m
[16.685s] [100%] Built target beluga
[16.695s] Invoked command in '/home/admi3ev/Beluga-Firmware-Mod/build/beluga' returned '0': AMENT_PREFIX_PATH=/home/admi3ev/Beluga-Firmware-Mod/install/beluga_messages:${AMENT_PREFIX_PATH} CMAKE_PREFIX_PATH=/home/admi3ev/Beluga-Firmware-Mod/install/beluga_messages:/home/admi3ev/ros2_ws/install/motion_capture_tracking:/opt/ros/humble LD_LIBRARY_PATH=/home/admi3ev/Beluga-Firmware-Mod/install/beluga_messages/lib:${LD_LIBRARY_PATH} PYTHONPATH=/home/admi3ev/Beluga-Firmware-Mod/install/beluga_messages/local/lib/python3.10/dist-packages:${PYTHONPATH} /usr/bin/cmake --build /home/admi3ev/Beluga-Firmware-Mod/build/beluga -- -j4 -l4
[16.696s] Invoking command in '/home/admi3ev/Beluga-Firmware-Mod/build/beluga': AMENT_PREFIX_PATH=/home/admi3ev/Beluga-Firmware-Mod/install/beluga_messages:${AMENT_PREFIX_PATH} CMAKE_PREFIX_PATH=/home/admi3ev/Beluga-Firmware-Mod/install/beluga_messages:/home/admi3ev/ros2_ws/install/motion_capture_tracking:/opt/ros/humble LD_LIBRARY_PATH=/home/admi3ev/Beluga-Firmware-Mod/install/beluga_messages/lib:${LD_LIBRARY_PATH} PYTHONPATH=/home/admi3ev/Beluga-Firmware-Mod/install/beluga_messages/local/lib/python3.10/dist-packages:${PYTHONPATH} /usr/bin/cmake --install /home/admi3ev/Beluga-Firmware-Mod/build/beluga
[16.705s] -- Install configuration: ""
[16.706s] -- Up-to-date: /home/admi3ev/Beluga-Firmware-Mod/install/beluga/lib/cmake/daw-header-libraries/daw-header-librariesTargets.cmake
[16.706s] -- Up-to-date: /home/admi3ev/Beluga-Firmware-Mod/install/beluga/lib/cmake/daw-header-libraries/daw-header-librariesConfig.cmake
[16.707s] -- Up-to-date: /home/admi3ev/Beluga-Firmware-Mod/install/beluga/lib/cmake/daw-header-libraries/daw-header-librariesConfigVersion.cmake
[16.707s] -- Up-to-date: /home/admi3ev/Beluga-Firmware-Mod/install/beluga/include/daw
[16.707s] -- Up-to-date: /home/admi3ev/Beluga-Firmware-Mod/install/beluga/include/daw/daw_bit_stream.h
[16.708s] -- Up-to-date: /home/admi3ev/Beluga-Firmware-Mod/install/beluga/include/daw/daw_print_ostream.h
[16.708s] -- Up-to-date: /home/admi3ev/Beluga-Firmware-Mod/install/beluga/include/daw/daw_constant.h
[16.708s] -- Up-to-date: /home/admi3ev/Beluga-Firmware-Mod/install/beluga/include/daw/daw_unique_array.h
[16.708s] -- Up-to-date: /home/admi3ev/Beluga-Firmware-Mod/install/beluga/include/daw/daw_expected.h
[16.709s] -- Up-to-date: /home/admi3ev/Beluga-Firmware-Mod/install/beluga/include/daw/daw_sip_hash.h
[16.709s] -- Up-to-date: /home/admi3ev/Beluga-Firmware-Mod/install/beluga/include/daw/cpp_17_iterator.h
[16.709s] -- Up-to-date: /home/admi3ev/Beluga-Firmware-Mod/install/beluga/include/daw/daw_ring_adaptor.h
[16.709s] -- Up-to-date: /home/admi3ev/Beluga-Firmware-Mod/install/beluga/include/daw/iterator
[16.709s] -- Up-to-date: /home/admi3ev/Beluga-Firmware-Mod/install/beluga/include/daw/iterator/daw_find_iterator.h
[16.709s] -- Up-to-date: /home/admi3ev/Beluga-Firmware-Mod/install/beluga/include/daw/iterator/daw_repeat_n_char_iterator.h
[16.709s] -- Up-to-date: /home/admi3ev/Beluga-Firmware-Mod/install/beluga/include/daw/iterator/daw_integer_iterator.h
[16.709s] -- Up-to-date: /home/admi3ev/Beluga-Firmware-Mod/install/beluga/include/daw/iterator/daw_arrow_proxy.h
[16.709s] -- Up-to-date: /home/admi3ev/Beluga-Firmware-Mod/install/beluga/include/daw/iterator/daw_checked_iterator_proxy.h
[16.709s] -- Up-to-date: /home/admi3ev/Beluga-Firmware-Mod/install/beluga/include/daw/iterator/daw_inserter.h
[16.709s] -- Up-to-date: /home/admi3ev/Beluga-Firmware-Mod/install/beluga/include/daw/iterator/daw_chunk_iterator.h
[16.709s] -- Up-to-date: /home/admi3ev/Beluga-Firmware-Mod/install/beluga/include/daw/iterator/daw_function_iterator.h
[16.709s] -- Up-to-date: /home/admi3ev/Beluga-Firmware-Mod/install/beluga/include/daw/iterator/daw_iterator.h
[16.710s] -- Up-to-date: /home/admi3ev/Beluga-Firmware-Mod/install/beluga/include/daw/iterator/daw_split_iterator.h
[16.710s] -- Up-to-date: /home/admi3ev/Beluga-Firmware-Mod/install/beluga/include/daw/iterator/daw_find_one_iterator.h
[16.710s] -- Up-to-date: /home/admi3ev/Beluga-Firmware-Mod/install/beluga/include/daw/iterator/daw_zipiter.h
[16.710s] -- Up-to-date: /home/admi3ev/Beluga-Firmware-Mod/install/beluga/include/daw/iterator/daw_output_stream_iterator.h
[16.710s] -- Up-to-date: /home/admi3ev/Beluga-Firmware-Mod/install/beluga/include/daw/iterator/daw_circular_iterator.h
[16.710s] -- Up-to-date: /home/admi3ev/Beluga-Firmware-Mod/install/beluga/include/daw/iterator/daw_back_inserter.h
[16.711s] -- Up-to-date: /home/admi3ev/Beluga-Firmware-Mod/install/beluga/include/daw/iterator/daw_indexed_iterator.h
[16.711s] -- Up-to-date: /home/admi3ev/Beluga-Firmware-Mod/install/beluga/include/daw/iterator/daw_counting_iterators.h
[16.711s] -- Up-to-date: /home/admi3ev/Beluga-Firmware-Mod/install/beluga/include/daw/iterator/daw_bit_iterator.h
[16.711s] -- Up-to-date: /home/admi3ev/Beluga-Firmware-Mod/install/beluga/include/daw/iterator/daw_sorted_insert_iterator.h
[16.711s] -- Up-to-date: /home/admi3ev/Beluga-Firmware-Mod/install/beluga/include/daw/iterator/daw_argument_iterator.h
[16.711s] -- Up-to-date: /home/admi3ev/Beluga-Firmware-Mod/install/beluga/include/daw/iterator/daw_random_iterator.h
[16.711s] -- Up-to-date: /home/admi3ev/Beluga-Firmware-Mod/install/beluga/include/daw/iterator/daw_end_inserter.h
[16.711s] -- Up-to-date: /home/admi3ev/Beluga-Firmware-Mod/install/beluga/include/daw/iterator/InputIterator.h
[16.711s] -- Up-to-date: /home/admi3ev/Beluga-Firmware-Mod/install/beluga/include/daw/iterator/daw_iota_iterator.h
[16.711s] -- Up-to-date: /home/admi3ev/Beluga-Firmware-Mod/install/beluga/include/daw/iterator/daw_reverse_iterator.h
[16.711s] -- Up-to-date: /home/admi3ev/Beluga-Firmware-Mod/install/beluga/include/daw/iterator/impl
[16.711s] -- Up-to-date: /home/admi3ev/Beluga-Firmware-Mod/install/beluga/include/daw/iterator/impl/daw_find_iterator_impl.h
[16.711s] -- Up-to-date: /home/admi3ev/Beluga-Firmware-Mod/install/beluga/include/daw/iterator/daw_pointer_iterator.h
[16.711s] -- Up-to-date: /home/admi3ev/Beluga-Firmware-Mod/install/beluga/include/daw/daw_safe_pointer.h
[16.712s] -- Up-to-date: /home/admi3ev/Beluga-Firmware-Mod/install/beluga/include/daw/ciso646.h
[16.712s] -- Up-to-date: /home/admi3ev/Beluga-Firmware-Mod/install/beluga/include/daw/daw_read_file.h
[16.712s] -- Up-to-date: /home/admi3ev/Beluga-Firmware-Mod/install/beluga/include/daw/daw_bounded_vector.h
[16.712s] -- Up-to-date: /home/admi3ev/Beluga-Firmware-Mod/install/beluga/include/daw/daw_tuple_traits.h
[16.712s] -- Up-to-date: /home/admi3ev/Beluga-Firmware-Mod/install/beluga/include/daw/deprecated
[16.713s] -- Up-to-date: /home/admi3ev/Beluga-Firmware-Mod/install/beluga/include/daw/deprecated/daw_clumpy_sparsy.h
[16.713s] -- Up-to-date: /home/admi3ev/Beluga-Firmware-Mod/install/beluga/include/daw/deprecated/daw_bounded_hash_map.h
[16.713s] -- Up-to-date: /home/admi3ev/Beluga-Firmware-Mod/install/beluga/include/daw/deprecated/daw_range_collection.h
[16.713s] -- Up-to-date: /home/admi3ev/Beluga-Firmware-Mod/install/beluga/include/daw/deprecated/daw_poly_vector.h
[16.713s] -- Up-to-date: /home/admi3ev/Beluga-Firmware-Mod/install/beluga/include/daw/deprecated/daw_checked_expected.h
[16.713s] -- Up-to-date: /home/admi3ev/Beluga-Firmware-Mod/install/beluga/include/daw/deprecated/daw_cstring.h
[16.713s] -- Up-to-date: /home/admi3ev/Beluga-Firmware-Mod/install/beluga/include/daw/deprecated/daw_heap_value.h
[16.713s] -- Up-to-date: /home/admi3ev/Beluga-Firmware-Mod/install/beluga/include/daw/deprecated/daw_range.h
[16.713s] -- Up-to-date: /home/admi3ev/Beluga-Firmware-Mod/install/beluga/include/daw/deprecated/daw_string_view1_fwd.h
[16.713s] -- Up-to-date: /home/admi3ev/Beluga-Firmware-Mod/install/beluga/include/daw/deprecated/daw_range_reference.h
[16.713s] -- Up-to-date: /home/admi3ev/Beluga-Firmware-Mod/install/beluga/include/daw/deprecated/daw_string_view1.h
[16.713s] -- Up-to-date: /home/admi3ev/Beluga-Firmware-Mod/install/beluga/include/daw/deprecated/daw_vector.h
[16.714s] -- Up-to-date: /home/admi3ev/Beluga-Firmware-Mod/install/beluga/include/daw/deprecated/daw_range_type.h
[16.714s] -- Up-to-date: /home/admi3ev/Beluga-Firmware-Mod/install/beluga/include/daw/deprecated/daw_ordered_map.h
[16.714s] -- Up-to-date: /home/admi3ev/Beluga-Firmware-Mod/install/beluga/include/daw/deprecated/daw_common_mixins.h
[16.714s] -- Up-to-date: /home/admi3ev/Beluga-Firmware-Mod/install/beluga/include/daw/deprecated/daw_range_algorithm.h
[16.714s] -- Up-to-date: /home/admi3ev/Beluga-Firmware-Mod/install/beluga/include/daw/deprecated/daw_range_operators.h
[16.714s] -- Up-to-date: /home/admi3ev/Beluga-Firmware-Mod/install/beluga/include/daw/deprecated/daw_newhelper.h
[16.714s] -- Up-to-date: /home/admi3ev/Beluga-Firmware-Mod/install/beluga/include/daw/deprecated/daw_optional_poly.h
[16.714s] -- Up-to-date: /home/admi3ev/Beluga-Firmware-Mod/install/beluga/include/daw/deprecated/daw_range_parallel_operators.h
[16.714s] -- Up-to-date: /home/admi3ev/Beluga-Firmware-Mod/install/beluga/include/daw/deprecated/daw_bounded_hash_set.h
[16.715s] -- Up-to-date: /home/admi3ev/Beluga-Firmware-Mod/install/beluga/include/daw/deprecated/daw_string_fmt.h
[16.715s] -- Up-to-date: /home/admi3ev/Beluga-Firmware-Mod/install/beluga/include/daw/deprecated/daw_hash_table.h
[16.715s] -- Up-to-date: /home/admi3ev/Beluga-Firmware-Mod/install/beluga/include/daw/deprecated/daw_bounded_string.h
[16.715s] -- Up-to-date: /home/admi3ev/Beluga-Firmware-Mod/install/beluga/include/daw/deprecated/daw_cfile.h
[16.715s] -- Up-to-date: /home/admi3ev/Beluga-Firmware-Mod/install/beluga/include/daw/deprecated/daw_range_common.h
[16.716s] -- Up-to-date: /home/admi3ev/Beluga-Firmware-Mod/install/beluga/include/daw/deprecated/daw_carray.h
[16.716s] -- Up-to-date: /home/admi3ev/Beluga-Firmware-Mod/install/beluga/include/daw/deprecated/daw_string.h
[16.716s] -- Up-to-date: /home/admi3ev/Beluga-Firmware-Mod/install/beluga/include/daw/deprecated/daw_stack_quick_sort.h
[16.716s] -- Up-to-date: /home/admi3ev/Beluga-Firmware-Mod/install/beluga/include/daw/deprecated/daw_fixed_lookup.h
[16.716s] -- Up-to-date: /home/admi3ev/Beluga-Firmware-Mod/install/beluga/include/daw/deprecated/daw_copiable_unique_ptr.h
[16.716s] -- Up-to-date: /home/admi3ev/Beluga-Firmware-Mod/install/beluga/include/daw/deprecated/daw_safe_string.h
[16.716s] -- Up-to-date: /home/admi3ev/Beluga-Firmware-Mod/install/beluga/include/daw/deprecated/daw_fixed_array.h
[16.716s] -- Up-to-date: /home/admi3ev/Beluga-Firmware-Mod/install/beluga/include/daw/deprecated/daw_bounded_graph.h
[16.716s] -- Up-to-date: /home/admi3ev/Beluga-Firmware-Mod/install/beluga/include/daw/deprecated/not_null.h
[16.716s] -- Up-to-date: /home/admi3ev/Beluga-Firmware-Mod/install/beluga/include/daw/deprecated/daw_heap_array.h
[16.716s] -- Up-to-date: /home/admi3ev/Beluga-Firmware-Mod/install/beluga/include/daw/deprecated/daw_string_split_range.h
[16.717s] -- Up-to-date: /home/admi3ev/Beluga-Firmware-Mod/install/beluga/include/daw/daw_arith_traits.h
[16.717s] -- Up-to-date: /home/admi3ev/Beluga-Firmware-Mod/install/beluga/include/daw/daw_cpp20_concept.h
[16.717s] -- Up-to-date: /home/admi3ev/Beluga-Firmware-Mod/install/beluga/include/daw/daw_swap.h
[16.717s] -- Up-to-date: /home/admi3ev/Beluga-Firmware-Mod/install/beluga/include/daw/daw_construct_a.h
[16.717s] -- Up-to-date: /home/admi3ev/Beluga-Firmware-Mod/install/beluga/include/daw/daw_keep_n.h
[16.717s] -- Up-to-date: /home/admi3ev/Beluga-Firmware-Mod/install/beluga/include/daw/daw_is_detected.h
[16.717s] -- Up-to-date: /home/admi3ev/Beluga-Firmware-Mod/install/beluga/include/daw/daw_concepts.h
[16.717s] -- Up-to-date: /home/admi3ev/Beluga-Firmware-Mod/install/beluga/include/daw/daw_piecewise_factory.h
[16.717s] -- Up-to-date: /home/admi3ev/Beluga-Firmware-Mod/install/beluga/include/daw/daw_format_range.h
[16.717s] -- Up-to-date: /home/admi3ev/Beluga-Firmware-Mod/install/beluga/include/daw/daw_mutable_capture.h
[16.717s] -- Up-to-date: /home/admi3ev/Beluga-Firmware-Mod/install/beluga/include/daw/daw_tracked_allocator.h
[16.717s] -- Up-to-date: /home/admi3ev/Beluga-Firmware-Mod/install/beluga/include/daw/daw_value_ptr.h
[16.718s] -- Up-to-date: /home/admi3ev/Beluga-Firmware-Mod/install/beluga/include/daw/daw_shared_function.h
[16.718s] -- Up-to-date: /home/admi3ev/Beluga-Firmware-Mod/install/beluga/include/daw/daw_enable_if.h
[16.718s] -- Up-to-date: /home/admi3ev/Beluga-Firmware-Mod/install/beluga/include/daw/daw_bit_count.h
[16.718s] -- Up-to-date: /home/admi3ev/Beluga-Firmware-Mod/install/beluga/include/daw/daw_construct_at.h
[16.718s] -- Up-to-date: /home/admi3ev/Beluga-Firmware-Mod/install/beluga/include/daw/daw_restrict.h
[16.718s] -- Up-to-date: /home/admi3ev/Beluga-Firmware-Mod/install/beluga/include/daw/vector.h
[16.718s] -- Up-to-date: /home/admi3ev/Beluga-Firmware-Mod/install/beluga/include/daw/daw_alias_cast.h
[16.718s] -- Up-to-date: /home/admi3ev/Beluga-Firmware-Mod/install/beluga/include/daw/daw_sbo.h
[16.718s] -- Up-to-date: /home/admi3ev/Beluga-Firmware-Mod/install/beluga/include/daw/daw_string_concat.h
[16.718s] -- Up-to-date: /home/admi3ev/Beluga-Firmware-Mod/install/beluga/include/daw/daw_ignored.h
[16.718s] -- Up-to-date: /home/admi3ev/Beluga-Firmware-Mod/install/beluga/include/daw/daw_tuple2.h
[16.718s] -- Up-to-date: /home/admi3ev/Beluga-Firmware-Mod/install/beluga/include/daw/daw_dependent_false.h
[16.718s] -- Up-to-date: /home/admi3ev/Beluga-Firmware-Mod/install/beluga/include/daw/daw_string_view_fwd.h
[16.718s] -- Up-to-date: /home/admi3ev/Beluga-Firmware-Mod/install/beluga/include/daw/daw_pipelines.h
[16.719s] -- Up-to-date: /home/admi3ev/Beluga-Firmware-Mod/install/beluga/include/daw/daw_function_traits.h
[16.719s] -- Up-to-date: /home/admi3ev/Beluga-Firmware-Mod/install/beluga/include/daw/daw_sort_n.h
[16.719s] -- Up-to-date: /home/admi3ev/Beluga-Firmware-Mod/install/beluga/include/daw/daw_overload.h
[16.719s] -- Up-to-date: /home/admi3ev/Beluga-Firmware-Mod/install/beluga/include/daw/daw_is_any_of.h
[16.719s] -- Up-to-date: /home/admi3ev/Beluga-Firmware-Mod/install/beluga/include/daw/daw_optional.h
[16.719s] -- Up-to-date: /home/admi3ev/Beluga-Firmware-Mod/install/beluga/include/daw/daw_do_n.h
[16.719s] -- Up-to-date: /home/admi3ev/Beluga-Firmware-Mod/install/beluga/include/daw/daw_function_table.h
[16.719s] -- Up-to-date: /home/admi3ev/Beluga-Firmware-Mod/install/beluga/include/daw/daw_virtual_base.h
[16.719s] -- Up-to-date: /home/admi3ev/Beluga-Firmware-Mod/install/beluga/include/daw/daw_undefined.h
[16.719s] -- Up-to-date: /home/admi3ev/Beluga-Firmware-Mod/install/beluga/include/daw/daw_enable_requires.h
[16.719s] -- Up-to-date: /home/admi3ev/Beluga-Firmware-Mod/install/beluga/include/daw/daw_heap_value.h
[16.719s] -- Up-to-date: /home/admi3ev/Beluga-Firmware-Mod/install/beluga/include/daw/daw_tuple.h
[16.719s] -- Up-to-date: /home/admi3ev/Beluga-Firmware-Mod/install/beluga/include/daw/daw_observer_ptr.h
[16.719s] -- Up-to-date: /home/admi3ev/Beluga-Firmware-Mod/install/beluga/include/daw/daw_forward_lvalue.h
[16.719s] -- Up-to-date: /home/admi3ev/Beluga-Firmware-Mod/install/beluga/include/daw/daw_not_null.h
[16.720s] -- Up-to-date: /home/admi3ev/Beluga-Firmware-Mod/install/beluga/include/daw/daw_rw_ref.h
[16.720s] -- Up-to-date: /home/admi3ev/Beluga-Firmware-Mod/install/beluga/include/daw/daw_unused.h
[16.720s] -- Up-to-date: /home/admi3ev/Beluga-Firmware-Mod/install/beluga/include/daw/format.h
[16.720s] -- Up-to-date: /home/admi3ev/Beluga-Firmware-Mod/install/beluga/include/daw/daw_identity_function.h
[16.720s] -- Up-to-date: /home/admi3ev/Beluga-Firmware-Mod/install/beluga/include/daw/daw_cpp_feature_check.h
[16.720s] -- Up-to-date: /home/admi3ev/Beluga-Firmware-Mod/install/beluga/include/daw/daw_exception.h
[16.720s] -- Up-to-date: /home/admi3ev/Beluga-Firmware-Mod/install/beluga/include/daw/daw_named_params.h
[16.720s] -- Up-to-date: /home/admi3ev/Beluga-Firmware-Mod/install/beluga/include/daw/daw_bit_cast.h
[16.720s] -- Up-to-date: /home/admi3ev/Beluga-Firmware-Mod/install/beluga/include/daw/daw_cx_offset_of.h
[16.720s] -- Up-to-date: /home/admi3ev/Beluga-Firmware-Mod/install/beluga/include/daw/daw_formatters.h
[16.720s] -- Up-to-date: /home/admi3ev/Beluga-Firmware-Mod/install/beluga/include/daw/daw_container_traits.h
[16.720s] -- Up-to-date: /home/admi3ev/Beluga-Firmware-Mod/install/beluga/include/daw/daw_contract.h
[16.720s] -- Up-to-date: /home/admi3ev/Beluga-Firmware-Mod/install/beluga/include/daw/daw_lift.h
[16.720s] -- Up-to-date: /home/admi3ev/Beluga-Firmware-Mod/install/beluga/include/daw/daw_reference.h
[16.721s] -- Up-to-date: /home/admi3ev/Beluga-Firmware-Mod/install/beluga/include/daw/algorithms
[16.721s] -- Up-to-date: /home/admi3ev/Beluga-Firmware-Mod/install/beluga/include/daw/algorithms/daw_algorithm_accumulate.h
[16.721s] -- Up-to-date: /home/admi3ev/Beluga-Firmware-Mod/install/beluga/include/daw/algorithms/daw_algorithm_adjacent_find.h
[16.721s] -- Up-to-date: /home/admi3ev/Beluga-Firmware-Mod/install/beluga/include/daw/algorithms/daw_algorithm_partial_sum.h
[16.721s] -- Up-to-date: /home/admi3ev/Beluga-Firmware-Mod/install/beluga/include/daw/algorithms/daw_enumerate_tuple.h
[16.721s] -- Up-to-date: /home/admi3ev/Beluga-Firmware-Mod/install/beluga/include/daw/algorithms/daw_algorithm_find_transform.h
[16.721s] -- Up-to-date: /home/admi3ev/Beluga-Firmware-Mod/install/beluga/include/daw/algorithms/daw_algorithm_find.h
[16.721s] -- Up-to-date: /home/admi3ev/Beluga-Firmware-Mod/install/beluga/include/daw/algorithms/daw_array_compare.h
[16.721s] -- Up-to-date: /home/admi3ev/Beluga-Firmware-Mod/install/beluga/include/daw/algorithms/daw_algorithm_copy_n.h
[16.721s] -- Up-to-date: /home/admi3ev/Beluga-Firmware-Mod/install/beluga/include/daw/algorithms/daw_algorithm_copy.h
[16.721s] -- Up-to-date: /home/admi3ev/Beluga-Firmware-Mod/install/beluga/include/daw/daw_uint_buffer.h
[16.721s] -- Up-to-date: /home/admi3ev/Beluga-Firmware-Mod/install/beluga/include/daw/daw_bind_args_at.h
[16.721s] -- Up-to-date: /home/admi3ev/Beluga-Firmware-Mod/install/beluga/include/daw/daw_move.h
[16.721s] -- Up-to-date: /home/admi3ev/Beluga-Firmware-Mod/install/beluga/include/daw/daw_maybe_unique_ptr.h
[16.721s] -- Up-to-date: /home/admi3ev/Beluga-Firmware-Mod/install/beluga/include/daw/daw_atomic_wait.h
[16.722s] -- Up-to-date: /home/admi3ev/Beluga-Firmware-Mod/install/beluga/include/daw/daw_remove_cvref.h
[16.722s] -- Up-to-date: /home/admi3ev/Beluga-Firmware-Mod/install/beluga/include/daw/daw_constinit.h
[16.722s] -- Up-to-date: /home/admi3ev/Beluga-Firmware-Mod/install/beluga/include/daw/daw_fnv1a_hash.h
[16.722s] -- Up-to-date: /home/admi3ev/Beluga-Firmware-Mod/install/beluga/include/daw/daw_unique_ptr.h
[16.722s] -- Up-to-date: /home/admi3ev/Beluga-Firmware-Mod/install/beluga/include/daw/daw_iter_view.h
[16.722s] -- Up-to-date: /home/admi3ev/Beluga-Firmware-Mod/install/beluga/include/daw/daw_typeof.h
[16.722s] -- Up-to-date: /home/admi3ev/Beluga-Firmware-Mod/install/beluga/include/daw/daw_string_view2.h
[16.722s] -- Up-to-date: /home/admi3ev/Beluga-Firmware-Mod/install/beluga/include/daw/daw_unreachable.h
[16.722s] -- Up-to-date: /home/admi3ev/Beluga-Firmware-Mod/install/beluga/include/daw/split_buffer.h
[16.722s] -- Up-to-date: /home/admi3ev/Beluga-Firmware-Mod/install/beluga/include/daw/daw_parser_addons.h
[16.722s] -- Up-to-date: /home/admi3ev/Beluga-Firmware-Mod/install/beluga/include/daw/daw_use_default.h
[16.722s] -- Up-to-date: /home/admi3ev/Beluga-Firmware-Mod/install/beluga/include/daw/daw_function_ref.h
[16.723s] -- Up-to-date: /home/admi3ev/Beluga-Firmware-Mod/install/beluga/include/daw/daw_bounded_array.h
[16.723s] -- Up-to-date: /home/admi3ev/Beluga-Firmware-Mod/install/beluga/include/daw/daw_from_string.h
[16.723s] -- Up-to-date: /home/admi3ev/Beluga-Firmware-Mod/install/beluga/include/daw/daw_endian.h
[16.723s] -- Up-to-date: /home/admi3ev/Beluga-Firmware-Mod/install/beluga/include/daw/daw_nth_pack_element.h
[16.723s] -- Up-to-date: /home/admi3ev/Beluga-Firmware-Mod/install/beluga/include/daw/daw_fwd_pack_apply.h
[16.723s] -- Up-to-date: /home/admi3ev/Beluga-Firmware-Mod/install/beluga/include/daw/daw_span_writer.h
[16.723s] -- Up-to-date: /home/admi3ev/Beluga-Firmware-Mod/install/beluga/include/daw/daw_traits.h
[16.723s] -- Up-to-date: /home/admi3ev/Beluga-Firmware-Mod/install/beluga/include/daw/cpp_20.h
[16.723s] -- Up-to-date: /home/admi3ev/Beluga-Firmware-Mod/install/beluga/include/daw/daw_hash_set.h
[16.723s] -- Up-to-date: /home/admi3ev/Beluga-Firmware-Mod/install/beluga/include/daw/daw_hide.h
[16.723s] -- Up-to-date: /home/admi3ev/Beluga-Firmware-Mod/install/beluga/include/daw/daw_string_view_version.h
[16.723s] -- Up-to-date: /home/admi3ev/Beluga-Firmware-Mod/install/beluga/include/daw/daw_take.h
[16.724s] -- Up-to-date: /home/admi3ev/Beluga-Firmware-Mod/install/beluga/include/daw/daw_apply.h
[16.724s] -- Up-to-date: /home/admi3ev/Beluga-Firmware-Mod/install/beluga/include/daw/daw_any_if.h
[16.724s] -- Up-to-date: /home/admi3ev/Beluga-Firmware-Mod/install/beluga/include/daw/daw_uint_types.h
[16.724s] -- Up-to-date: /home/admi3ev/Beluga-Firmware-Mod/install/beluga/include/daw/daw_unique_resource.h
[16.724s] -- Up-to-date: /home/admi3ev/Beluga-Firmware-Mod/install/beluga/include/daw/daw_move_only_base.h
[16.724s] -- Up-to-date: /home/admi3ev/Beluga-Firmware-Mod/install/beluga/include/daw/daw_generic_hash.h
[16.724s] -- Up-to-date: /home/admi3ev/Beluga-Firmware-Mod/install/beluga/include/daw/daw_validated.h
[16.724s] -- Up-to-date: /home/admi3ev/Beluga-Firmware-Mod/install/beluga/include/daw/daw_math.h
[16.724s] -- Up-to-date: /home/admi3ev/Beluga-Firmware-Mod/install/beluga/include/daw/daw_poly_value.h
[16.724s] -- Up-to-date: /home/admi3ev/Beluga-Firmware-Mod/install/beluga/include/daw/daw_bit_cast_util.h
[16.724s] -- Up-to-date: /home/admi3ev/Beluga-Firmware-Mod/install/beluga/include/daw/daw_compiler_fixups.h
[16.724s] -- Up-to-date: /home/admi3ev/Beluga-Firmware-Mod/install/beluga/include/daw/daw_parser_helper_sv.h
[16.724s] -- Up-to-date: /home/admi3ev/Beluga-Firmware-Mod/install/beluga/include/daw/daw_do_not_optimize.h
[16.724s] -- Up-to-date: /home/admi3ev/Beluga-Firmware-Mod/install/beluga/include/daw/daw_character_traits.h
[16.725s] -- Up-to-date: /home/admi3ev/Beluga-Firmware-Mod/install/beluga/include/daw/daw_exchange.h
[16.725s] -- Up-to-date: /home/admi3ev/Beluga-Firmware-Mod/install/beluga/include/daw/daw_natural.h
[16.725s] -- Up-to-date: /home/admi3ev/Beluga-Firmware-Mod/install/beluga/include/daw/daw_int_cmp.h
[16.725s] -- Up-to-date: /home/admi3ev/Beluga-Firmware-Mod/install/beluga/include/daw/daw_parser_helper.h
[16.725s] -- Up-to-date: /home/admi3ev/Beluga-Firmware-Mod/install/beluga/include/daw/daw_utility.h
[16.725s] -- Up-to-date: /home/admi3ev/Beluga-Firmware-Mod/install/beluga/include/daw/daw_logic.h
[16.725s] -- Up-to-date: /home/admi3ev/Beluga-Firmware-Mod/install/beluga/include/daw/daw_graph_algorithm.h
[16.726s] -- Up-to-date: /home/admi3ev/Beluga-Firmware-Mod/install/beluga/include/daw/daw_visit.h
[16.726s] -- Up-to-date: /home/admi3ev/Beluga-Firmware-Mod/install/beluga/include/daw/daw_container_help.h
[16.726s] -- Up-to-date: /home/admi3ev/Beluga-Firmware-Mod/install/beluga/include/daw/daw_integer_reverse.h
[16.727s] -- Up-to-date: /home/admi3ev/Beluga-Firmware-Mod/install/beluga/include/daw/daw_scope_guard.h
[16.727s] -- Up-to-date: /home/admi3ev/Beluga-Firmware-Mod/install/beluga/include/daw/daw_operators.h
[16.727s] -- Up-to-date: /home/admi3ev/Beluga-Firmware-Mod/install/beluga/include/daw/daw_bit_queues.h
[16.727s] -- Up-to-date: /home/admi3ev/Beluga-Firmware-Mod/install/beluga/include/daw/daw_cx_atomic.h
[16.727s] -- Up-to-date: /home/admi3ev/Beluga-Firmware-Mod/install/beluga/include/daw/daw_metro_hash.h
[16.727s] -- Up-to-date: /home/admi3ev/Beluga-Firmware-Mod/install/beluga/include/daw/daw_graph.h
[16.727s] -- Up-to-date: /home/admi3ev/Beluga-Firmware-Mod/install/beluga/include/daw/daw_uint_buffer_ios.h
[16.727s] -- Up-to-date: /home/admi3ev/Beluga-Firmware-Mod/install/beluga/include/daw/daw_format_tuple.h
[16.728s] -- Up-to-date: /home/admi3ev/Beluga-Firmware-Mod/install/beluga/include/daw/daw_data_end.h
[16.728s] -- Up-to-date: /home/admi3ev/Beluga-Firmware-Mod/install/beluga/include/daw/daw_likely.h
[16.728s] -- Up-to-date: /home/admi3ev/Beluga-Firmware-Mod/install/beluga/include/daw/daw_move_only.h
[16.728s] -- Up-to-date: /home/admi3ev/Beluga-Firmware-Mod/install/beluga/include/daw/daw_empty.h
[16.728s] -- Up-to-date: /home/admi3ev/Beluga-Firmware-Mod/install/beluga/include/daw/daw_parse_args.h
[16.728s] -- Up-to-date: /home/admi3ev/Beluga-Firmware-Mod/install/beluga/include/daw/daw_ordering_to_integer.h
[16.729s] -- Up-to-date: /home/admi3ev/Beluga-Firmware-Mod/install/beluga/include/daw/daw_forward_like.h
[16.729s] -- Up-to-date: /home/admi3ev/Beluga-Firmware-Mod/install/beluga/include/daw/daw_visit_as.h
[16.729s] -- Up-to-date: /home/admi3ev/Beluga-Firmware-Mod/install/beluga/include/daw/daw_variant_cast.h
[16.729s] -- Up-to-date: /home/admi3ev/Beluga-Firmware-Mod/install/beluga/include/daw/daw_function.h
[16.729s] -- Up-to-date: /home/admi3ev/Beluga-Firmware-Mod/install/beluga/include/daw/vector_algorithm.h
[16.730s] -- Up-to-date: /home/admi3ev/Beluga-Firmware-Mod/install/beluga/include/daw/daw_ref_counted_pointer.h
[16.730s] -- Up-to-date: /home/admi3ev/Beluga-Firmware-Mod/install/beluga/include/daw/daw_poly_var.h
[16.730s] -- Up-to-date: /home/admi3ev/Beluga-Firmware-Mod/install/beluga/include/daw/traits
[16.730s] -- Up-to-date: /home/admi3ev/Beluga-Firmware-Mod/install/beluga/include/daw/traits/daw_traits_is_a_type.h
[16.730s] -- Up-to-date: /home/admi3ev/Beluga-Firmware-Mod/install/beluga/include/daw/traits/daw_traits_is_ostream_like.h
[16.730s] -- Up-to-date: /home/admi3ev/Beluga-Firmware-Mod/install/beluga/include/daw/traits/daw_traits_remove_cvref.h
[16.730s] -- Up-to-date: /home/admi3ev/Beluga-Firmware-Mod/install/beluga/include/daw/traits/daw_traits_is_rvalue_reference.h
[16.731s] -- Up-to-date: /home/admi3ev/Beluga-Firmware-Mod/install/beluga/include/daw/traits/daw_traits_conditional.h
[16.731s] -- Up-to-date: /home/admi3ev/Beluga-Firmware-Mod/install/beluga/include/daw/traits/daw_remove_array_ref.h
[16.731s] -- Up-to-date: /home/admi3ev/Beluga-Firmware-Mod/install/beluga/include/daw/traits/daw_traits_first_type.h
[16.731s] -- Up-to-date: /home/admi3ev/Beluga-Firmware-Mod/install/beluga/include/daw/traits/daw_copy_cvref_t.h
[16.731s] -- Up-to-date: /home/admi3ev/Beluga-Firmware-Mod/install/beluga/include/daw/traits/daw_traits_integer_type.h
[16.731s] -- Up-to-date: /home/admi3ev/Beluga-Firmware-Mod/install/beluga/include/daw/traits/daw_traits_pack_list.h
[16.732s] -- Up-to-date: /home/admi3ev/Beluga-Firmware-Mod/install/beluga/include/daw/traits/daw_traits_is_one_of.h
[16.732s] -- Up-to-date: /home/admi3ev/Beluga-Firmware-Mod/install/beluga/include/daw/traits/daw_traits_nth_element.h
[16.732s] -- Up-to-date: /home/admi3ev/Beluga-Firmware-Mod/install/beluga/include/daw/traits/daw_traits_identity.h
[16.732s] -- Up-to-date: /home/admi3ev/Beluga-Firmware-Mod/install/beluga/include/daw/traits/daw_formatter.h
[16.732s] -- Up-to-date: /home/admi3ev/Beluga-Firmware-Mod/install/beluga/include/daw/traits/daw_traits_is_same.h
[16.732s] -- Up-to-date: /home/admi3ev/Beluga-Firmware-Mod/install/beluga/include/daw/traits/daw_traits_is_const.h
[16.733s] -- Up-to-date: /home/admi3ev/Beluga-Firmware-Mod/install/beluga/include/daw/traits/daw_traits_concepts.h
[16.733s] -- Up-to-date: /home/admi3ev/Beluga-Firmware-Mod/install/beluga/include/daw/cpp_17.h
[16.733s] -- Up-to-date: /home/admi3ev/Beluga-Firmware-Mod/install/beluga/include/daw/daw_aligned_storage.h
[16.734s] -- Up-to-date: /home/admi3ev/Beluga-Firmware-Mod/install/beluga/include/daw/daw_span.h
[16.734s] -- Up-to-date: /home/admi3ev/Beluga-Firmware-Mod/install/beluga/include/daw/daw_allow_once.h
[16.734s] -- Up-to-date: /home/admi3ev/Beluga-Firmware-Mod/install/beluga/include/daw/daw_prop_const_ptr.h
[16.735s] -- Up-to-date: /home/admi3ev/Beluga-Firmware-Mod/install/beluga/include/daw/wrap_iter.h
[16.735s] -- Up-to-date: /home/admi3ev/Beluga-Firmware-Mod/install/beluga/include/daw/daw_view.h
[16.735s] -- Up-to-date: /home/admi3ev/Beluga-Firmware-Mod/install/beluga/include/daw/daw_array.h
[16.735s] -- Up-to-date: /home/admi3ev/Beluga-Firmware-Mod/install/beluga/include/daw/stdinc
[16.735s] -- Up-to-date: /home/admi3ev/Beluga-Firmware-Mod/install/beluga/include/daw/stdinc/iterator_traits.h
[16.735s] -- Up-to-date: /home/admi3ev/Beluga-Firmware-Mod/install/beluga/include/daw/stdinc/compare_fn.h
[16.735s] -- Up-to-date: /home/admi3ev/Beluga-Firmware-Mod/install/beluga/include/daw/stdinc/reverse_iterator.h
[16.736s] -- Up-to-date: /home/admi3ev/Beluga-Firmware-Mod/install/beluga/include/daw/stdinc/hash.h
[16.736s] -- Up-to-date: /home/admi3ev/Beluga-Firmware-Mod/install/beluga/include/daw/stdinc/integer_sequence.h
[16.736s] -- Up-to-date: /home/admi3ev/Beluga-Firmware-Mod/install/beluga/include/daw/stdinc/declval.h
[16.736s] -- Up-to-date: /home/admi3ev/Beluga-Firmware-Mod/install/beluga/include/daw/stdinc/move_fwd_exch.h
[16.736s] -- Up-to-date: /home/admi3ev/Beluga-Firmware-Mod/install/beluga/include/daw/stdinc/readme.md
[16.736s] -- Up-to-date: /home/admi3ev/Beluga-Firmware-Mod/install/beluga/include/daw/stdinc/reference_wrapper.h
[16.736s] -- Up-to-date: /home/admi3ev/Beluga-Firmware-Mod/install/beluga/include/daw/stdinc/integral_constant.h
[16.737s] -- Up-to-date: /home/admi3ev/Beluga-Firmware-Mod/install/beluga/include/daw/stdinc/is_convertible.h
[16.737s] -- Up-to-date: /home/admi3ev/Beluga-Firmware-Mod/install/beluga/include/daw/stdinc/enable_if.h
[16.737s] -- Up-to-date: /home/admi3ev/Beluga-Firmware-Mod/install/beluga/include/daw/stdinc/in_place.h
[16.737s] -- Up-to-date: /home/admi3ev/Beluga-Firmware-Mod/install/beluga/include/daw/stdinc/min_and_max.h
[16.737s] -- Up-to-date: /home/admi3ev/Beluga-Firmware-Mod/install/beluga/include/daw/stdinc/data_access.h
[16.737s] -- Up-to-date: /home/admi3ev/Beluga-Firmware-Mod/install/beluga/include/daw/stdinc/tuple_traits.h
[16.737s] -- Up-to-date: /home/admi3ev/Beluga-Firmware-Mod/install/beluga/include/daw/stdinc/range_access.h
[16.738s] -- Up-to-date: /home/admi3ev/Beluga-Firmware-Mod/install/beluga/include/daw/stdinc/void_t.h
[16.738s] -- Up-to-date: /home/admi3ev/Beluga-Firmware-Mod/install/beluga/include/daw/stdinc/remove_cvref.h
[16.738s] -- Up-to-date: /home/admi3ev/Beluga-Firmware-Mod/install/beluga/include/daw/daw_algorithm.h
[16.738s] -- Up-to-date: /home/admi3ev/Beluga-Firmware-Mod/install/beluga/include/daw/daw_benchmark.h
[16.738s] -- Up-to-date: /home/admi3ev/Beluga-Firmware-Mod/install/beluga/include/daw/daw_print.h
[16.738s] -- Up-to-date: /home/admi3ev/Beluga-Firmware-Mod/install/beluga/include/daw/daw_parse_to.h
[16.738s] -- Up-to-date: /home/admi3ev/Beluga-Firmware-Mod/install/beluga/include/daw/daw_memory_mapped_file.h
[16.738s] -- Up-to-date: /home/admi3ev/Beluga-Firmware-Mod/install/beluga/include/daw/daw_uninitialized_storage.h
[16.739s] -- Up-to-date: /home/admi3ev/Beluga-Firmware-Mod/install/beluga/include/daw/daw_pack_element.h
[16.739s] -- Up-to-date: /home/admi3ev/Beluga-Firmware-Mod/install/beluga/include/daw/daw_read_only.h
[16.739s] -- Up-to-date: /home/admi3ev/Beluga-Firmware-Mod/install/beluga/include/daw/daw_random.h
[16.739s] -- Up-to-date: /home/admi3ev/Beluga-Firmware-Mod/install/beluga/include/daw/daw_cxmath.h
[16.739s] -- Up-to-date: /home/admi3ev/Beluga-Firmware-Mod/install/beluga/include/daw/daw_min_perfect_hash.h
[16.739s] -- Up-to-date: /home/admi3ev/Beluga-Firmware-Mod/install/beluga/include/daw/daw_size_literals.h
[16.740s] -- Up-to-date: /home/admi3ev/Beluga-Firmware-Mod/install/beluga/include/daw/daw_container_algorithm.h
[16.740s] -- Up-to-date: /home/admi3ev/Beluga-Firmware-Mod/install/beluga/include/daw/daw_stack_function.h
[16.740s] -- Up-to-date: /home/admi3ev/Beluga-Firmware-Mod/install/beluga/include/daw/daw_string_view.h
[16.740s] -- Up-to-date: /home/admi3ev/Beluga-Firmware-Mod/install/beluga/include/daw/daw_deduced_type.h
[16.740s] -- Up-to-date: /home/admi3ev/Beluga-Firmware-Mod/install/beluga/include/daw/daw_attributes.h
[16.741s] -- Up-to-date: /home/admi3ev/Beluga-Firmware-Mod/install/beluga/include/daw/daw_bitset.h
[16.741s] -- Up-to-date: /home/admi3ev/Beluga-Firmware-Mod/install/beluga/include/daw/daw_to_underlying_type.h
[16.741s] -- Up-to-date: /home/admi3ev/Beluga-Firmware-Mod/install/beluga/include/daw/daw_static_bitset.h
[16.741s] -- Up-to-date: /home/admi3ev/Beluga-Firmware-Mod/install/beluga/include/daw/daw_consteval.h
[16.741s] -- Up-to-date: /home/admi3ev/Beluga-Firmware-Mod/install/beluga/include/daw/daw_ensure.h
[16.741s] -- Up-to-date: /home/admi3ev/Beluga-Firmware-Mod/install/beluga/include/daw/daw_can_constant_evaluate.h
[16.741s] -- Up-to-date: /home/admi3ev/Beluga-Firmware-Mod/install/beluga/include/daw/daw_simple_array.h
[16.742s] -- Up-to-date: /home/admi3ev/Beluga-Firmware-Mod/install/beluga/include/daw/daw_contiguous_view.h
[16.742s] -- Up-to-date: /home/admi3ev/Beluga-Firmware-Mod/install/beluga/include/daw/daw_describe.h
[16.742s] -- Up-to-date: /home/admi3ev/Beluga-Firmware-Mod/install/beluga/include/daw/daw_is_constant_evaluated.h
[16.742s] -- Up-to-date: /home/admi3ev/Beluga-Firmware-Mod/install/beluga/include/daw/daw_always_false.h
[16.742s] -- Up-to-date: /home/admi3ev/Beluga-Firmware-Mod/install/beluga/include/daw/daw_zipcontainer.h
[16.742s] -- Up-to-date: /home/admi3ev/Beluga-Firmware-Mod/install/beluga/include/daw/static_hash_table.h
[16.743s] -- Up-to-date: /home/admi3ev/Beluga-Firmware-Mod/install/beluga/include/daw/daw_countable_resource.h
[16.743s] -- Up-to-date: /home/admi3ev/Beluga-Firmware-Mod/install/beluga/include/daw/daw_iterator_traits.h
[16.743s] -- Up-to-date: /home/admi3ev/Beluga-Firmware-Mod/install/beluga/include/daw/daw_bind_front.h
[16.743s] -- Up-to-date: /home/admi3ev/Beluga-Firmware-Mod/install/beluga/include/daw/daw_monadic_pointer_ops.h
[16.743s] -- Up-to-date: /home/admi3ev/Beluga-Firmware-Mod/install/beluga/include/daw/daw_tuple_helper.h
[16.743s] -- Installing: /home/admi3ev/Beluga-Firmware-Mod/install/beluga/include/daw/daw_tuple_forward.h
[16.743s] -- Up-to-date: /home/admi3ev/Beluga-Firmware-Mod/install/beluga/include/daw/daw_callable.h
[16.744s] -- Up-to-date: /home/admi3ev/Beluga-Firmware-Mod/install/beluga/include/daw/daw_ascii.h
[16.744s] -- Up-to-date: /home/admi3ev/Beluga-Firmware-Mod/install/beluga/include/daw/daw_bit.h
[16.744s] -- Up-to-date: /home/admi3ev/Beluga-Firmware-Mod/install/beluga/include/daw/pipelines
[16.744s] -- Up-to-date: /home/admi3ev/Beluga-Firmware-Mod/install/beluga/include/daw/pipelines/slide.h
[16.744s] -- Up-to-date: /home/admi3ev/Beluga-Firmware-Mod/install/beluga/include/daw/pipelines/pipeline.h
[16.744s] -- Up-to-date: /home/admi3ev/Beluga-Firmware-Mod/install/beluga/include/daw/pipelines/range_base.h
[16.744s] -- Up-to-date: /home/admi3ev/Beluga-Firmware-Mod/install/beluga/include/daw/pipelines/flatten.h
[16.744s] -- Up-to-date: /home/admi3ev/Beluga-Firmware-Mod/install/beluga/include/daw/pipelines/iota.h
[16.745s] -- Up-to-date: /home/admi3ev/Beluga-Firmware-Mod/install/beluga/include/daw/pipelines/find.h
[16.745s] -- Up-to-date: /home/admi3ev/Beluga-Firmware-Mod/install/beluga/include/daw/pipelines/zip.h
[16.745s] -- Up-to-date: /home/admi3ev/Beluga-Firmware-Mod/install/beluga/include/daw/pipelines/every.h
[16.746s] -- Up-to-date: /home/admi3ev/Beluga-Firmware-Mod/install/beluga/include/daw/pipelines/sized_iterator.h
[16.746s] -- Up-to-date: /home/admi3ev/Beluga-Firmware-Mod/install/beluga/include/daw/pipelines/generate.h
[16.747s] -- Up-to-date: /home/admi3ev/Beluga-Firmware-Mod/install/beluga/include/daw/pipelines/print.h
[16.747s] -- Up-to-date: /home/admi3ev/Beluga-Firmware-Mod/install/beluga/include/daw/pipelines/algorithm.h
[16.747s] -- Up-to-date: /home/admi3ev/Beluga-Firmware-Mod/install/beluga/include/daw/pipelines/concat.h
[16.747s] -- Up-to-date: /home/admi3ev/Beluga-Firmware-Mod/install/beluga/include/daw/pipelines/sample.h
[16.747s] -- Up-to-date: /home/admi3ev/Beluga-Firmware-Mod/install/beluga/include/daw/pipelines/take.h
[16.747s] -- Up-to-date: /home/admi3ev/Beluga-Firmware-Mod/install/beluga/include/daw/pipelines/unique.h
[16.748s] -- Up-to-date: /home/admi3ev/Beluga-Firmware-Mod/install/beluga/include/daw/pipelines/reverse.h
[16.748s] -- Up-to-date: /home/admi3ev/Beluga-Firmware-Mod/install/beluga/include/daw/pipelines/drop.h
[16.748s] -- Up-to-date: /home/admi3ev/Beluga-Firmware-Mod/install/beluga/include/daw/pipelines/pipeline_traits.h
[16.748s] -- Up-to-date: /home/admi3ev/Beluga-Firmware-Mod/install/beluga/include/daw/pipelines/chunk.h
[16.748s] -- Up-to-date: /home/admi3ev/Beluga-Firmware-Mod/install/beluga/include/daw/pipelines/first.h
[16.748s] -- Up-to-date: /home/admi3ev/Beluga-Firmware-Mod/install/beluga/include/daw/pipelines/maybe.h
[16.748s] -- Up-to-date: /home/admi3ev/Beluga-Firmware-Mod/install/beluga/include/daw/pipelines/split.h
[16.748s] -- Up-to-date: /home/admi3ev/Beluga-Firmware-Mod/install/beluga/include/daw/pipelines/enumerate.h
[16.749s] -- Up-to-date: /home/admi3ev/Beluga-Firmware-Mod/install/beluga/include/daw/pipelines/numeric.h
[16.749s] -- Up-to-date: /home/admi3ev/Beluga-Firmware-Mod/install/beluga/include/daw/pipelines/copy.h
[16.749s] -- Up-to-date: /home/admi3ev/Beluga-Firmware-Mod/install/beluga/include/daw/pipelines/elements.h
[16.749s] -- Up-to-date: /home/admi3ev/Beluga-Firmware-Mod/install/beluga/include/daw/pipelines/filter.h
[16.749s] -- Up-to-date: /home/admi3ev/Beluga-Firmware-Mod/install/beluga/include/daw/pipelines/swizzle.h
[16.750s] -- Up-to-date: /home/admi3ev/Beluga-Firmware-Mod/install/beluga/include/daw/pipelines/range.h
[16.750s] -- Up-to-date: /home/admi3ev/Beluga-Firmware-Mod/install/beluga/include/daw/pipelines/skip.h
[16.750s] -- Up-to-date: /home/admi3ev/Beluga-Firmware-Mod/install/beluga/include/daw/pipelines/map.h
[16.750s] -- Up-to-date: /home/admi3ev/Beluga-Firmware-Mod/install/beluga/include/daw/pipelines/cache_last_view.h
[16.750s] -- Up-to-date: /home/admi3ev/Beluga-Firmware-Mod/install/beluga/include/daw/pipelines/foreach.h
[16.751s] -- Up-to-date: /home/admi3ev/Beluga-Firmware-Mod/install/beluga/include/daw/pipelines/predicates.h
[16.751s] -- Up-to-date: /home/admi3ev/Beluga-Firmware-Mod/install/beluga/include/daw/pipelines/to.h
[16.751s] -- Up-to-date: /home/admi3ev/Beluga-Firmware-Mod/install/beluga/include/daw/daw_check_exceptions.h
[16.751s] -- Up-to-date: /home/admi3ev/Beluga-Firmware-Mod/install/beluga/include/daw/daw_union_pair.h
[16.751s] -- Up-to-date: /home/admi3ev/Beluga-Firmware-Mod/install/beluga/include/daw/daw_algorithm_cx.h
[16.751s] -- Up-to-date: /home/admi3ev/Beluga-Firmware-Mod/install/beluga/include/daw/impl
[16.752s] -- Up-to-date: /home/admi3ev/Beluga-Firmware-Mod/install/beluga/include/daw/impl/daw_container_help_vector.h
[16.752s] -- Up-to-date: /home/admi3ev/Beluga-Firmware-Mod/install/beluga/include/daw/impl/daw_msvc_int128.h
[16.752s] -- Up-to-date: /home/admi3ev/Beluga-Firmware-Mod/install/beluga/include/daw/impl/daw_container_help_string.h
[16.752s] -- Up-to-date: /home/admi3ev/Beluga-Firmware-Mod/install/beluga/include/daw/impl/daw_view_tags.h
[16.752s] -- Up-to-date: /home/admi3ev/Beluga-Firmware-Mod/install/beluga/include/daw/impl/formatter_common.h
[16.752s] -- Up-to-date: /home/admi3ev/Beluga-Firmware-Mod/install/beluga/include/daw/impl/daw_math_impl.h
[16.752s] -- Up-to-date: /home/admi3ev/Beluga-Firmware-Mod/install/beluga/include/daw/impl/daw_numeric_limits.h
[16.753s] -- Up-to-date: /home/admi3ev/Beluga-Firmware-Mod/install/beluga/include/daw/impl/daw_container_help_ins_ext.h
[16.753s] -- Up-to-date: /home/admi3ev/Beluga-Firmware-Mod/install/beluga/include/daw/impl/daw_container_help_impl.h
[16.753s] -- Up-to-date: /home/admi3ev/Beluga-Firmware-Mod/install/beluga/include/daw/impl/daw_traits_impl.h
[16.753s] -- Up-to-date: /home/admi3ev/Beluga-Firmware-Mod/install/beluga/include/daw/impl/daw_make_trait.h
[16.753s] -- Up-to-date: /home/admi3ev/Beluga-Firmware-Mod/install/beluga/include/daw/impl/daw_is_string_view_like.h
[16.753s] -- Up-to-date: /home/admi3ev/Beluga-Firmware-Mod/install/beluga/include/daw/impl/daw_gcc_clang_int128.h
[16.753s] -- Up-to-date: /home/admi3ev/Beluga-Firmware-Mod/install/beluga/include/daw/impl/daw_int_to_iterator.h
[16.753s] -- Up-to-date: /home/admi3ev/Beluga-Firmware-Mod/install/beluga/include/daw/impl/daw_int128_check.h
[16.753s] -- Up-to-date: /home/admi3ev/Beluga-Firmware-Mod/install/beluga/include/daw/impl/daw_string_impl.h
[16.753s] -- Up-to-date: /home/admi3ev/Beluga-Firmware-Mod/install/beluga/include/daw/compressed_pair.h
[16.753s] -- Up-to-date: /home/admi3ev/Beluga-Firmware-Mod/install/beluga/include/daw/daw_function_view.h
[16.753s] -- Up-to-date: /home/admi3ev/Beluga-Firmware-Mod/install/beluga/include/daw/daw_assume.h
[16.753s] -- Up-to-date: /home/admi3ev/Beluga-Firmware-Mod/install/beluga/include/daw/daw_bitset_helper.h
[16.753s] -- Up-to-date: /home/admi3ev/Beluga-Firmware-Mod/install/beluga/include/daw/daw_format_string_view.h
[16.754s] -- Up-to-date: /home/admi3ev/Beluga-Firmware-Mod/install/beluga/lib/cmake/daw-utf-range/daw-utf-rangeTargets.cmake
[16.754s] -- Up-to-date: /home/admi3ev/Beluga-Firmware-Mod/install/beluga/lib/cmake/daw-utf-range/daw-utf-rangeConfig.cmake
[16.754s] -- Up-to-date: /home/admi3ev/Beluga-Firmware-Mod/install/beluga/lib/cmake/daw-utf-range/daw-utf-rangeConfigVersion.cmake
[16.754s] -- Up-to-date: /home/admi3ev/Beluga-Firmware-Mod/install/beluga/include/daw
[16.754s] -- Up-to-date: /home/admi3ev/Beluga-Firmware-Mod/install/beluga/include/daw/utf8.h
[16.754s] -- Up-to-date: /home/admi3ev/Beluga-Firmware-Mod/install/beluga/include/daw/utf_range
[16.754s] -- Up-to-date: /home/admi3ev/Beluga-Firmware-Mod/install/beluga/include/daw/utf_range/daw_utf_range.h
[16.754s] -- Up-to-date: /home/admi3ev/Beluga-Firmware-Mod/install/beluga/include/daw/utf_range/daw_utf_string.h
[16.754s] -- Up-to-date: /home/admi3ev/Beluga-Firmware-Mod/install/beluga/include/daw/utf8
[16.754s] -- Up-to-date: /home/admi3ev/Beluga-Firmware-Mod/install/beluga/include/daw/utf8/unchecked.h
[16.754s] -- Up-to-date: /home/admi3ev/Beluga-Firmware-Mod/install/beluga/include/daw/utf8/core.h
[16.754s] -- Up-to-date: /home/admi3ev/Beluga-Firmware-Mod/install/beluga/include/daw/utf8/checked.h
[16.754s] -- Up-to-date: /home/admi3ev/Beluga-Firmware-Mod/install/beluga/share/daw-json-link/cmake/daw-json-linkTargets.cmake
[16.754s] -- Up-to-date: /home/admi3ev/Beluga-Firmware-Mod/install/beluga/share/daw-json-link/cmake/daw-json-linkConfig.cmake
[16.754s] -- Up-to-date: /home/admi3ev/Beluga-Firmware-Mod/install/beluga/share/daw-json-link/cmake/daw-json-linkConfigVersion.cmake
[16.755s] -- Up-to-date: /home/admi3ev/Beluga-Firmware-Mod/install/beluga/include/
[16.755s] -- Up-to-date: /home/admi3ev/Beluga-Firmware-Mod/install/beluga/include//daw
[16.755s] -- Up-to-date: /home/admi3ev/Beluga-Firmware-Mod/install/beluga/include//daw/third_party
[16.755s] -- Up-to-date: /home/admi3ev/Beluga-Firmware-Mod/install/beluga/include//daw/third_party/dragonbox
[16.755s] -- Up-to-date: /home/admi3ev/Beluga-Firmware-Mod/install/beluga/include//daw/third_party/dragonbox/dragonbox_to_chars.h
[16.755s] -- Up-to-date: /home/admi3ev/Beluga-Firmware-Mod/install/beluga/include//daw/third_party/dragonbox/dragonbox.h
[16.755s] -- Up-to-date: /home/admi3ev/Beluga-Firmware-Mod/install/beluga/include//daw/third_party/dragonbox/dragonbox_to_decimal.h
[16.755s] -- Up-to-date: /home/admi3ev/Beluga-Firmware-Mod/install/beluga/include//daw/json
[16.755s] -- Up-to-date: /home/admi3ev/Beluga-Firmware-Mod/install/beluga/include//daw/json/daw_json_apply.h
[16.755s] -- Up-to-date: /home/admi3ev/Beluga-Firmware-Mod/install/beluga/include//daw/json/daw_json_iostream.h
[16.755s] -- Up-to-date: /home/admi3ev/Beluga-Firmware-Mod/install/beluga/include//daw/json/daw_json_link_describe.h
[16.755s] -- Up-to-date: /home/admi3ev/Beluga-Firmware-Mod/install/beluga/include//daw/json/daw_json_lines_iterator.h
[16.755s] -- Up-to-date: /home/admi3ev/Beluga-Firmware-Mod/install/beluga/include//daw/json/daw_json_boost_pfr_mapping.h
[16.755s] -- Up-to-date: /home/admi3ev/Beluga-Firmware-Mod/install/beluga/include//daw/json/daw_json_event_parser.h
[16.755s] -- Up-to-date: /home/admi3ev/Beluga-Firmware-Mod/install/beluga/include//daw/json/daw_to_json.h
[16.756s] -- Up-to-date: /home/admi3ev/Beluga-Firmware-Mod/install/beluga/include//daw/json/daw_json_exception.h
[16.756s] -- Up-to-date: /home/admi3ev/Beluga-Firmware-Mod/install/beluga/include//daw/json/daw_json_parse_options.h
[16.756s] -- Up-to-date: /home/admi3ev/Beluga-Firmware-Mod/install/beluga/include//daw/json/daw_json_switches.h
[16.756s] -- Up-to-date: /home/admi3ev/Beluga-Firmware-Mod/install/beluga/include//daw/json/concepts
[16.756s] -- Up-to-date: /home/admi3ev/Beluga-Firmware-Mod/install/beluga/include//daw/json/concepts/daw_container_traits_fwd.h
[16.756s] -- Up-to-date: /home/admi3ev/Beluga-Firmware-Mod/install/beluga/include//daw/json/concepts/daw_container_traits.h
[16.756s] -- Up-to-date: /home/admi3ev/Beluga-Firmware-Mod/install/beluga/include//daw/json/concepts/readme.md
[16.756s] -- Up-to-date: /home/admi3ev/Beluga-Firmware-Mod/install/beluga/include//daw/json/concepts/daw_nullable_value.h
[16.756s] -- Up-to-date: /home/admi3ev/Beluga-Firmware-Mod/install/beluga/include//daw/json/concepts/daw_writable_output_fwd.h
[16.756s] -- Up-to-date: /home/admi3ev/Beluga-Firmware-Mod/install/beluga/include//daw/json/concepts/daw_nullable_value_fwd.h
[16.756s] -- Up-to-date: /home/admi3ev/Beluga-Firmware-Mod/install/beluga/include//daw/json/concepts/daw_writable_output_ostream.h
[16.756s] -- Up-to-date: /home/admi3ev/Beluga-Firmware-Mod/install/beluga/include//daw/json/concepts/daw_writable_output.h
[16.756s] -- Up-to-date: /home/admi3ev/Beluga-Firmware-Mod/install/beluga/include//daw/json/concepts/daw_writable_output_cstdio.h
[16.756s] -- Up-to-date: /home/admi3ev/Beluga-Firmware-Mod/install/beluga/include//daw/json/concepts/impl
[16.756s] -- Up-to-date: /home/admi3ev/Beluga-Firmware-Mod/install/beluga/include//daw/json/concepts/impl/daw_writable_output_details.h
[16.757s] -- Up-to-date: /home/admi3ev/Beluga-Firmware-Mod/install/beluga/include//daw/json/concepts/daw_writable_output_basics.h
[16.757s] -- Up-to-date: /home/admi3ev/Beluga-Firmware-Mod/install/beluga/include//daw/json/daw_json_link.h
[16.757s] -- Up-to-date: /home/admi3ev/Beluga-Firmware-Mod/install/beluga/include//daw/json/daw_json_schema.h
[16.757s] -- Up-to-date: /home/admi3ev/Beluga-Firmware-Mod/install/beluga/include//daw/json/daw_json_serialize_options.h
[16.757s] -- Up-to-date: /home/admi3ev/Beluga-Firmware-Mod/install/beluga/include//daw/json/daw_from_json_fwd.h
[16.757s] -- Up-to-date: /home/admi3ev/Beluga-Firmware-Mod/install/beluga/include//daw/json/daw_json_find_path.h
[16.757s] -- Up-to-date: /home/admi3ev/Beluga-Firmware-Mod/install/beluga/include//daw/json/daw_json_default_constuctor_fwd.h
[16.757s] -- Up-to-date: /home/admi3ev/Beluga-Firmware-Mod/install/beluga/include//daw/json/daw_json_value_state.h
[16.757s] -- Up-to-date: /home/admi3ev/Beluga-Firmware-Mod/install/beluga/include//daw/json/daw_from_json.h
[16.757s] -- Up-to-date: /home/admi3ev/Beluga-Firmware-Mod/install/beluga/include//daw/json/daw_json_iterator.h
[16.757s] -- Up-to-date: /home/admi3ev/Beluga-Firmware-Mod/install/beluga/include//daw/json/daw_json_data_contract.h
[16.757s] -- Up-to-date: /home/admi3ev/Beluga-Firmware-Mod/install/beluga/include//daw/json/impl
[16.757s] -- Up-to-date: /home/admi3ev/Beluga-Firmware-Mod/install/beluga/include//daw/json/impl/daw_json_allocator_wrapper.h
[16.757s] -- Up-to-date: /home/admi3ev/Beluga-Firmware-Mod/install/beluga/include//daw/json/impl/version.h
[16.757s] -- Up-to-date: /home/admi3ev/Beluga-Firmware-Mod/install/beluga/include//daw/json/impl/daw_json_link_types_fwd.h
[16.758s] -- Up-to-date: /home/admi3ev/Beluga-Firmware-Mod/install/beluga/include//daw/json/impl/daw_json_parse_policy.h
[16.758s] -- Up-to-date: /home/admi3ev/Beluga-Firmware-Mod/install/beluga/include//daw/json/impl/daw_json_parse_digit.h
[16.758s] -- Up-to-date: /home/admi3ev/Beluga-Firmware-Mod/install/beluga/include//daw/json/impl/daw_json_enums.h
[16.758s] -- Up-to-date: /home/admi3ev/Beluga-Firmware-Mod/install/beluga/include//daw/json/impl/daw_json_option_bits.h
[16.758s] -- Up-to-date: /home/admi3ev/Beluga-Firmware-Mod/install/beluga/include//daw/json/impl/daw_json_traits.h
[16.758s] -- Up-to-date: /home/admi3ev/Beluga-Firmware-Mod/install/beluga/include//daw/json/impl/daw_murmur3.h
[16.758s] -- Up-to-date: /home/admi3ev/Beluga-Firmware-Mod/install/beluga/include//daw/json/impl/daw_json_assert.h
[16.758s] -- Up-to-date: /home/admi3ev/Beluga-Firmware-Mod/install/beluga/include//daw/json/impl/daw_json_link_types_aggregate.h
[16.758s] -- Up-to-date: /home/admi3ev/Beluga-Firmware-Mod/install/beluga/include//daw/json/impl/daw_json_parse_std_string.h
[16.758s] -- Up-to-date: /home/admi3ev/Beluga-Firmware-Mod/install/beluga/include//daw/json/impl/daw_json_types_base.h
[16.758s] -- Up-to-date: /home/admi3ev/Beluga-Firmware-Mod/install/beluga/include//daw/json/impl/daw_json_parse_array_sse42_iterator.h
[16.758s] -- Up-to-date: /home/admi3ev/Beluga-Firmware-Mod/install/beluga/include//daw/json/impl/daw_json_parse_string_quote.h
[16.758s] -- Up-to-date: /home/admi3ev/Beluga-Firmware-Mod/install/beluga/include//daw/json/impl/daw_json_parse_policy_policy_details.h
[16.758s] -- Up-to-date: /home/admi3ev/Beluga-Firmware-Mod/install/beluga/include//daw/json/impl/daw_json_reflection.h
[16.759s] -- Up-to-date: /home/admi3ev/Beluga-Firmware-Mod/install/beluga/include//daw/json/impl/daw_json_parse_value.h
[16.759s] -- Up-to-date: /home/admi3ev/Beluga-Firmware-Mod/install/beluga/include//daw/json/impl/daw_json_find_result.h
[16.759s] -- Up-to-date: /home/admi3ev/Beluga-Firmware-Mod/install/beluga/include//daw/json/impl/daw_json_parse_policy_no_comments.h
[16.759s] -- Up-to-date: /home/admi3ev/Beluga-Firmware-Mod/install/beluga/include//daw/json/impl/daw_json_default_constuctor.h
[16.759s] -- Up-to-date: /home/admi3ev/Beluga-Firmware-Mod/install/beluga/include//daw/json/impl/daw_json_serialize_options_impl.h
[16.759s] -- Up-to-date: /home/admi3ev/Beluga-Firmware-Mod/install/beluga/include//daw/json/impl/daw_json_type_options.h
[16.759s] -- Up-to-date: /home/admi3ev/Beluga-Firmware-Mod/install/beluga/include//daw/json/impl/daw_json_parse_common.h
[16.759s] -- Up-to-date: /home/admi3ev/Beluga-Firmware-Mod/install/beluga/include//daw/json/impl/daw_json_alternate_mapping.h
[16.759s] -- Up-to-date: /home/admi3ev/Beluga-Firmware-Mod/install/beluga/include//daw/json/impl/daw_json_parse_options_impl.h
[16.759s] -- Up-to-date: /home/admi3ev/Beluga-Firmware-Mod/install/beluga/include//daw/json/impl/daw_json_arrow_proxy.h
[16.759s] -- Up-to-date: /home/admi3ev/Beluga-Firmware-Mod/install/beluga/include//daw/json/impl/daw_fp_fallback.h
[16.759s] -- Up-to-date: /home/admi3ev/Beluga-Firmware-Mod/install/beluga/include//daw/json/impl/daw_json_serialize_policy_details.h
[16.759s] -- Up-to-date: /home/admi3ev/Beluga-Firmware-Mod/install/beluga/include//daw/json/impl/daw_json_req_helper.h
[16.759s] -- Up-to-date: /home/admi3ev/Beluga-Firmware-Mod/install/beluga/include//daw/json/impl/daw_json_value_fwd.h
[16.759s] -- Up-to-date: /home/admi3ev/Beluga-Firmware-Mod/install/beluga/include//daw/json/impl/daw_json_location_info.h
[16.760s] -- Up-to-date: /home/admi3ev/Beluga-Firmware-Mod/install/beluga/include//daw/json/impl/daw_json_parse_real_power10.h
[16.760s] -- Up-to-date: /home/admi3ev/Beluga-Firmware-Mod/install/beluga/include//daw/json/impl/daw_json_parse_kv_array_iterator.h
[16.760s] -- Up-to-date: /home/admi3ev/Beluga-Firmware-Mod/install/beluga/include//daw/json/impl/daw_json_exec_modes.h
[16.760s] -- Up-to-date: /home/admi3ev/Beluga-Firmware-Mod/install/beluga/include//daw/json/impl/daw_json_string_util.h
[16.760s] -- Up-to-date: /home/admi3ev/Beluga-Firmware-Mod/install/beluga/include//daw/json/impl/daw_json_parse_string_need_slow.h
[16.760s] -- Up-to-date: /home/admi3ev/Beluga-Firmware-Mod/install/beluga/include//daw/json/impl/daw_json_value.h
[16.760s] -- Up-to-date: /home/admi3ev/Beluga-Firmware-Mod/install/beluga/include//daw/json/impl/daw_json_serialize_policy.h
[16.760s] -- Up-to-date: /home/admi3ev/Beluga-Firmware-Mod/install/beluga/include//daw/json/impl/daw_json_serialize_impl.h
[16.760s] -- Up-to-date: /home/admi3ev/Beluga-Firmware-Mod/install/beluga/include//daw/json/impl/daw_json_parse_real.h
[16.760s] -- Up-to-date: /home/admi3ev/Beluga-Firmware-Mod/install/beluga/include//daw/json/impl/daw_count_digits.h
[16.760s] -- Up-to-date: /home/admi3ev/Beluga-Firmware-Mod/install/beluga/include//daw/json/impl/daw_json_parse_class.h
[16.760s] -- Up-to-date: /home/admi3ev/Beluga-Firmware-Mod/install/beluga/include//daw/json/impl/to_daw_json_string.h
[16.760s] -- Up-to-date: /home/admi3ev/Beluga-Firmware-Mod/install/beluga/include//daw/json/impl/daw_json_reflection_helpers.h
[16.760s] -- Up-to-date: /home/admi3ev/Beluga-Firmware-Mod/install/beluga/include//daw/json/impl/daw_not_const_ex_functions.h
[16.760s] -- Up-to-date: /home/admi3ev/Beluga-Firmware-Mod/install/beluga/include//daw/json/impl/daw_json_parse_policy_hash_comments.h
[16.761s] -- Up-to-date: /home/admi3ev/Beluga-Firmware-Mod/install/beluga/include//daw/json/impl/daw_json_parse_iso8601_utils.h
[16.761s] -- Up-to-date: /home/admi3ev/Beluga-Firmware-Mod/install/beluga/include//daw/json/impl/daw_json_parse_value_fwd.h
[16.761s] -- Up-to-date: /home/admi3ev/Beluga-Firmware-Mod/install/beluga/include//daw/json/impl/power_of_five_128_table.h
[16.761s] -- Up-to-date: /home/admi3ev/Beluga-Firmware-Mod/install/beluga/include//daw/json/impl/daw_json_parse_policy_cpp_comments.h
[16.761s] -- Up-to-date: /home/admi3ev/Beluga-Firmware-Mod/install/beluga/include//daw/json/impl/daw_json_container_appender.h
[16.761s] -- Up-to-date: /home/admi3ev/Beluga-Firmware-Mod/install/beluga/include//daw/json/impl/daw_json_parse_name.h
[16.761s] -- Up-to-date: /home/admi3ev/Beluga-Firmware-Mod/install/beluga/include//daw/json/impl/daw_json_skip.h
[16.761s] -- Up-to-date: /home/admi3ev/Beluga-Firmware-Mod/install/beluga/include//daw/json/impl/daw_json_parse_kv_class_iterator.h
[16.761s] -- Up-to-date: /home/admi3ev/Beluga-Firmware-Mod/install/beluga/include//daw/json/impl/daw_json_construct_value.h
[16.761s] -- Up-to-date: /home/admi3ev/Beluga-Firmware-Mod/install/beluga/include//daw/json/impl/daw_json_parse_array_iterator.h
[16.761s] -- Up-to-date: /home/admi3ev/Beluga-Firmware-Mod/install/beluga/include//daw/json/impl/daw_json_name.h
[16.761s] -- Up-to-date: /home/admi3ev/Beluga-Firmware-Mod/install/beluga/include//daw/json/impl/daw_json_reflection_impl.h
[16.761s] -- Up-to-date: /home/admi3ev/Beluga-Firmware-Mod/install/beluga/include//daw/json/impl/daw_json_parse_unsigned_int.h
[16.761s] -- Up-to-date: /home/admi3ev/Beluga-Firmware-Mod/install/beluga/include//daw/json/impl/daw_json_link_types_iso8601.h
[16.761s] -- Up-to-date: /home/admi3ev/Beluga-Firmware-Mod/install/beluga/include//daw/json/daw_json_link_types.h
[16.762s] -- Up-to-date: /home/admi3ev/Beluga-Firmware-Mod/install/beluga/include//daw/json/daw_to_json_fwd.h
[16.762s] -- Up-to-date: /home/admi3ev/Beluga-Firmware-Mod/install/beluga/include//daw/daw_allocator_construct.h
[16.762s] -- Installing: /home/admi3ev/Beluga-Firmware-Mod/install/beluga/include//daw/daw_tuple_forward.h
[16.762s] -- Installing: /home/admi3ev/Beluga-Firmware-Mod/install/beluga/lib/beluga/beluga
[16.762s] -- Set runtime path of "/home/admi3ev/Beluga-Firmware-Mod/install/beluga/lib/beluga/beluga" to ""
[16.762s] -- Up-to-date: /home/admi3ev/Beluga-Firmware-Mod/install/beluga/share/ament_index/resource_index/package_run_dependencies/beluga
[16.762s] -- Installing: /home/admi3ev/Beluga-Firmware-Mod/install/beluga/share/ament_index/resource_index/parent_prefix_path/beluga
[16.762s] -- Installing: /home/admi3ev/Beluga-Firmware-Mod/install/beluga/share/beluga/environment/ament_prefix_path.sh
[16.762s] -- Installing: /home/admi3ev/Beluga-Firmware-Mod/install/beluga/share/beluga/environment/ament_prefix_path.dsv
[16.762s] -- Installing: /home/admi3ev/Beluga-Firmware-Mod/install/beluga/share/beluga/environment/path.sh
[16.762s] -- Installing: /home/admi3ev/Beluga-Firmware-Mod/install/beluga/share/beluga/environment/path.dsv
[16.762s] -- Up-to-date: /home/admi3ev/Beluga-Firmware-Mod/install/beluga/share/beluga/local_setup.bash
[16.762s] -- Up-to-date: /home/admi3ev/Beluga-Firmware-Mod/install/beluga/share/beluga/local_setup.sh
[16.762s] -- Up-to-date: /home/admi3ev/Beluga-Firmware-Mod/install/beluga/share/beluga/local_setup.zsh
[16.762s] -- Installing: /home/admi3ev/Beluga-Firmware-Mod/install/beluga/share/beluga/local_setup.dsv
[16.763s] -- Installing: /home/admi3ev/Beluga-Firmware-Mod/install/beluga/share/beluga/package.dsv
[16.763s] -- Up-to-date: /home/admi3ev/Beluga-Firmware-Mod/install/beluga/share/ament_index/resource_index/packages/beluga
[16.763s] -- Up-to-date: /home/admi3ev/Beluga-Firmware-Mod/install/beluga/share/beluga/cmake/belugaConfig.cmake
[16.763s] -- Up-to-date: /home/admi3ev/Beluga-Firmware-Mod/install/beluga/share/beluga/cmake/belugaConfig-version.cmake
[16.763s] -- Up-to-date: /home/admi3ev/Beluga-Firmware-Mod/install/beluga/share/beluga/package.xml
[16.763s] Invoked command in '/home/admi3ev/Beluga-Firmware-Mod/build/beluga' returned '0': AMENT_PREFIX_PATH=/home/admi3ev/Beluga-Firmware-Mod/install/beluga_messages:${AMENT_PREFIX_PATH} CMAKE_PREFIX_PATH=/home/admi3ev/Beluga-Firmware-Mod/install/beluga_messages:/home/admi3ev/ros2_ws/install/motion_capture_tracking:/opt/ros/humble LD_LIBRARY_PATH=/home/admi3ev/Beluga-Firmware-Mod/install/beluga_messages/lib:${LD_LIBRARY_PATH} PYTHONPATH=/home/admi3ev/Beluga-Firmware-Mod/install/beluga_messages/local/lib/python3.10/dist-packages:${PYTHONPATH} /usr/bin/cmake --install /home/admi3ev/Beluga-Firmware-Mod/build/beluga
