[0.028s] Invoking command in '/home/admi3ev/Beluga-Firmware-Mod/build/beluga_messages': CMAKE_PREFIX_PATH=${CMAKE_PREFIX_PATH}:/opt/ros/humble /usr/bin/cmake --build /home/admi3ev/Beluga-Firmware-Mod/build/beluga_messages -- -j4 -l4
[0.160s] [35m[1mConsolidate compiler generated dependencies of target beluga_messages__rosidl_generator_c[0m
[0.181s] [  1%] Built target beluga_messages__cpp
[0.191s] [  1%] Built target ament_cmake_python_copy_beluga_messages
[0.195s] [ 12%] Built target beluga_messages__rosidl_generator_c
[0.210s] [35m[1mConsolidate compiler generated dependencies of target beluga_messages__rosidl_typesupport_fastrtps_cpp[0m
[0.224s] [35m[1mConsolidate compiler generated dependencies of target beluga_messages__rosidl_typesupport_introspection_cpp[0m
[0.230s] [35m[1mConsolidate compiler generated dependencies of target beluga_messages__rosidl_typesupport_cpp[0m
[0.252s] [ 14%] [32mBuilding CXX object CMakeFiles/beluga_messages__rosidl_typesupport_fastrtps_cpp.dir/rosidl_typesupport_fastrtps_cpp/beluga_messages/msg/detail/dds_fastrtps/beluga_neighbor__type_support.cpp.o[0m
[0.263s] [ 15%] [32mBuilding CXX object CMakeFiles/beluga_messages__rosidl_typesupport_introspection_cpp.dir/rosidl_typesupport_introspection_cpp/beluga_messages/msg/detail/beluga_neighbor__type_support.cpp.o[0m
[0.267s] [ 16%] [32mBuilding CXX object CMakeFiles/beluga_messages__rosidl_typesupport_cpp.dir/rosidl_typesupport_cpp/beluga_messages/msg/beluga_neighbor__type_support.cpp.o[0m
[0.908s] [ 18%] [32mBuilding CXX object CMakeFiles/beluga_messages__rosidl_typesupport_cpp.dir/rosidl_typesupport_cpp/beluga_messages/msg/beluga_neighbors__type_support.cpp.o[0m
[1.227s] running egg_info
[1.234s] writing beluga_messages.egg-info/PKG-INFO
[1.234s] writing dependency_links to beluga_messages.egg-info/dependency_links.txt
[1.235s] writing top-level names to beluga_messages.egg-info/top_level.txt
[1.250s] reading manifest file 'beluga_messages.egg-info/SOURCES.txt'
[1.250s] [ 19%] [32mBuilding CXX object CMakeFiles/beluga_messages__rosidl_typesupport_introspection_cpp.dir/rosidl_typesupport_introspection_cpp/beluga_messages/msg/detail/beluga_neighbors__type_support.cpp.o[0m
[1.252s] writing manifest file 'beluga_messages.egg-info/SOURCES.txt'
[1.439s] [ 19%] Built target ament_cmake_python_build_beluga_messages_egg
[1.461s] [ 21%] [32mBuilding CXX object CMakeFiles/beluga_messages__rosidl_typesupport_fastrtps_cpp.dir/rosidl_typesupport_fastrtps_cpp/beluga_messages/msg/detail/dds_fastrtps/beluga_neighbors__type_support.cpp.o[0m
[1.464s] [ 22%] [32mBuilding CXX object CMakeFiles/beluga_messages__rosidl_typesupport_fastrtps_cpp.dir/rosidl_typesupport_fastrtps_cpp/beluga_messages/srv/detail/dds_fastrtps/beluga_at_command__type_support.cpp.o[0m
[1.888s] [ 23%] [32mBuilding CXX object CMakeFiles/beluga_messages__rosidl_typesupport_cpp.dir/rosidl_typesupport_cpp/beluga_messages/srv/beluga_at_command__type_support.cpp.o[0m
[2.430s] [ 25%] [32mBuilding CXX object CMakeFiles/beluga_messages__rosidl_typesupport_introspection_cpp.dir/rosidl_typesupport_introspection_cpp/beluga_messages/srv/detail/beluga_at_command__type_support.cpp.o[0m
[2.456s] [ 26%] [32mBuilding CXX object CMakeFiles/beluga_messages__rosidl_typesupport_introspection_cpp.dir/rosidl_typesupport_introspection_cpp/beluga_messages/msg/detail/beluga_range__type_support.cpp.o[0m
[2.480s] [ 28%] [32mBuilding CXX object CMakeFiles/beluga_messages__rosidl_typesupport_fastrtps_cpp.dir/rosidl_typesupport_fastrtps_cpp/beluga_messages/msg/detail/dds_fastrtps/beluga_range__type_support.cpp.o[0m
[2.630s] [ 29%] [32mBuilding CXX object CMakeFiles/beluga_messages__rosidl_typesupport_cpp.dir/rosidl_typesupport_cpp/beluga_messages/msg/beluga_range__type_support.cpp.o[0m
[3.163s] [ 30%] [32mBuilding CXX object CMakeFiles/beluga_messages__rosidl_typesupport_fastrtps_cpp.dir/rosidl_typesupport_fastrtps_cpp/beluga_messages/msg/detail/dds_fastrtps/beluga_ranges__type_support.cpp.o[0m
[3.311s] [ 32%] [32mBuilding CXX object CMakeFiles/beluga_messages__rosidl_typesupport_introspection_cpp.dir/rosidl_typesupport_introspection_cpp/beluga_messages/msg/detail/beluga_ranges__type_support.cpp.o[0m
[3.343s] [35m[1mConsolidate compiler generated dependencies of target beluga_messages__rosidl_typesupport_fastrtps_c[0m
[3.400s] [ 33%] [32mBuilding CXX object CMakeFiles/beluga_messages__rosidl_typesupport_fastrtps_c.dir/rosidl_typesupport_fastrtps_c/beluga_messages/msg/detail/beluga_neighbor__type_support_c.cpp.o[0m
[3.437s] [ 35%] [32mBuilding CXX object CMakeFiles/beluga_messages__rosidl_typesupport_cpp.dir/rosidl_typesupport_cpp/beluga_messages/msg/beluga_ranges__type_support.cpp.o[0m
[3.896s] [ 36%] [32mBuilding CXX object CMakeFiles/beluga_messages__rosidl_typesupport_fastrtps_cpp.dir/rosidl_typesupport_fastrtps_cpp/beluga_messages/msg/detail/dds_fastrtps/beluga_exchange__type_support.cpp.o[0m
[3.974s] [ 38%] [32mBuilding CXX object CMakeFiles/beluga_messages__rosidl_typesupport_cpp.dir/rosidl_typesupport_cpp/beluga_messages/msg/beluga_exchange__type_support.cpp.o[0m
[4.156s] [ 39%] [32mBuilding CXX object CMakeFiles/beluga_messages__rosidl_typesupport_introspection_cpp.dir/rosidl_typesupport_introspection_cpp/beluga_messages/msg/detail/beluga_exchange__type_support.cpp.o[0m
[4.303s] [ 40%] [32mBuilding CXX object CMakeFiles/beluga_messages__rosidl_typesupport_fastrtps_c.dir/rosidl_typesupport_fastrtps_c/beluga_messages/msg/detail/beluga_neighbors__type_support_c.cpp.o[0m
[4.613s] [ 42%] [32m[1mLinking CXX shared library libbeluga_messages__rosidl_typesupport_cpp.so[0m
[4.624s] [ 43%] [32m[1mLinking CXX shared library libbeluga_messages__rosidl_typesupport_introspection_cpp.so[0m
[4.767s] [ 45%] Built target beluga_messages__rosidl_typesupport_cpp
[4.803s] [35m[1mConsolidate compiler generated dependencies of target beluga_messages__rosidl_typesupport_introspection_c[0m
[4.825s] [ 46%] [32m[1mLinking CXX shared library libbeluga_messages__rosidl_typesupport_fastrtps_cpp.so[0m
[4.840s] [ 57%] Built target beluga_messages__rosidl_typesupport_introspection_c
[4.854s] [ 59%] [32mBuilding CXX object CMakeFiles/beluga_messages__rosidl_typesupport_fastrtps_c.dir/rosidl_typesupport_fastrtps_c/beluga_messages/srv/detail/beluga_at_command__type_support_c.cpp.o[0m
[4.869s] [ 60%] Built target beluga_messages__rosidl_typesupport_introspection_cpp
[4.872s] [ 61%] [32mBuilding CXX object CMakeFiles/beluga_messages__rosidl_typesupport_fastrtps_c.dir/rosidl_typesupport_fastrtps_c/beluga_messages/msg/detail/beluga_range__type_support_c.cpp.o[0m
[4.899s] [35m[1mConsolidate compiler generated dependencies of target beluga_messages__rosidl_typesupport_c[0m
[4.930s] [ 73%] Built target beluga_messages__rosidl_typesupport_c
[4.955s] [ 74%] [32mBuilding CXX object CMakeFiles/beluga_messages__rosidl_typesupport_fastrtps_c.dir/rosidl_typesupport_fastrtps_c/beluga_messages/msg/detail/beluga_ranges__type_support_c.cpp.o[0m
[5.019s] [ 76%] Built target beluga_messages__rosidl_typesupport_fastrtps_cpp
[5.038s] [ 77%] [32mBuilding CXX object CMakeFiles/beluga_messages__rosidl_typesupport_fastrtps_c.dir/rosidl_typesupport_fastrtps_c/beluga_messages/msg/detail/beluga_exchange__type_support_c.cpp.o[0m
[5.721s] [ 78%] [32m[1mLinking CXX shared library libbeluga_messages__rosidl_typesupport_fastrtps_c.so[0m
[5.847s] [ 80%] Built target beluga_messages__rosidl_typesupport_fastrtps_c
[5.888s] [ 80%] Built target beluga_messages
[5.939s] [ 81%] Built target beluga_messages__py
[5.961s] [35m[1mConsolidate compiler generated dependencies of target beluga_messages__rosidl_generator_py[0m
[5.994s] [ 83%] [32mBuilding C object CMakeFiles/beluga_messages__rosidl_generator_py.dir/rosidl_generator_py/beluga_messages/msg/_beluga_neighbor_s.c.o[0m
[5.996s] [ 87%] [32mBuilding C object CMakeFiles/beluga_messages__rosidl_generator_py.dir/rosidl_generator_py/beluga_messages/msg/_beluga_range_s.c.o[0m
[5.998s] [ 87%] [32mBuilding C object CMakeFiles/beluga_messages__rosidl_generator_py.dir/rosidl_generator_py/beluga_messages/srv/_beluga_at_command_s.c.o[0m
[5.998s] [ 87%] [32mBuilding C object CMakeFiles/beluga_messages__rosidl_generator_py.dir/rosidl_generator_py/beluga_messages/msg/_beluga_neighbors_s.c.o[0m
[6.276s] [ 88%] [32mBuilding C object CMakeFiles/beluga_messages__rosidl_generator_py.dir/rosidl_generator_py/beluga_messages/msg/_beluga_ranges_s.c.o[0m
[6.293s] [ 90%] [32mBuilding C object CMakeFiles/beluga_messages__rosidl_generator_py.dir/rosidl_generator_py/beluga_messages/msg/_beluga_exchange_s.c.o[0m
[6.447s] [ 91%] [32m[1mLinking C shared library rosidl_generator_py/beluga_messages/libbeluga_messages__rosidl_generator_py.so[0m
[6.557s] [ 91%] Built target beluga_messages__rosidl_generator_py
[6.586s] [35m[1mConsolidate compiler generated dependencies of target beluga_messages__rosidl_typesupport_introspection_c__pyext[0m
[6.586s] [35m[1mConsolidate compiler generated dependencies of target beluga_messages__rosidl_typesupport_fastrtps_c__pyext[0m
[6.614s] [ 92%] [32mBuilding C object CMakeFiles/beluga_messages__rosidl_typesupport_introspection_c__pyext.dir/rosidl_generator_py/beluga_messages/_beluga_messages_s.ep.rosidl_typesupport_introspection_c.c.o[0m
[6.625s] [35m[1mConsolidate compiler generated dependencies of target beluga_messages__rosidl_typesupport_c__pyext[0m
[6.630s] [ 94%] [32mBuilding C object CMakeFiles/beluga_messages__rosidl_typesupport_fastrtps_c__pyext.dir/rosidl_generator_py/beluga_messages/_beluga_messages_s.ep.rosidl_typesupport_fastrtps_c.c.o[0m
[6.659s] [ 95%] [32mBuilding C object CMakeFiles/beluga_messages__rosidl_typesupport_c__pyext.dir/rosidl_generator_py/beluga_messages/_beluga_messages_s.ep.rosidl_typesupport_c.c.o[0m
[6.847s] [ 97%] [32m[1mLinking C shared library rosidl_generator_py/beluga_messages/beluga_messages_s__rosidl_typesupport_introspection_c.cpython-310-x86_64-linux-gnu.so[0m
[6.965s] [ 97%] Built target beluga_messages__rosidl_typesupport_introspection_c__pyext
[7.042s] [ 98%] [32m[1mLinking C shared library rosidl_generator_py/beluga_messages/beluga_messages_s__rosidl_typesupport_c.cpython-310-x86_64-linux-gnu.so[0m
[7.044s] [100%] [32m[1mLinking C shared library rosidl_generator_py/beluga_messages/beluga_messages_s__rosidl_typesupport_fastrtps_c.cpython-310-x86_64-linux-gnu.so[0m
[7.101s] [100%] Built target beluga_messages__rosidl_typesupport_fastrtps_c__pyext
[7.119s] [100%] Built target beluga_messages__rosidl_typesupport_c__pyext
[7.146s] Invoked command in '/home/admi3ev/Beluga-Firmware-Mod/build/beluga_messages' returned '0': CMAKE_PREFIX_PATH=${CMAKE_PREFIX_PATH}:/opt/ros/humble /usr/bin/cmake --build /home/admi3ev/Beluga-Firmware-Mod/build/beluga_messages -- -j4 -l4
[7.161s] Invoking command in '/home/admi3ev/Beluga-Firmware-Mod/build/beluga_messages': CMAKE_PREFIX_PATH=${CMAKE_PREFIX_PATH}:/opt/ros/humble /usr/bin/cmake --install /home/admi3ev/Beluga-Firmware-Mod/build/beluga_messages
[7.177s] -- Install configuration: ""
[7.182s] -- Up-to-date: /home/admi3ev/Beluga-Firmware-Mod/install/beluga_messages/share/ament_index/resource_index/rosidl_interfaces/beluga_messages
[7.183s] -- Up-to-date: /home/admi3ev/Beluga-Firmware-Mod/install/beluga_messages/include/beluga_messages/beluga_messages
[7.183s] -- Up-to-date: /home/admi3ev/Beluga-Firmware-Mod/install/beluga_messages/include/beluga_messages/beluga_messages/msg
[7.183s] -- Up-to-date: /home/admi3ev/Beluga-Firmware-Mod/install/beluga_messages/include/beluga_messages/beluga_messages/msg/beluga_ranges.h
[7.183s] -- Up-to-date: /home/admi3ev/Beluga-Firmware-Mod/install/beluga_messages/include/beluga_messages/beluga_messages/msg/beluga_range.h
[7.183s] -- Up-to-date: /home/admi3ev/Beluga-Firmware-Mod/install/beluga_messages/include/beluga_messages/beluga_messages/msg/detail
[7.183s] -- Up-to-date: /home/admi3ev/Beluga-Firmware-Mod/install/beluga_messages/include/beluga_messages/beluga_messages/msg/detail/beluga_neighbor__functions.c
[7.183s] -- Up-to-date: /home/admi3ev/Beluga-Firmware-Mod/install/beluga_messages/include/beluga_messages/beluga_messages/msg/detail/beluga_neighbors__functions.h
[7.183s] -- Up-to-date: /home/admi3ev/Beluga-Firmware-Mod/install/beluga_messages/include/beluga_messages/beluga_messages/msg/detail/beluga_exchange__type_support.h
[7.183s] -- Up-to-date: /home/admi3ev/Beluga-Firmware-Mod/install/beluga_messages/include/beluga_messages/beluga_messages/msg/detail/beluga_exchange__struct.h
[7.183s] -- Up-to-date: /home/admi3ev/Beluga-Firmware-Mod/install/beluga_messages/include/beluga_messages/beluga_messages/msg/detail/beluga_ranges__type_support.h
[7.183s] -- Up-to-date: /home/admi3ev/Beluga-Firmware-Mod/install/beluga_messages/include/beluga_messages/beluga_messages/msg/detail/beluga_neighbors__functions.c
[7.184s] -- Up-to-date: /home/admi3ev/Beluga-Firmware-Mod/install/beluga_messages/include/beluga_messages/beluga_messages/msg/detail/beluga_range__functions.c
[7.184s] -- Up-to-date: /home/admi3ev/Beluga-Firmware-Mod/install/beluga_messages/include/beluga_messages/beluga_messages/msg/detail/beluga_neighbors__struct.h
[7.184s] -- Up-to-date: /home/admi3ev/Beluga-Firmware-Mod/install/beluga_messages/include/beluga_messages/beluga_messages/msg/detail/beluga_ranges__functions.h
[7.184s] -- Up-to-date: /home/admi3ev/Beluga-Firmware-Mod/install/beluga_messages/include/beluga_messages/beluga_messages/msg/detail/beluga_neighbor__functions.h
[7.184s] -- Up-to-date: /home/admi3ev/Beluga-Firmware-Mod/install/beluga_messages/include/beluga_messages/beluga_messages/msg/detail/beluga_range__functions.h
[7.184s] -- Up-to-date: /home/admi3ev/Beluga-Firmware-Mod/install/beluga_messages/include/beluga_messages/beluga_messages/msg/detail/beluga_neighbor__struct.h
[7.184s] -- Up-to-date: /home/admi3ev/Beluga-Firmware-Mod/install/beluga_messages/include/beluga_messages/beluga_messages/msg/detail/beluga_range__type_support.h
[7.184s] -- Up-to-date: /home/admi3ev/Beluga-Firmware-Mod/install/beluga_messages/include/beluga_messages/beluga_messages/msg/detail/beluga_exchange__functions.c
[7.184s] -- Up-to-date: /home/admi3ev/Beluga-Firmware-Mod/install/beluga_messages/include/beluga_messages/beluga_messages/msg/detail/beluga_ranges__functions.c
[7.184s] -- Up-to-date: /home/admi3ev/Beluga-Firmware-Mod/install/beluga_messages/include/beluga_messages/beluga_messages/msg/detail/beluga_neighbors__type_support.h
[7.184s] -- Up-to-date: /home/admi3ev/Beluga-Firmware-Mod/install/beluga_messages/include/beluga_messages/beluga_messages/msg/detail/beluga_exchange__functions.h
[7.184s] -- Up-to-date: /home/admi3ev/Beluga-Firmware-Mod/install/beluga_messages/include/beluga_messages/beluga_messages/msg/detail/beluga_ranges__struct.h
[7.184s] -- Up-to-date: /home/admi3ev/Beluga-Firmware-Mod/install/beluga_messages/include/beluga_messages/beluga_messages/msg/detail/beluga_range__struct.h
[7.185s] -- Up-to-date: /home/admi3ev/Beluga-Firmware-Mod/install/beluga_messages/include/beluga_messages/beluga_messages/msg/detail/beluga_neighbor__type_support.h
[7.185s] -- Up-to-date: /home/admi3ev/Beluga-Firmware-Mod/install/beluga_messages/include/beluga_messages/beluga_messages/msg/rosidl_generator_c__visibility_control.h
[7.185s] -- Up-to-date: /home/admi3ev/Beluga-Firmware-Mod/install/beluga_messages/include/beluga_messages/beluga_messages/msg/beluga_exchange.h
[7.185s] -- Up-to-date: /home/admi3ev/Beluga-Firmware-Mod/install/beluga_messages/include/beluga_messages/beluga_messages/msg/beluga_neighbors.h
[7.185s] -- Up-to-date: /home/admi3ev/Beluga-Firmware-Mod/install/beluga_messages/include/beluga_messages/beluga_messages/msg/beluga_neighbor.h
[7.185s] -- Up-to-date: /home/admi3ev/Beluga-Firmware-Mod/install/beluga_messages/include/beluga_messages/beluga_messages/srv
[7.185s] -- Up-to-date: /home/admi3ev/Beluga-Firmware-Mod/install/beluga_messages/include/beluga_messages/beluga_messages/srv/detail
[7.185s] -- Up-to-date: /home/admi3ev/Beluga-Firmware-Mod/install/beluga_messages/include/beluga_messages/beluga_messages/srv/detail/beluga_at_command__functions.h
[7.185s] -- Up-to-date: /home/admi3ev/Beluga-Firmware-Mod/install/beluga_messages/include/beluga_messages/beluga_messages/srv/detail/beluga_at_command__struct.h
[7.185s] -- Up-to-date: /home/admi3ev/Beluga-Firmware-Mod/install/beluga_messages/include/beluga_messages/beluga_messages/srv/detail/beluga_at_command__type_support.h
[7.185s] -- Up-to-date: /home/admi3ev/Beluga-Firmware-Mod/install/beluga_messages/include/beluga_messages/beluga_messages/srv/detail/beluga_at_command__functions.c
[7.185s] -- Up-to-date: /home/admi3ev/Beluga-Firmware-Mod/install/beluga_messages/include/beluga_messages/beluga_messages/srv/beluga_at_command.h
[7.194s] -- Up-to-date: /home/admi3ev/Beluga-Firmware-Mod/install/beluga_messages/share/beluga_messages/environment/library_path.sh
[7.195s] -- Up-to-date: /home/admi3ev/Beluga-Firmware-Mod/install/beluga_messages/share/beluga_messages/environment/library_path.dsv
[7.197s] -- Up-to-date: /home/admi3ev/Beluga-Firmware-Mod/install/beluga_messages/lib/libbeluga_messages__rosidl_generator_c.so
[7.197s] -- Up-to-date: /home/admi3ev/Beluga-Firmware-Mod/install/beluga_messages/include/beluga_messages/beluga_messages
[7.197s] -- Up-to-date: /home/admi3ev/Beluga-Firmware-Mod/install/beluga_messages/include/beluga_messages/beluga_messages/msg
[7.197s] -- Up-to-date: /home/admi3ev/Beluga-Firmware-Mod/install/beluga_messages/include/beluga_messages/beluga_messages/msg/detail
[7.197s] -- Up-to-date: /home/admi3ev/Beluga-Firmware-Mod/install/beluga_messages/include/beluga_messages/beluga_messages/msg/detail/beluga_ranges__rosidl_typesupport_fastrtps_c.h
[7.197s] -- Up-to-date: /home/admi3ev/Beluga-Firmware-Mod/install/beluga_messages/include/beluga_messages/beluga_messages/msg/detail/beluga_neighbors__rosidl_typesupport_fastrtps_c.h
[7.197s] -- Up-to-date: /home/admi3ev/Beluga-Firmware-Mod/install/beluga_messages/include/beluga_messages/beluga_messages/msg/detail/beluga_range__rosidl_typesupport_fastrtps_c.h
[7.197s] -- Up-to-date: /home/admi3ev/Beluga-Firmware-Mod/install/beluga_messages/include/beluga_messages/beluga_messages/msg/detail/beluga_neighbor__rosidl_typesupport_fastrtps_c.h
[7.197s] -- Up-to-date: /home/admi3ev/Beluga-Firmware-Mod/install/beluga_messages/include/beluga_messages/beluga_messages/msg/detail/beluga_exchange__rosidl_typesupport_fastrtps_c.h
[7.197s] -- Up-to-date: /home/admi3ev/Beluga-Firmware-Mod/install/beluga_messages/include/beluga_messages/beluga_messages/msg/rosidl_typesupport_fastrtps_c__visibility_control.h
[7.197s] -- Up-to-date: /home/admi3ev/Beluga-Firmware-Mod/install/beluga_messages/include/beluga_messages/beluga_messages/srv
[7.198s] -- Up-to-date: /home/admi3ev/Beluga-Firmware-Mod/install/beluga_messages/include/beluga_messages/beluga_messages/srv/detail
[7.198s] -- Up-to-date: /home/admi3ev/Beluga-Firmware-Mod/install/beluga_messages/include/beluga_messages/beluga_messages/srv/detail/beluga_at_command__rosidl_typesupport_fastrtps_c.h
[7.198s] -- Installing: /home/admi3ev/Beluga-Firmware-Mod/install/beluga_messages/lib/libbeluga_messages__rosidl_typesupport_fastrtps_c.so
[7.198s] -- Set runtime path of "/home/admi3ev/Beluga-Firmware-Mod/install/beluga_messages/lib/libbeluga_messages__rosidl_typesupport_fastrtps_c.so" to ""
[7.198s] -- Up-to-date: /home/admi3ev/Beluga-Firmware-Mod/install/beluga_messages/include/beluga_messages/beluga_messages
[7.198s] -- Up-to-date: /home/admi3ev/Beluga-Firmware-Mod/install/beluga_messages/include/beluga_messages/beluga_messages/msg
[7.198s] -- Up-to-date: /home/admi3ev/Beluga-Firmware-Mod/install/beluga_messages/include/beluga_messages/beluga_messages/msg/detail
[7.198s] -- Up-to-date: /home/admi3ev/Beluga-Firmware-Mod/install/beluga_messages/include/beluga_messages/beluga_messages/msg/detail/beluga_neighbor__type_support.c
[7.198s] -- Up-to-date: /home/admi3ev/Beluga-Firmware-Mod/install/beluga_messages/include/beluga_messages/beluga_messages/msg/detail/beluga_range__type_support.c
[7.198s] -- Up-to-date: /home/admi3ev/Beluga-Firmware-Mod/install/beluga_messages/include/beluga_messages/beluga_messages/msg/detail/beluga_neighbors__rosidl_typesupport_introspection_c.h
[7.198s] -- Up-to-date: /home/admi3ev/Beluga-Firmware-Mod/install/beluga_messages/include/beluga_messages/beluga_messages/msg/detail/beluga_neighbors__type_support.c
[7.203s] -- Up-to-date: /home/admi3ev/Beluga-Firmware-Mod/install/beluga_messages/include/beluga_messages/beluga_messages/msg/detail/beluga_exchange__type_support.c
[7.205s] -- Up-to-date: /home/admi3ev/Beluga-Firmware-Mod/install/beluga_messages/include/beluga_messages/beluga_messages/msg/detail/beluga_exchange__rosidl_typesupport_introspection_c.h
[7.205s] -- Up-to-date: /home/admi3ev/Beluga-Firmware-Mod/install/beluga_messages/include/beluga_messages/beluga_messages/msg/detail/beluga_range__rosidl_typesupport_introspection_c.h
[7.211s] -- Up-to-date: /home/admi3ev/Beluga-Firmware-Mod/install/beluga_messages/include/beluga_messages/beluga_messages/msg/detail/beluga_neighbor__rosidl_typesupport_introspection_c.h
[7.211s] -- Up-to-date: /home/admi3ev/Beluga-Firmware-Mod/install/beluga_messages/include/beluga_messages/beluga_messages/msg/detail/beluga_ranges__type_support.c
[7.211s] -- Up-to-date: /home/admi3ev/Beluga-Firmware-Mod/install/beluga_messages/include/beluga_messages/beluga_messages/msg/detail/beluga_ranges__rosidl_typesupport_introspection_c.h
[7.211s] -- Up-to-date: /home/admi3ev/Beluga-Firmware-Mod/install/beluga_messages/include/beluga_messages/beluga_messages/msg/rosidl_typesupport_introspection_c__visibility_control.h
[7.211s] -- Up-to-date: /home/admi3ev/Beluga-Firmware-Mod/install/beluga_messages/include/beluga_messages/beluga_messages/srv
[7.211s] -- Up-to-date: /home/admi3ev/Beluga-Firmware-Mod/install/beluga_messages/include/beluga_messages/beluga_messages/srv/detail
[7.211s] -- Up-to-date: /home/admi3ev/Beluga-Firmware-Mod/install/beluga_messages/include/beluga_messages/beluga_messages/srv/detail/beluga_at_command__type_support.c
[7.211s] -- Up-to-date: /home/admi3ev/Beluga-Firmware-Mod/install/beluga_messages/include/beluga_messages/beluga_messages/srv/detail/beluga_at_command__rosidl_typesupport_introspection_c.h
[7.211s] -- Up-to-date: /home/admi3ev/Beluga-Firmware-Mod/install/beluga_messages/lib/libbeluga_messages__rosidl_typesupport_introspection_c.so
[7.211s] -- Up-to-date: /home/admi3ev/Beluga-Firmware-Mod/install/beluga_messages/lib/libbeluga_messages__rosidl_typesupport_c.so
[7.211s] -- Up-to-date: /home/admi3ev/Beluga-Firmware-Mod/install/beluga_messages/include/beluga_messages/beluga_messages
[7.212s] -- Up-to-date: /home/admi3ev/Beluga-Firmware-Mod/install/beluga_messages/include/beluga_messages/beluga_messages/msg
[7.212s] -- Up-to-date: /home/admi3ev/Beluga-Firmware-Mod/install/beluga_messages/include/beluga_messages/beluga_messages/msg/beluga_neighbors.hpp
[7.212s] -- Up-to-date: /home/admi3ev/Beluga-Firmware-Mod/install/beluga_messages/include/beluga_messages/beluga_messages/msg/beluga_neighbor.hpp
[7.212s] -- Up-to-date: /home/admi3ev/Beluga-Firmware-Mod/install/beluga_messages/include/beluga_messages/beluga_messages/msg/detail
[7.212s] -- Up-to-date: /home/admi3ev/Beluga-Firmware-Mod/install/beluga_messages/include/beluga_messages/beluga_messages/msg/detail/beluga_exchange__type_support.hpp
[7.212s] -- Up-to-date: /home/admi3ev/Beluga-Firmware-Mod/install/beluga_messages/include/beluga_messages/beluga_messages/msg/detail/beluga_range__type_support.hpp
[7.212s] -- Up-to-date: /home/admi3ev/Beluga-Firmware-Mod/install/beluga_messages/include/beluga_messages/beluga_messages/msg/detail/beluga_neighbors__traits.hpp
[7.212s] -- Up-to-date: /home/admi3ev/Beluga-Firmware-Mod/install/beluga_messages/include/beluga_messages/beluga_messages/msg/detail/beluga_neighbor__builder.hpp
[7.212s] -- Up-to-date: /home/admi3ev/Beluga-Firmware-Mod/install/beluga_messages/include/beluga_messages/beluga_messages/msg/detail/beluga_neighbors__type_support.hpp
[7.212s] -- Up-to-date: /home/admi3ev/Beluga-Firmware-Mod/install/beluga_messages/include/beluga_messages/beluga_messages/msg/detail/beluga_ranges__builder.hpp
[7.212s] -- Up-to-date: /home/admi3ev/Beluga-Firmware-Mod/install/beluga_messages/include/beluga_messages/beluga_messages/msg/detail/beluga_neighbors__struct.hpp
[7.212s] -- Up-to-date: /home/admi3ev/Beluga-Firmware-Mod/install/beluga_messages/include/beluga_messages/beluga_messages/msg/detail/beluga_exchange__builder.hpp
[7.220s] -- Up-to-date: /home/admi3ev/Beluga-Firmware-Mod/install/beluga_messages/include/beluga_messages/beluga_messages/msg/detail/beluga_range__struct.hpp
[7.220s] -- Up-to-date: /home/admi3ev/Beluga-Firmware-Mod/install/beluga_messages/include/beluga_messages/beluga_messages/msg/detail/beluga_ranges__type_support.hpp
[7.220s] -- Up-to-date: /home/admi3ev/Beluga-Firmware-Mod/install/beluga_messages/include/beluga_messages/beluga_messages/msg/detail/beluga_exchange__struct.hpp
[7.220s] -- Up-to-date: /home/admi3ev/Beluga-Firmware-Mod/install/beluga_messages/include/beluga_messages/beluga_messages/msg/detail/beluga_neighbor__struct.hpp
[7.220s] -- Up-to-date: /home/admi3ev/Beluga-Firmware-Mod/install/beluga_messages/include/beluga_messages/beluga_messages/msg/detail/beluga_exchange__traits.hpp
[7.220s] -- Up-to-date: /home/admi3ev/Beluga-Firmware-Mod/install/beluga_messages/include/beluga_messages/beluga_messages/msg/detail/beluga_range__builder.hpp
[7.220s] -- Up-to-date: /home/admi3ev/Beluga-Firmware-Mod/install/beluga_messages/include/beluga_messages/beluga_messages/msg/detail/beluga_range__traits.hpp
[7.221s] -- Up-to-date: /home/admi3ev/Beluga-Firmware-Mod/install/beluga_messages/include/beluga_messages/beluga_messages/msg/detail/beluga_neighbor__type_support.hpp
[7.221s] -- Up-to-date: /home/admi3ev/Beluga-Firmware-Mod/install/beluga_messages/include/beluga_messages/beluga_messages/msg/detail/beluga_ranges__struct.hpp
[7.221s] -- Up-to-date: /home/admi3ev/Beluga-Firmware-Mod/install/beluga_messages/include/beluga_messages/beluga_messages/msg/detail/beluga_ranges__traits.hpp
[7.221s] -- Up-to-date: /home/admi3ev/Beluga-Firmware-Mod/install/beluga_messages/include/beluga_messages/beluga_messages/msg/detail/beluga_neighbors__builder.hpp
[7.221s] -- Up-to-date: /home/admi3ev/Beluga-Firmware-Mod/install/beluga_messages/include/beluga_messages/beluga_messages/msg/detail/beluga_neighbor__traits.hpp
[7.221s] -- Up-to-date: /home/admi3ev/Beluga-Firmware-Mod/install/beluga_messages/include/beluga_messages/beluga_messages/msg/beluga_range.hpp
[7.221s] -- Up-to-date: /home/admi3ev/Beluga-Firmware-Mod/install/beluga_messages/include/beluga_messages/beluga_messages/msg/beluga_ranges.hpp
[7.221s] -- Up-to-date: /home/admi3ev/Beluga-Firmware-Mod/install/beluga_messages/include/beluga_messages/beluga_messages/msg/beluga_exchange.hpp
[7.221s] -- Up-to-date: /home/admi3ev/Beluga-Firmware-Mod/install/beluga_messages/include/beluga_messages/beluga_messages/msg/rosidl_generator_cpp__visibility_control.hpp
[7.221s] -- Up-to-date: /home/admi3ev/Beluga-Firmware-Mod/install/beluga_messages/include/beluga_messages/beluga_messages/srv
[7.221s] -- Up-to-date: /home/admi3ev/Beluga-Firmware-Mod/install/beluga_messages/include/beluga_messages/beluga_messages/srv/detail
[7.221s] -- Up-to-date: /home/admi3ev/Beluga-Firmware-Mod/install/beluga_messages/include/beluga_messages/beluga_messages/srv/detail/beluga_at_command__struct.hpp
[7.221s] -- Up-to-date: /home/admi3ev/Beluga-Firmware-Mod/install/beluga_messages/include/beluga_messages/beluga_messages/srv/detail/beluga_at_command__type_support.hpp
[7.222s] -- Up-to-date: /home/admi3ev/Beluga-Firmware-Mod/install/beluga_messages/include/beluga_messages/beluga_messages/srv/detail/beluga_at_command__traits.hpp
[7.222s] -- Up-to-date: /home/admi3ev/Beluga-Firmware-Mod/install/beluga_messages/include/beluga_messages/beluga_messages/srv/detail/beluga_at_command__builder.hpp
[7.222s] -- Up-to-date: /home/admi3ev/Beluga-Firmware-Mod/install/beluga_messages/include/beluga_messages/beluga_messages/srv/beluga_at_command.hpp
[7.222s] -- Up-to-date: /home/admi3ev/Beluga-Firmware-Mod/install/beluga_messages/include/beluga_messages/beluga_messages
[7.222s] -- Up-to-date: /home/admi3ev/Beluga-Firmware-Mod/install/beluga_messages/include/beluga_messages/beluga_messages/msg
[7.222s] -- Up-to-date: /home/admi3ev/Beluga-Firmware-Mod/install/beluga_messages/include/beluga_messages/beluga_messages/msg/detail
[7.222s] -- Up-to-date: /home/admi3ev/Beluga-Firmware-Mod/install/beluga_messages/include/beluga_messages/beluga_messages/msg/detail/beluga_neighbors__rosidl_typesupport_fastrtps_cpp.hpp
[7.222s] -- Up-to-date: /home/admi3ev/Beluga-Firmware-Mod/install/beluga_messages/include/beluga_messages/beluga_messages/msg/detail/beluga_exchange__rosidl_typesupport_fastrtps_cpp.hpp
[7.222s] -- Up-to-date: /home/admi3ev/Beluga-Firmware-Mod/install/beluga_messages/include/beluga_messages/beluga_messages/msg/detail/beluga_range__rosidl_typesupport_fastrtps_cpp.hpp
[7.222s] -- Up-to-date: /home/admi3ev/Beluga-Firmware-Mod/install/beluga_messages/include/beluga_messages/beluga_messages/msg/detail/beluga_ranges__rosidl_typesupport_fastrtps_cpp.hpp
[7.222s] -- Up-to-date: /home/admi3ev/Beluga-Firmware-Mod/install/beluga_messages/include/beluga_messages/beluga_messages/msg/detail/dds_fastrtps
[7.222s] -- Up-to-date: /home/admi3ev/Beluga-Firmware-Mod/install/beluga_messages/include/beluga_messages/beluga_messages/msg/detail/beluga_neighbor__rosidl_typesupport_fastrtps_cpp.hpp
[7.232s] -- Up-to-date: /home/admi3ev/Beluga-Firmware-Mod/install/beluga_messages/include/beluga_messages/beluga_messages/msg/rosidl_typesupport_fastrtps_cpp__visibility_control.h
[7.232s] -- Up-to-date: /home/admi3ev/Beluga-Firmware-Mod/install/beluga_messages/include/beluga_messages/beluga_messages/srv
[7.232s] -- Up-to-date: /home/admi3ev/Beluga-Firmware-Mod/install/beluga_messages/include/beluga_messages/beluga_messages/srv/detail
[7.232s] -- Up-to-date: /home/admi3ev/Beluga-Firmware-Mod/install/beluga_messages/include/beluga_messages/beluga_messages/srv/detail/beluga_at_command__rosidl_typesupport_fastrtps_cpp.hpp
[7.232s] -- Up-to-date: /home/admi3ev/Beluga-Firmware-Mod/install/beluga_messages/include/beluga_messages/beluga_messages/srv/detail/dds_fastrtps
[7.233s] -- Installing: /home/admi3ev/Beluga-Firmware-Mod/install/beluga_messages/lib/libbeluga_messages__rosidl_typesupport_fastrtps_cpp.so
[7.233s] -- Set runtime path of "/home/admi3ev/Beluga-Firmware-Mod/install/beluga_messages/lib/libbeluga_messages__rosidl_typesupport_fastrtps_cpp.so" to ""
[7.233s] -- Up-to-date: /home/admi3ev/Beluga-Firmware-Mod/install/beluga_messages/include/beluga_messages/beluga_messages
[7.233s] -- Up-to-date: /home/admi3ev/Beluga-Firmware-Mod/install/beluga_messages/include/beluga_messages/beluga_messages/msg
[7.233s] -- Up-to-date: /home/admi3ev/Beluga-Firmware-Mod/install/beluga_messages/include/beluga_messages/beluga_messages/msg/detail
[7.233s] -- Up-to-date: /home/admi3ev/Beluga-Firmware-Mod/install/beluga_messages/include/beluga_messages/beluga_messages/msg/detail/beluga_ranges__rosidl_typesupport_introspection_cpp.hpp
[7.233s] -- Up-to-date: /home/admi3ev/Beluga-Firmware-Mod/install/beluga_messages/include/beluga_messages/beluga_messages/msg/detail/beluga_range__rosidl_typesupport_introspection_cpp.hpp
[7.233s] -- Up-to-date: /home/admi3ev/Beluga-Firmware-Mod/install/beluga_messages/include/beluga_messages/beluga_messages/msg/detail/beluga_neighbor__rosidl_typesupport_introspection_cpp.hpp
[7.233s] -- Up-to-date: /home/admi3ev/Beluga-Firmware-Mod/install/beluga_messages/include/beluga_messages/beluga_messages/msg/detail/beluga_neighbor__type_support.cpp
[7.233s] -- Up-to-date: /home/admi3ev/Beluga-Firmware-Mod/install/beluga_messages/include/beluga_messages/beluga_messages/msg/detail/beluga_range__type_support.cpp
[7.233s] -- Up-to-date: /home/admi3ev/Beluga-Firmware-Mod/install/beluga_messages/include/beluga_messages/beluga_messages/msg/detail/beluga_ranges__type_support.cpp
[7.233s] -- Up-to-date: /home/admi3ev/Beluga-Firmware-Mod/install/beluga_messages/include/beluga_messages/beluga_messages/msg/detail/beluga_exchange__rosidl_typesupport_introspection_cpp.hpp
[7.233s] -- Up-to-date: /home/admi3ev/Beluga-Firmware-Mod/install/beluga_messages/include/beluga_messages/beluga_messages/msg/detail/beluga_exchange__type_support.cpp
[7.234s] -- Up-to-date: /home/admi3ev/Beluga-Firmware-Mod/install/beluga_messages/include/beluga_messages/beluga_messages/msg/detail/beluga_neighbors__type_support.cpp
[7.234s] -- Up-to-date: /home/admi3ev/Beluga-Firmware-Mod/install/beluga_messages/include/beluga_messages/beluga_messages/msg/detail/beluga_neighbors__rosidl_typesupport_introspection_cpp.hpp
[7.238s] -- Up-to-date: /home/admi3ev/Beluga-Firmware-Mod/install/beluga_messages/include/beluga_messages/beluga_messages/srv
[7.238s] -- Up-to-date: /home/admi3ev/Beluga-Firmware-Mod/install/beluga_messages/include/beluga_messages/beluga_messages/srv/detail
[7.238s] -- Up-to-date: /home/admi3ev/Beluga-Firmware-Mod/install/beluga_messages/include/beluga_messages/beluga_messages/srv/detail/beluga_at_command__rosidl_typesupport_introspection_cpp.hpp
[7.239s] -- Up-to-date: /home/admi3ev/Beluga-Firmware-Mod/install/beluga_messages/include/beluga_messages/beluga_messages/srv/detail/beluga_at_command__type_support.cpp
[7.239s] -- Installing: /home/admi3ev/Beluga-Firmware-Mod/install/beluga_messages/lib/libbeluga_messages__rosidl_typesupport_introspection_cpp.so
[7.240s] -- Set runtime path of "/home/admi3ev/Beluga-Firmware-Mod/install/beluga_messages/lib/libbeluga_messages__rosidl_typesupport_introspection_cpp.so" to ""
[7.241s] -- Installing: /home/admi3ev/Beluga-Firmware-Mod/install/beluga_messages/lib/libbeluga_messages__rosidl_typesupport_cpp.so
[7.241s] -- Set runtime path of "/home/admi3ev/Beluga-Firmware-Mod/install/beluga_messages/lib/libbeluga_messages__rosidl_typesupport_cpp.so" to ""
[7.241s] -- Up-to-date: /home/admi3ev/Beluga-Firmware-Mod/install/beluga_messages/share/beluga_messages/environment/pythonpath.sh
[7.241s] -- Up-to-date: /home/admi3ev/Beluga-Firmware-Mod/install/beluga_messages/share/beluga_messages/environment/pythonpath.dsv
[7.241s] -- Up-to-date: /home/admi3ev/Beluga-Firmware-Mod/install/beluga_messages/local/lib/python3.10/dist-packages/beluga_messages-0.0.0-py3.10.egg-info
[7.241s] -- Installing: /home/admi3ev/Beluga-Firmware-Mod/install/beluga_messages/local/lib/python3.10/dist-packages/beluga_messages-0.0.0-py3.10.egg-info/SOURCES.txt
[7.241s] -- Installing: /home/admi3ev/Beluga-Firmware-Mod/install/beluga_messages/local/lib/python3.10/dist-packages/beluga_messages-0.0.0-py3.10.egg-info/PKG-INFO
[7.241s] -- Installing: /home/admi3ev/Beluga-Firmware-Mod/install/beluga_messages/local/lib/python3.10/dist-packages/beluga_messages-0.0.0-py3.10.egg-info/dependency_links.txt
[7.241s] -- Installing: /home/admi3ev/Beluga-Firmware-Mod/install/beluga_messages/local/lib/python3.10/dist-packages/beluga_messages-0.0.0-py3.10.egg-info/top_level.txt
[7.241s] -- Up-to-date: /home/admi3ev/Beluga-Firmware-Mod/install/beluga_messages/local/lib/python3.10/dist-packages/beluga_messages
[7.241s] -- Up-to-date: /home/admi3ev/Beluga-Firmware-Mod/install/beluga_messages/local/lib/python3.10/dist-packages/beluga_messages/_beluga_messages_s.ep.rosidl_typesupport_fastrtps_c.c
[7.241s] -- Up-to-date: /home/admi3ev/Beluga-Firmware-Mod/install/beluga_messages/local/lib/python3.10/dist-packages/beluga_messages/msg
[7.241s] -- Up-to-date: /home/admi3ev/Beluga-Firmware-Mod/install/beluga_messages/local/lib/python3.10/dist-packages/beluga_messages/msg/_beluga_exchange_s.c
[7.242s] -- Up-to-date: /home/admi3ev/Beluga-Firmware-Mod/install/beluga_messages/local/lib/python3.10/dist-packages/beluga_messages/msg/_beluga_ranges_s.c
[7.242s] -- Up-to-date: /home/admi3ev/Beluga-Firmware-Mod/install/beluga_messages/local/lib/python3.10/dist-packages/beluga_messages/msg/_beluga_ranges.py
[7.242s] -- Up-to-date: /home/admi3ev/Beluga-Firmware-Mod/install/beluga_messages/local/lib/python3.10/dist-packages/beluga_messages/msg/__init__.py
[7.242s] -- Up-to-date: /home/admi3ev/Beluga-Firmware-Mod/install/beluga_messages/local/lib/python3.10/dist-packages/beluga_messages/msg/_beluga_neighbor_s.c
[7.242s] -- Up-to-date: /home/admi3ev/Beluga-Firmware-Mod/install/beluga_messages/local/lib/python3.10/dist-packages/beluga_messages/msg/_beluga_neighbors_s.c
[7.242s] -- Up-to-date: /home/admi3ev/Beluga-Firmware-Mod/install/beluga_messages/local/lib/python3.10/dist-packages/beluga_messages/msg/_beluga_range.py
[7.242s] -- Up-to-date: /home/admi3ev/Beluga-Firmware-Mod/install/beluga_messages/local/lib/python3.10/dist-packages/beluga_messages/msg/_beluga_neighbors.py
[7.242s] -- Up-to-date: /home/admi3ev/Beluga-Firmware-Mod/install/beluga_messages/local/lib/python3.10/dist-packages/beluga_messages/msg/_beluga_neighbor.py
[7.242s] -- Up-to-date: /home/admi3ev/Beluga-Firmware-Mod/install/beluga_messages/local/lib/python3.10/dist-packages/beluga_messages/msg/_beluga_exchange.py
[7.242s] -- Up-to-date: /home/admi3ev/Beluga-Firmware-Mod/install/beluga_messages/local/lib/python3.10/dist-packages/beluga_messages/msg/_beluga_range_s.c
[7.242s] -- Up-to-date: /home/admi3ev/Beluga-Firmware-Mod/install/beluga_messages/local/lib/python3.10/dist-packages/beluga_messages/_beluga_messages_s.ep.rosidl_typesupport_c.c
[7.244s] -- Installing: /home/admi3ev/Beluga-Firmware-Mod/install/beluga_messages/local/lib/python3.10/dist-packages/beluga_messages/libbeluga_messages__rosidl_generator_py.so
[7.244s] -- Up-to-date: /home/admi3ev/Beluga-Firmware-Mod/install/beluga_messages/local/lib/python3.10/dist-packages/beluga_messages/__init__.py
[7.244s] -- Up-to-date: /home/admi3ev/Beluga-Firmware-Mod/install/beluga_messages/local/lib/python3.10/dist-packages/beluga_messages/srv
[7.244s] -- Up-to-date: /home/admi3ev/Beluga-Firmware-Mod/install/beluga_messages/local/lib/python3.10/dist-packages/beluga_messages/srv/_beluga_at_command.py
[7.244s] -- Up-to-date: /home/admi3ev/Beluga-Firmware-Mod/install/beluga_messages/local/lib/python3.10/dist-packages/beluga_messages/srv/__init__.py
[7.244s] -- Up-to-date: /home/admi3ev/Beluga-Firmware-Mod/install/beluga_messages/local/lib/python3.10/dist-packages/beluga_messages/srv/_beluga_at_command_s.c
[7.244s] -- Installing: /home/admi3ev/Beluga-Firmware-Mod/install/beluga_messages/local/lib/python3.10/dist-packages/beluga_messages/beluga_messages_s__rosidl_typesupport_c.cpython-310-x86_64-linux-gnu.so
[7.245s] -- Installing: /home/admi3ev/Beluga-Firmware-Mod/install/beluga_messages/local/lib/python3.10/dist-packages/beluga_messages/beluga_messages_s__rosidl_typesupport_fastrtps_c.cpython-310-x86_64-linux-gnu.so
[7.245s] -- Up-to-date: /home/admi3ev/Beluga-Firmware-Mod/install/beluga_messages/local/lib/python3.10/dist-packages/beluga_messages/_beluga_messages_s.ep.rosidl_typesupport_introspection_c.c
[7.245s] -- Installing: /home/admi3ev/Beluga-Firmware-Mod/install/beluga_messages/local/lib/python3.10/dist-packages/beluga_messages/beluga_messages_s__rosidl_typesupport_introspection_c.cpython-310-x86_64-linux-gnu.so
[7.309s] Listing '/home/admi3ev/Beluga-Firmware-Mod/install/beluga_messages/local/lib/python3.10/dist-packages/beluga_messages'...
[7.309s] Listing '/home/admi3ev/Beluga-Firmware-Mod/install/beluga_messages/local/lib/python3.10/dist-packages/beluga_messages/msg'...
[7.309s] Listing '/home/admi3ev/Beluga-Firmware-Mod/install/beluga_messages/local/lib/python3.10/dist-packages/beluga_messages/srv'...
[7.322s] -- Installing: /home/admi3ev/Beluga-Firmware-Mod/install/beluga_messages/local/lib/python3.10/dist-packages/beluga_messages/beluga_messages_s__rosidl_typesupport_fastrtps_c.cpython-310-x86_64-linux-gnu.so
[7.326s] -- Set runtime path of "/home/admi3ev/Beluga-Firmware-Mod/install/beluga_messages/local/lib/python3.10/dist-packages/beluga_messages/beluga_messages_s__rosidl_typesupport_fastrtps_c.cpython-310-x86_64-linux-gnu.so" to ""
[7.326s] -- Installing: /home/admi3ev/Beluga-Firmware-Mod/install/beluga_messages/local/lib/python3.10/dist-packages/beluga_messages/beluga_messages_s__rosidl_typesupport_introspection_c.cpython-310-x86_64-linux-gnu.so
[7.326s] -- Set runtime path of "/home/admi3ev/Beluga-Firmware-Mod/install/beluga_messages/local/lib/python3.10/dist-packages/beluga_messages/beluga_messages_s__rosidl_typesupport_introspection_c.cpython-310-x86_64-linux-gnu.so" to ""
[7.326s] -- Installing: /home/admi3ev/Beluga-Firmware-Mod/install/beluga_messages/local/lib/python3.10/dist-packages/beluga_messages/beluga_messages_s__rosidl_typesupport_c.cpython-310-x86_64-linux-gnu.so
[7.326s] -- Set runtime path of "/home/admi3ev/Beluga-Firmware-Mod/install/beluga_messages/local/lib/python3.10/dist-packages/beluga_messages/beluga_messages_s__rosidl_typesupport_c.cpython-310-x86_64-linux-gnu.so" to ""
[7.328s] -- Installing: /home/admi3ev/Beluga-Firmware-Mod/install/beluga_messages/lib/libbeluga_messages__rosidl_generator_py.so
[7.329s] -- Set runtime path of "/home/admi3ev/Beluga-Firmware-Mod/install/beluga_messages/lib/libbeluga_messages__rosidl_generator_py.so" to ""
[7.330s] -- Up-to-date: /home/admi3ev/Beluga-Firmware-Mod/install/beluga_messages/share/beluga_messages/msg/BelugaNeighbor.idl
[7.330s] -- Up-to-date: /home/admi3ev/Beluga-Firmware-Mod/install/beluga_messages/share/beluga_messages/msg/BelugaNeighbors.idl
[7.330s] -- Up-to-date: /home/admi3ev/Beluga-Firmware-Mod/install/beluga_messages/share/beluga_messages/srv/BelugaATCommand.idl
[7.331s] -- Up-to-date: /home/admi3ev/Beluga-Firmware-Mod/install/beluga_messages/share/beluga_messages/msg/BelugaRange.idl
[7.331s] -- Up-to-date: /home/admi3ev/Beluga-Firmware-Mod/install/beluga_messages/share/beluga_messages/msg/BelugaRanges.idl
[7.332s] -- Up-to-date: /home/admi3ev/Beluga-Firmware-Mod/install/beluga_messages/share/beluga_messages/msg/BelugaExchange.idl
[7.332s] -- Up-to-date: /home/admi3ev/Beluga-Firmware-Mod/install/beluga_messages/share/beluga_messages/msg/BelugaNeighbor.msg
[7.332s] -- Up-to-date: /home/admi3ev/Beluga-Firmware-Mod/install/beluga_messages/share/beluga_messages/msg/BelugaNeighbors.msg
[7.332s] -- Up-to-date: /home/admi3ev/Beluga-Firmware-Mod/install/beluga_messages/share/beluga_messages/srv/BelugaATCommand.srv
[7.332s] -- Up-to-date: /home/admi3ev/Beluga-Firmware-Mod/install/beluga_messages/share/beluga_messages/srv/BelugaATCommand_Request.msg
[7.332s] -- Up-to-date: /home/admi3ev/Beluga-Firmware-Mod/install/beluga_messages/share/beluga_messages/srv/BelugaATCommand_Response.msg
[7.332s] -- Up-to-date: /home/admi3ev/Beluga-Firmware-Mod/install/beluga_messages/share/beluga_messages/msg/BelugaRange.msg
[7.332s] -- Up-to-date: /home/admi3ev/Beluga-Firmware-Mod/install/beluga_messages/share/beluga_messages/msg/BelugaRanges.msg
[7.334s] -- Up-to-date: /home/admi3ev/Beluga-Firmware-Mod/install/beluga_messages/share/beluga_messages/msg/BelugaExchange.msg
[7.334s] -- Up-to-date: /home/admi3ev/Beluga-Firmware-Mod/install/beluga_messages/share/ament_index/resource_index/package_run_dependencies/beluga_messages
[7.334s] -- Up-to-date: /home/admi3ev/Beluga-Firmware-Mod/install/beluga_messages/share/ament_index/resource_index/parent_prefix_path/beluga_messages
[7.334s] -- Installing: /home/admi3ev/Beluga-Firmware-Mod/install/beluga_messages/share/beluga_messages/environment/ament_prefix_path.sh
[7.334s] -- Up-to-date: /home/admi3ev/Beluga-Firmware-Mod/install/beluga_messages/share/beluga_messages/environment/ament_prefix_path.dsv
[7.334s] -- Installing: /home/admi3ev/Beluga-Firmware-Mod/install/beluga_messages/share/beluga_messages/environment/path.sh
[7.334s] -- Up-to-date: /home/admi3ev/Beluga-Firmware-Mod/install/beluga_messages/share/beluga_messages/environment/path.dsv
[7.334s] -- Up-to-date: /home/admi3ev/Beluga-Firmware-Mod/install/beluga_messages/share/beluga_messages/local_setup.bash
[7.334s] -- Up-to-date: /home/admi3ev/Beluga-Firmware-Mod/install/beluga_messages/share/beluga_messages/local_setup.sh
[7.334s] -- Up-to-date: /home/admi3ev/Beluga-Firmware-Mod/install/beluga_messages/share/beluga_messages/local_setup.zsh
[7.334s] -- Up-to-date: /home/admi3ev/Beluga-Firmware-Mod/install/beluga_messages/share/beluga_messages/local_setup.dsv
[7.335s] -- Installing: /home/admi3ev/Beluga-Firmware-Mod/install/beluga_messages/share/beluga_messages/package.dsv
[7.335s] -- Up-to-date: /home/admi3ev/Beluga-Firmware-Mod/install/beluga_messages/share/ament_index/resource_index/packages/beluga_messages
[7.339s] -- Up-to-date: /home/admi3ev/Beluga-Firmware-Mod/install/beluga_messages/share/beluga_messages/cmake/export_beluga_messages__rosidl_generator_cExport.cmake
[7.339s] -- Up-to-date: /home/admi3ev/Beluga-Firmware-Mod/install/beluga_messages/share/beluga_messages/cmake/export_beluga_messages__rosidl_generator_cExport-noconfig.cmake
[7.339s] -- Up-to-date: /home/admi3ev/Beluga-Firmware-Mod/install/beluga_messages/share/beluga_messages/cmake/export_beluga_messages__rosidl_typesupport_fastrtps_cExport.cmake
[7.339s] -- Up-to-date: /home/admi3ev/Beluga-Firmware-Mod/install/beluga_messages/share/beluga_messages/cmake/export_beluga_messages__rosidl_typesupport_fastrtps_cExport-noconfig.cmake
[7.339s] -- Up-to-date: /home/admi3ev/Beluga-Firmware-Mod/install/beluga_messages/share/beluga_messages/cmake/beluga_messages__rosidl_typesupport_introspection_cExport.cmake
[7.339s] -- Up-to-date: /home/admi3ev/Beluga-Firmware-Mod/install/beluga_messages/share/beluga_messages/cmake/beluga_messages__rosidl_typesupport_introspection_cExport-noconfig.cmake
[7.340s] -- Up-to-date: /home/admi3ev/Beluga-Firmware-Mod/install/beluga_messages/share/beluga_messages/cmake/beluga_messages__rosidl_typesupport_cExport.cmake
[7.340s] -- Up-to-date: /home/admi3ev/Beluga-Firmware-Mod/install/beluga_messages/share/beluga_messages/cmake/beluga_messages__rosidl_typesupport_cExport-noconfig.cmake
[7.340s] -- Up-to-date: /home/admi3ev/Beluga-Firmware-Mod/install/beluga_messages/share/beluga_messages/cmake/export_beluga_messages__rosidl_generator_cppExport.cmake
[7.349s] -- Up-to-date: /home/admi3ev/Beluga-Firmware-Mod/install/beluga_messages/share/beluga_messages/cmake/export_beluga_messages__rosidl_typesupport_fastrtps_cppExport.cmake
[7.354s] -- Up-to-date: /home/admi3ev/Beluga-Firmware-Mod/install/beluga_messages/share/beluga_messages/cmake/export_beluga_messages__rosidl_typesupport_fastrtps_cppExport-noconfig.cmake
[7.354s] -- Up-to-date: /home/admi3ev/Beluga-Firmware-Mod/install/beluga_messages/share/beluga_messages/cmake/beluga_messages__rosidl_typesupport_introspection_cppExport.cmake
[7.354s] -- Up-to-date: /home/admi3ev/Beluga-Firmware-Mod/install/beluga_messages/share/beluga_messages/cmake/beluga_messages__rosidl_typesupport_introspection_cppExport-noconfig.cmake
[7.354s] -- Up-to-date: /home/admi3ev/Beluga-Firmware-Mod/install/beluga_messages/share/beluga_messages/cmake/beluga_messages__rosidl_typesupport_cppExport.cmake
[7.354s] -- Up-to-date: /home/admi3ev/Beluga-Firmware-Mod/install/beluga_messages/share/beluga_messages/cmake/beluga_messages__rosidl_typesupport_cppExport-noconfig.cmake
[7.354s] -- Up-to-date: /home/admi3ev/Beluga-Firmware-Mod/install/beluga_messages/share/beluga_messages/cmake/export_beluga_messages__rosidl_generator_pyExport.cmake
[7.354s] -- Up-to-date: /home/admi3ev/Beluga-Firmware-Mod/install/beluga_messages/share/beluga_messages/cmake/export_beluga_messages__rosidl_generator_pyExport-noconfig.cmake
[7.354s] -- Up-to-date: /home/admi3ev/Beluga-Firmware-Mod/install/beluga_messages/share/beluga_messages/cmake/rosidl_cmake-extras.cmake
[7.354s] -- Up-to-date: /home/admi3ev/Beluga-Firmware-Mod/install/beluga_messages/share/beluga_messages/cmake/ament_cmake_export_dependencies-extras.cmake
[7.354s] -- Up-to-date: /home/admi3ev/Beluga-Firmware-Mod/install/beluga_messages/share/beluga_messages/cmake/ament_cmake_export_include_directories-extras.cmake
[7.354s] -- Up-to-date: /home/admi3ev/Beluga-Firmware-Mod/install/beluga_messages/share/beluga_messages/cmake/ament_cmake_export_libraries-extras.cmake
[7.354s] -- Up-to-date: /home/admi3ev/Beluga-Firmware-Mod/install/beluga_messages/share/beluga_messages/cmake/ament_cmake_export_targets-extras.cmake
[7.355s] -- Up-to-date: /home/admi3ev/Beluga-Firmware-Mod/install/beluga_messages/share/beluga_messages/cmake/rosidl_cmake_export_typesupport_targets-extras.cmake
[7.355s] -- Up-to-date: /home/admi3ev/Beluga-Firmware-Mod/install/beluga_messages/share/beluga_messages/cmake/rosidl_cmake_export_typesupport_libraries-extras.cmake
[7.355s] -- Up-to-date: /home/admi3ev/Beluga-Firmware-Mod/install/beluga_messages/share/beluga_messages/cmake/beluga_messagesConfig.cmake
[7.355s] -- Up-to-date: /home/admi3ev/Beluga-Firmware-Mod/install/beluga_messages/share/beluga_messages/cmake/beluga_messagesConfig-version.cmake
[7.355s] -- Up-to-date: /home/admi3ev/Beluga-Firmware-Mod/install/beluga_messages/share/beluga_messages/package.xml
[7.355s] Invoked command in '/home/admi3ev/Beluga-Firmware-Mod/build/beluga_messages' returned '0': CMAKE_PREFIX_PATH=${CMAKE_PREFIX_PATH}:/opt/ros/humble /usr/bin/cmake --install /home/admi3ev/Beluga-Firmware-Mod/build/beluga_messages
