-- The C compiler identification is GNU 11.4.0
-- The CXX compiler identification is GNU 11.4.0
-- Detecting C compiler ABI info
-- Detecting C compiler ABI info - done
-- Check for working C compiler: /usr/bin/cc - skipped
-- Detecting C compile features
-- Detecting C compile features - done
-- Detecting CXX compiler ABI info
-- Detecting CXX compiler ABI info - done
-- Check for working CXX compiler: /usr/bin/c++ - skipped
-- Detecting CXX compile features
-- Detecting CXX compile features - done
-- Found ament_cmake: 1.3.13 (/opt/ros/humble/share/ament_cmake/cmake)
-- Found Python3: /usr/bin/python3 (found version "3.10.12") found components: Interpreter 
-- Found ament_lint_auto: 0.12.15 (/opt/ros/humble/share/ament_lint_auto/cmake)
-- Found rosidl_default_generators: 1.2.0 (/opt/ros/humble/share/rosidl_default_generators/cmake)
-- Using all available rosidl_typesupport_c: rosidl_typesupport_fastrtps_c;rosidl_typesupport_introspection_c
-- Found rosidl_adapter: 3.1.8 (/opt/ros/humble/share/rosidl_adapter/cmake)
-- Using all available rosidl_typesupport_cpp: rosidl_typesupport_fastrtps_cpp;rosidl_typesupport_introspection_cpp
-- Found builtin_interfaces: 1.2.2 (/opt/ros/humble/share/builtin_interfaces/cmake)
-- Found ament_cmake_ros: 0.10.0 (/opt/ros/humble/share/ament_cmake_ros/cmake)
-- Using all available rosidl_typesupport_c: rosidl_typesupport_fastrtps_c;rosidl_typesupport_introspection_c
-- Using all available rosidl_typesupport_cpp: rosidl_typesupport_fastrtps_cpp;rosidl_typesupport_introspection_cpp
-- Found PythonInterp: /usr/bin/python3 (found suitable version "3.10.12", minimum required is "3.6") 
-- Found python_cmake_module: 0.10.0 (/opt/ros/humble/share/python_cmake_module/cmake)
-- Found PythonLibs: /usr/lib/x86_64-linux-gnu/libpython3.10.so (found suitable version "3.10.12", minimum required is "3.5") 
-- Using PYTHON_EXECUTABLE: /usr/bin/python3
-- Using PYTHON_INCLUDE_DIRS: /usr/include/python3.10
-- Using PYTHON_LIBRARIES: /usr/lib/x86_64-linux-gnu/libpython3.10.so
-- Found PythonExtra: .so  
-- Added test 'lint_cmake' to check CMake code style
-- Added test 'xmllint' to check XML markup files
-- Configuring done
-- Generating done
-- Build files have been written to: /home/admi3ev/Beluga-Firmware-Mod/build/beluga_messages
[  1%] [34m[1mGenerating C code for ROS interfaces[0m
[  2%] [34m[1mGenerating C++ code for ROS interfaces[0m
[  2%] Built target ament_cmake_python_copy_beluga_messages
running egg_info
creating beluga_messages.egg-info
writing beluga_messages.egg-info/PKG-INFO
writing dependency_links to beluga_messages.egg-info/dependency_links.txt
writing top-level names to beluga_messages.egg-info/top_level.txt
writing manifest file 'beluga_messages.egg-info/SOURCES.txt'
reading manifest file 'beluga_messages.egg-info/SOURCES.txt'
writing manifest file 'beluga_messages.egg-info/SOURCES.txt'
[  2%] Built target ament_cmake_python_build_beluga_messages_egg
[  4%] [32mBuilding C object CMakeFiles/beluga_messages__rosidl_generator_c.dir/rosidl_generator_c/beluga_messages/msg/detail/beluga_neighbor__functions.c.o[0m
[  5%] [32mBuilding C object CMakeFiles/beluga_messages__rosidl_generator_c.dir/rosidl_generator_c/beluga_messages/msg/detail/beluga_neighbors__functions.c.o[0m
[  7%] [32mBuilding C object CMakeFiles/beluga_messages__rosidl_generator_c.dir/rosidl_generator_c/beluga_messages/srv/detail/beluga_at_command__functions.c.o[0m
[  8%] [32mBuilding C object CMakeFiles/beluga_messages__rosidl_generator_c.dir/rosidl_generator_c/beluga_messages/msg/detail/beluga_range__functions.c.o[0m
[  9%] [32mBuilding C object CMakeFiles/beluga_messages__rosidl_generator_c.dir/rosidl_generator_c/beluga_messages/msg/detail/beluga_ranges__functions.c.o[0m
[ 11%] [32mBuilding C object CMakeFiles/beluga_messages__rosidl_generator_c.dir/rosidl_generator_c/beluga_messages/msg/detail/beluga_exchange__functions.c.o[0m
[ 11%] Built target beluga_messages__cpp
[ 12%] [34m[1mGenerating C++ introspection for ROS interfaces[0m
[ 14%] [34m[1mGenerating C++ type support for eProsima Fast-RTPS[0m
[ 15%] [34m[1mGenerating C++ type support dispatch for ROS interfaces[0m
[ 16%] [32m[1mLinking C shared library libbeluga_messages__rosidl_generator_c.so[0m
[ 16%] Built target beluga_messages__rosidl_generator_c
[ 18%] [34m[1mGenerating C type support for eProsima Fast-RTPS[0m
[ 19%] [32mBuilding CXX object CMakeFiles/beluga_messages__rosidl_typesupport_cpp.dir/rosidl_typesupport_cpp/beluga_messages/msg/beluga_neighbor__type_support.cpp.o[0m
[ 21%] [32mBuilding CXX object CMakeFiles/beluga_messages__rosidl_typesupport_introspection_cpp.dir/rosidl_typesupport_introspection_cpp/beluga_messages/msg/detail/beluga_neighbor__type_support.cpp.o[0m
[ 22%] [32mBuilding CXX object CMakeFiles/beluga_messages__rosidl_typesupport_fastrtps_c.dir/rosidl_typesupport_fastrtps_c/beluga_messages/msg/detail/beluga_neighbor__type_support_c.cpp.o[0m
[ 23%] [32mBuilding CXX object CMakeFiles/beluga_messages__rosidl_typesupport_fastrtps_cpp.dir/rosidl_typesupport_fastrtps_cpp/beluga_messages/msg/detail/dds_fastrtps/beluga_neighbor__type_support.cpp.o[0m
[ 25%] [32mBuilding CXX object CMakeFiles/beluga_messages__rosidl_typesupport_cpp.dir/rosidl_typesupport_cpp/beluga_messages/msg/beluga_neighbors__type_support.cpp.o[0m
[ 26%] [32mBuilding CXX object CMakeFiles/beluga_messages__rosidl_typesupport_fastrtps_c.dir/rosidl_typesupport_fastrtps_c/beluga_messages/msg/detail/beluga_neighbors__type_support_c.cpp.o[0m
[ 28%] [32mBuilding CXX object CMakeFiles/beluga_messages__rosidl_typesupport_cpp.dir/rosidl_typesupport_cpp/beluga_messages/srv/beluga_at_command__type_support.cpp.o[0m
[ 29%] [32mBuilding CXX object CMakeFiles/beluga_messages__rosidl_typesupport_introspection_cpp.dir/rosidl_typesupport_introspection_cpp/beluga_messages/msg/detail/beluga_neighbors__type_support.cpp.o[0m
[ 30%] [32mBuilding CXX object CMakeFiles/beluga_messages__rosidl_typesupport_fastrtps_cpp.dir/rosidl_typesupport_fastrtps_cpp/beluga_messages/msg/detail/dds_fastrtps/beluga_neighbors__type_support.cpp.o[0m
[ 32%] [32mBuilding CXX object CMakeFiles/beluga_messages__rosidl_typesupport_cpp.dir/rosidl_typesupport_cpp/beluga_messages/msg/beluga_range__type_support.cpp.o[0m
[ 33%] [32mBuilding CXX object CMakeFiles/beluga_messages__rosidl_typesupport_fastrtps_c.dir/rosidl_typesupport_fastrtps_c/beluga_messages/srv/detail/beluga_at_command__type_support_c.cpp.o[0m
[ 35%] [32mBuilding CXX object CMakeFiles/beluga_messages__rosidl_typesupport_introspection_cpp.dir/rosidl_typesupport_introspection_cpp/beluga_messages/srv/detail/beluga_at_command__type_support.cpp.o[0m
[ 36%] [32mBuilding CXX object CMakeFiles/beluga_messages__rosidl_typesupport_cpp.dir/rosidl_typesupport_cpp/beluga_messages/msg/beluga_ranges__type_support.cpp.o[0m
[ 38%] [32mBuilding CXX object CMakeFiles/beluga_messages__rosidl_typesupport_fastrtps_cpp.dir/rosidl_typesupport_fastrtps_cpp/beluga_messages/srv/detail/dds_fastrtps/beluga_at_command__type_support.cpp.o[0m
[ 39%] [32mBuilding CXX object CMakeFiles/beluga_messages__rosidl_typesupport_fastrtps_c.dir/rosidl_typesupport_fastrtps_c/beluga_messages/msg/detail/beluga_range__type_support_c.cpp.o[0m
[ 40%] [32mBuilding CXX object CMakeFiles/beluga_messages__rosidl_typesupport_introspection_cpp.dir/rosidl_typesupport_introspection_cpp/beluga_messages/msg/detail/beluga_range__type_support.cpp.o[0m
[ 42%] [32mBuilding CXX object CMakeFiles/beluga_messages__rosidl_typesupport_cpp.dir/rosidl_typesupport_cpp/beluga_messages/msg/beluga_exchange__type_support.cpp.o[0m
[ 43%] [32mBuilding CXX object CMakeFiles/beluga_messages__rosidl_typesupport_fastrtps_c.dir/rosidl_typesupport_fastrtps_c/beluga_messages/msg/detail/beluga_ranges__type_support_c.cpp.o[0m
[ 45%] [32mBuilding CXX object CMakeFiles/beluga_messages__rosidl_typesupport_fastrtps_cpp.dir/rosidl_typesupport_fastrtps_cpp/beluga_messages/msg/detail/dds_fastrtps/beluga_range__type_support.cpp.o[0m
[ 46%] [32m[1mLinking CXX shared library libbeluga_messages__rosidl_typesupport_cpp.so[0m
[ 47%] [32mBuilding CXX object CMakeFiles/beluga_messages__rosidl_typesupport_introspection_cpp.dir/rosidl_typesupport_introspection_cpp/beluga_messages/msg/detail/beluga_ranges__type_support.cpp.o[0m
[ 47%] Built target beluga_messages__rosidl_typesupport_cpp
[ 49%] [34m[1mGenerating C introspection for ROS interfaces[0m
[ 50%] [32mBuilding CXX object CMakeFiles/beluga_messages__rosidl_typesupport_fastrtps_c.dir/rosidl_typesupport_fastrtps_c/beluga_messages/msg/detail/beluga_exchange__type_support_c.cpp.o[0m
[ 52%] [32mBuilding CXX object CMakeFiles/beluga_messages__rosidl_typesupport_fastrtps_cpp.dir/rosidl_typesupport_fastrtps_cpp/beluga_messages/msg/detail/dds_fastrtps/beluga_ranges__type_support.cpp.o[0m
[ 53%] [32mBuilding CXX object CMakeFiles/beluga_messages__rosidl_typesupport_introspection_cpp.dir/rosidl_typesupport_introspection_cpp/beluga_messages/msg/detail/beluga_exchange__type_support.cpp.o[0m
[ 54%] [32m[1mLinking CXX shared library libbeluga_messages__rosidl_typesupport_fastrtps_c.so[0m
[ 54%] Built target beluga_messages__rosidl_typesupport_fastrtps_c
[ 56%] [32mBuilding CXX object CMakeFiles/beluga_messages__rosidl_typesupport_fastrtps_cpp.dir/rosidl_typesupport_fastrtps_cpp/beluga_messages/msg/detail/dds_fastrtps/beluga_exchange__type_support.cpp.o[0m
[ 57%] [32mBuilding C object CMakeFiles/beluga_messages__rosidl_typesupport_introspection_c.dir/rosidl_typesupport_introspection_c/beluga_messages/msg/detail/beluga_neighbor__type_support.c.o[0m
[ 59%] [32mBuilding C object CMakeFiles/beluga_messages__rosidl_typesupport_introspection_c.dir/rosidl_typesupport_introspection_c/beluga_messages/msg/detail/beluga_neighbors__type_support.c.o[0m
[ 60%] [34m[1mGenerating C type support dispatch for ROS interfaces[0m
[ 61%] [32mBuilding C object CMakeFiles/beluga_messages__rosidl_typesupport_introspection_c.dir/rosidl_typesupport_introspection_c/beluga_messages/srv/detail/beluga_at_command__type_support.c.o[0m
[ 63%] [32m[1mLinking CXX shared library libbeluga_messages__rosidl_typesupport_introspection_cpp.so[0m
[ 64%] [32mBuilding C object CMakeFiles/beluga_messages__rosidl_typesupport_introspection_c.dir/rosidl_typesupport_introspection_c/beluga_messages/msg/detail/beluga_range__type_support.c.o[0m
[ 66%] [32mBuilding C object CMakeFiles/beluga_messages__rosidl_typesupport_introspection_c.dir/rosidl_typesupport_introspection_c/beluga_messages/msg/detail/beluga_ranges__type_support.c.o[0m
[ 66%] Built target beluga_messages__rosidl_typesupport_introspection_cpp
[ 67%] [32mBuilding C object CMakeFiles/beluga_messages__rosidl_typesupport_introspection_c.dir/rosidl_typesupport_introspection_c/beluga_messages/msg/detail/beluga_exchange__type_support.c.o[0m
[ 69%] [32m[1mLinking C shared library libbeluga_messages__rosidl_typesupport_introspection_c.so[0m
[ 69%] Built target beluga_messages__rosidl_typesupport_introspection_c
[ 70%] [32m[1mLinking CXX shared library libbeluga_messages__rosidl_typesupport_fastrtps_cpp.so[0m
[ 70%] Built target beluga_messages__rosidl_typesupport_fastrtps_cpp
[ 76%] [32mBuilding CXX object CMakeFiles/beluga_messages__rosidl_typesupport_c.dir/rosidl_typesupport_c/beluga_messages/msg/beluga_range__type_support.cpp.o[0m
[ 76%] [32mBuilding CXX object CMakeFiles/beluga_messages__rosidl_typesupport_c.dir/rosidl_typesupport_c/beluga_messages/msg/beluga_neighbors__type_support.cpp.o[0m
[ 76%] [32mBuilding CXX object CMakeFiles/beluga_messages__rosidl_typesupport_c.dir/rosidl_typesupport_c/beluga_messages/srv/beluga_at_command__type_support.cpp.o[0m
[ 76%] [32mBuilding CXX object CMakeFiles/beluga_messages__rosidl_typesupport_c.dir/rosidl_typesupport_c/beluga_messages/msg/beluga_neighbor__type_support.cpp.o[0m
[ 77%] [32mBuilding CXX object CMakeFiles/beluga_messages__rosidl_typesupport_c.dir/rosidl_typesupport_c/beluga_messages/msg/beluga_ranges__type_support.cpp.o[0m
[ 78%] [32mBuilding CXX object CMakeFiles/beluga_messages__rosidl_typesupport_c.dir/rosidl_typesupport_c/beluga_messages/msg/beluga_exchange__type_support.cpp.o[0m
[ 80%] [32m[1mLinking CXX shared library libbeluga_messages__rosidl_typesupport_c.so[0m
[ 80%] Built target beluga_messages__rosidl_typesupport_c
[ 80%] Built target beluga_messages
[ 81%] [34m[1mGenerating Python code for ROS interfaces[0m
[ 81%] Built target beluga_messages__py
[ 85%] [32mBuilding C object CMakeFiles/beluga_messages__rosidl_generator_py.dir/rosidl_generator_py/beluga_messages/msg/_beluga_neighbors_s.c.o[0m
[ 85%] [32mBuilding C object CMakeFiles/beluga_messages__rosidl_generator_py.dir/rosidl_generator_py/beluga_messages/msg/_beluga_neighbor_s.c.o[0m
[ 85%] [32mBuilding C object CMakeFiles/beluga_messages__rosidl_generator_py.dir/rosidl_generator_py/beluga_messages/srv/_beluga_at_command_s.c.o[0m
[ 87%] [32mBuilding C object CMakeFiles/beluga_messages__rosidl_generator_py.dir/rosidl_generator_py/beluga_messages/msg/_beluga_range_s.c.o[0m
[ 88%] [32mBuilding C object CMakeFiles/beluga_messages__rosidl_generator_py.dir/rosidl_generator_py/beluga_messages/msg/_beluga_ranges_s.c.o[0m
[ 90%] [32mBuilding C object CMakeFiles/beluga_messages__rosidl_generator_py.dir/rosidl_generator_py/beluga_messages/msg/_beluga_exchange_s.c.o[0m
[ 91%] [32m[1mLinking C shared library rosidl_generator_py/beluga_messages/libbeluga_messages__rosidl_generator_py.so[0m
[ 91%] Built target beluga_messages__rosidl_generator_py
[ 95%] [32mBuilding C object CMakeFiles/beluga_messages__rosidl_typesupport_c__pyext.dir/rosidl_generator_py/beluga_messages/_beluga_messages_s.ep.rosidl_typesupport_c.c.o[0m
[ 95%] [32mBuilding C object CMakeFiles/beluga_messages__rosidl_typesupport_fastrtps_c__pyext.dir/rosidl_generator_py/beluga_messages/_beluga_messages_s.ep.rosidl_typesupport_fastrtps_c.c.o[0m
[ 95%] [32mBuilding C object CMakeFiles/beluga_messages__rosidl_typesupport_introspection_c__pyext.dir/rosidl_generator_py/beluga_messages/_beluga_messages_s.ep.rosidl_typesupport_introspection_c.c.o[0m
[ 97%] [32m[1mLinking C shared library rosidl_generator_py/beluga_messages/beluga_messages_s__rosidl_typesupport_c.cpython-310-x86_64-linux-gnu.so[0m
[ 98%] [32m[1mLinking C shared library rosidl_generator_py/beluga_messages/beluga_messages_s__rosidl_typesupport_fastrtps_c.cpython-310-x86_64-linux-gnu.so[0m
[100%] [32m[1mLinking C shared library rosidl_generator_py/beluga_messages/beluga_messages_s__rosidl_typesupport_introspection_c.cpython-310-x86_64-linux-gnu.so[0m
[100%] Built target beluga_messages__rosidl_typesupport_c__pyext
[100%] Built target beluga_messages__rosidl_typesupport_fastrtps_c__pyext
[100%] Built target beluga_messages__rosidl_typesupport_introspection_c__pyext
-- Install configuration: ""
-- Installing: /home/admi3ev/Beluga-Firmware-Mod/install/beluga_messages/share/ament_index/resource_index/rosidl_interfaces/beluga_messages
-- Installing: /home/admi3ev/Beluga-Firmware-Mod/install/beluga_messages/include/beluga_messages/beluga_messages
-- Installing: /home/admi3ev/Beluga-Firmware-Mod/install/beluga_messages/include/beluga_messages/beluga_messages/msg
-- Installing: /home/admi3ev/Beluga-Firmware-Mod/install/beluga_messages/include/beluga_messages/beluga_messages/msg/beluga_ranges.h
-- Installing: /home/admi3ev/Beluga-Firmware-Mod/install/beluga_messages/include/beluga_messages/beluga_messages/msg/beluga_range.h
-- Installing: /home/admi3ev/Beluga-Firmware-Mod/install/beluga_messages/include/beluga_messages/beluga_messages/msg/detail
-- Installing: /home/admi3ev/Beluga-Firmware-Mod/install/beluga_messages/include/beluga_messages/beluga_messages/msg/detail/beluga_neighbor__functions.c
-- Installing: /home/admi3ev/Beluga-Firmware-Mod/install/beluga_messages/include/beluga_messages/beluga_messages/msg/detail/beluga_neighbors__functions.h
-- Installing: /home/admi3ev/Beluga-Firmware-Mod/install/beluga_messages/include/beluga_messages/beluga_messages/msg/detail/beluga_exchange__type_support.h
-- Installing: /home/admi3ev/Beluga-Firmware-Mod/install/beluga_messages/include/beluga_messages/beluga_messages/msg/detail/beluga_exchange__struct.h
-- Installing: /home/admi3ev/Beluga-Firmware-Mod/install/beluga_messages/include/beluga_messages/beluga_messages/msg/detail/beluga_ranges__type_support.h
-- Installing: /home/admi3ev/Beluga-Firmware-Mod/install/beluga_messages/include/beluga_messages/beluga_messages/msg/detail/beluga_neighbors__functions.c
-- Installing: /home/admi3ev/Beluga-Firmware-Mod/install/beluga_messages/include/beluga_messages/beluga_messages/msg/detail/beluga_range__functions.c
-- Installing: /home/admi3ev/Beluga-Firmware-Mod/install/beluga_messages/include/beluga_messages/beluga_messages/msg/detail/beluga_neighbors__struct.h
-- Installing: /home/admi3ev/Beluga-Firmware-Mod/install/beluga_messages/include/beluga_messages/beluga_messages/msg/detail/beluga_ranges__functions.h
-- Installing: /home/admi3ev/Beluga-Firmware-Mod/install/beluga_messages/include/beluga_messages/beluga_messages/msg/detail/beluga_neighbor__functions.h
-- Installing: /home/admi3ev/Beluga-Firmware-Mod/install/beluga_messages/include/beluga_messages/beluga_messages/msg/detail/beluga_range__functions.h
-- Installing: /home/admi3ev/Beluga-Firmware-Mod/install/beluga_messages/include/beluga_messages/beluga_messages/msg/detail/beluga_neighbor__struct.h
-- Installing: /home/admi3ev/Beluga-Firmware-Mod/install/beluga_messages/include/beluga_messages/beluga_messages/msg/detail/beluga_range__type_support.h
-- Installing: /home/admi3ev/Beluga-Firmware-Mod/install/beluga_messages/include/beluga_messages/beluga_messages/msg/detail/beluga_exchange__functions.c
-- Installing: /home/admi3ev/Beluga-Firmware-Mod/install/beluga_messages/include/beluga_messages/beluga_messages/msg/detail/beluga_ranges__functions.c
-- Installing: /home/admi3ev/Beluga-Firmware-Mod/install/beluga_messages/include/beluga_messages/beluga_messages/msg/detail/beluga_neighbors__type_support.h
-- Installing: /home/admi3ev/Beluga-Firmware-Mod/install/beluga_messages/include/beluga_messages/beluga_messages/msg/detail/beluga_exchange__functions.h
-- Installing: /home/admi3ev/Beluga-Firmware-Mod/install/beluga_messages/include/beluga_messages/beluga_messages/msg/detail/beluga_ranges__struct.h
-- Installing: /home/admi3ev/Beluga-Firmware-Mod/install/beluga_messages/include/beluga_messages/beluga_messages/msg/detail/beluga_range__struct.h
-- Installing: /home/admi3ev/Beluga-Firmware-Mod/install/beluga_messages/include/beluga_messages/beluga_messages/msg/detail/beluga_neighbor__type_support.h
-- Installing: /home/admi3ev/Beluga-Firmware-Mod/install/beluga_messages/include/beluga_messages/beluga_messages/msg/rosidl_generator_c__visibility_control.h
-- Installing: /home/admi3ev/Beluga-Firmware-Mod/install/beluga_messages/include/beluga_messages/beluga_messages/msg/beluga_exchange.h
-- Installing: /home/admi3ev/Beluga-Firmware-Mod/install/beluga_messages/include/beluga_messages/beluga_messages/msg/beluga_neighbors.h
-- Installing: /home/admi3ev/Beluga-Firmware-Mod/install/beluga_messages/include/beluga_messages/beluga_messages/msg/beluga_neighbor.h
-- Installing: /home/admi3ev/Beluga-Firmware-Mod/install/beluga_messages/include/beluga_messages/beluga_messages/srv
-- Installing: /home/admi3ev/Beluga-Firmware-Mod/install/beluga_messages/include/beluga_messages/beluga_messages/srv/detail
-- Installing: /home/admi3ev/Beluga-Firmware-Mod/install/beluga_messages/include/beluga_messages/beluga_messages/srv/detail/beluga_at_command__functions.h
-- Installing: /home/admi3ev/Beluga-Firmware-Mod/install/beluga_messages/include/beluga_messages/beluga_messages/srv/detail/beluga_at_command__struct.h
-- Installing: /home/admi3ev/Beluga-Firmware-Mod/install/beluga_messages/include/beluga_messages/beluga_messages/srv/detail/beluga_at_command__type_support.h
-- Installing: /home/admi3ev/Beluga-Firmware-Mod/install/beluga_messages/include/beluga_messages/beluga_messages/srv/detail/beluga_at_command__functions.c
-- Installing: /home/admi3ev/Beluga-Firmware-Mod/install/beluga_messages/include/beluga_messages/beluga_messages/srv/beluga_at_command.h
-- Installing: /home/admi3ev/Beluga-Firmware-Mod/install/beluga_messages/share/beluga_messages/environment/library_path.sh
-- Installing: /home/admi3ev/Beluga-Firmware-Mod/install/beluga_messages/share/beluga_messages/environment/library_path.dsv
-- Installing: /home/admi3ev/Beluga-Firmware-Mod/install/beluga_messages/lib/libbeluga_messages__rosidl_generator_c.so
-- Set runtime path of "/home/admi3ev/Beluga-Firmware-Mod/install/beluga_messages/lib/libbeluga_messages__rosidl_generator_c.so" to ""
-- Up-to-date: /home/admi3ev/Beluga-Firmware-Mod/install/beluga_messages/include/beluga_messages/beluga_messages
-- Up-to-date: /home/admi3ev/Beluga-Firmware-Mod/install/beluga_messages/include/beluga_messages/beluga_messages/msg
-- Up-to-date: /home/admi3ev/Beluga-Firmware-Mod/install/beluga_messages/include/beluga_messages/beluga_messages/msg/detail
-- Installing: /home/admi3ev/Beluga-Firmware-Mod/install/beluga_messages/include/beluga_messages/beluga_messages/msg/detail/beluga_ranges__rosidl_typesupport_fastrtps_c.h
-- Installing: /home/admi3ev/Beluga-Firmware-Mod/install/beluga_messages/include/beluga_messages/beluga_messages/msg/detail/beluga_neighbors__rosidl_typesupport_fastrtps_c.h
-- Installing: /home/admi3ev/Beluga-Firmware-Mod/install/beluga_messages/include/beluga_messages/beluga_messages/msg/detail/beluga_range__rosidl_typesupport_fastrtps_c.h
-- Installing: /home/admi3ev/Beluga-Firmware-Mod/install/beluga_messages/include/beluga_messages/beluga_messages/msg/detail/beluga_neighbor__rosidl_typesupport_fastrtps_c.h
-- Installing: /home/admi3ev/Beluga-Firmware-Mod/install/beluga_messages/include/beluga_messages/beluga_messages/msg/detail/beluga_exchange__rosidl_typesupport_fastrtps_c.h
-- Installing: /home/admi3ev/Beluga-Firmware-Mod/install/beluga_messages/include/beluga_messages/beluga_messages/msg/rosidl_typesupport_fastrtps_c__visibility_control.h
-- Up-to-date: /home/admi3ev/Beluga-Firmware-Mod/install/beluga_messages/include/beluga_messages/beluga_messages/srv
-- Up-to-date: /home/admi3ev/Beluga-Firmware-Mod/install/beluga_messages/include/beluga_messages/beluga_messages/srv/detail
-- Installing: /home/admi3ev/Beluga-Firmware-Mod/install/beluga_messages/include/beluga_messages/beluga_messages/srv/detail/beluga_at_command__rosidl_typesupport_fastrtps_c.h
-- Installing: /home/admi3ev/Beluga-Firmware-Mod/install/beluga_messages/lib/libbeluga_messages__rosidl_typesupport_fastrtps_c.so
-- Set runtime path of "/home/admi3ev/Beluga-Firmware-Mod/install/beluga_messages/lib/libbeluga_messages__rosidl_typesupport_fastrtps_c.so" to ""
-- Up-to-date: /home/admi3ev/Beluga-Firmware-Mod/install/beluga_messages/include/beluga_messages/beluga_messages
-- Up-to-date: /home/admi3ev/Beluga-Firmware-Mod/install/beluga_messages/include/beluga_messages/beluga_messages/msg
-- Up-to-date: /home/admi3ev/Beluga-Firmware-Mod/install/beluga_messages/include/beluga_messages/beluga_messages/msg/detail
-- Installing: /home/admi3ev/Beluga-Firmware-Mod/install/beluga_messages/include/beluga_messages/beluga_messages/msg/detail/beluga_neighbor__type_support.c
-- Installing: /home/admi3ev/Beluga-Firmware-Mod/install/beluga_messages/include/beluga_messages/beluga_messages/msg/detail/beluga_range__type_support.c
-- Installing: /home/admi3ev/Beluga-Firmware-Mod/install/beluga_messages/include/beluga_messages/beluga_messages/msg/detail/beluga_neighbors__rosidl_typesupport_introspection_c.h
-- Installing: /home/admi3ev/Beluga-Firmware-Mod/install/beluga_messages/include/beluga_messages/beluga_messages/msg/detail/beluga_neighbors__type_support.c
-- Installing: /home/admi3ev/Beluga-Firmware-Mod/install/beluga_messages/include/beluga_messages/beluga_messages/msg/detail/beluga_exchange__type_support.c
-- Installing: /home/admi3ev/Beluga-Firmware-Mod/install/beluga_messages/include/beluga_messages/beluga_messages/msg/detail/beluga_exchange__rosidl_typesupport_introspection_c.h
-- Installing: /home/admi3ev/Beluga-Firmware-Mod/install/beluga_messages/include/beluga_messages/beluga_messages/msg/detail/beluga_range__rosidl_typesupport_introspection_c.h
-- Installing: /home/admi3ev/Beluga-Firmware-Mod/install/beluga_messages/include/beluga_messages/beluga_messages/msg/detail/beluga_neighbor__rosidl_typesupport_introspection_c.h
-- Installing: /home/admi3ev/Beluga-Firmware-Mod/install/beluga_messages/include/beluga_messages/beluga_messages/msg/detail/beluga_ranges__type_support.c
-- Installing: /home/admi3ev/Beluga-Firmware-Mod/install/beluga_messages/include/beluga_messages/beluga_messages/msg/detail/beluga_ranges__rosidl_typesupport_introspection_c.h
-- Installing: /home/admi3ev/Beluga-Firmware-Mod/install/beluga_messages/include/beluga_messages/beluga_messages/msg/rosidl_typesupport_introspection_c__visibility_control.h
-- Up-to-date: /home/admi3ev/Beluga-Firmware-Mod/install/beluga_messages/include/beluga_messages/beluga_messages/srv
-- Up-to-date: /home/admi3ev/Beluga-Firmware-Mod/install/beluga_messages/include/beluga_messages/beluga_messages/srv/detail
-- Installing: /home/admi3ev/Beluga-Firmware-Mod/install/beluga_messages/include/beluga_messages/beluga_messages/srv/detail/beluga_at_command__type_support.c
-- Installing: /home/admi3ev/Beluga-Firmware-Mod/install/beluga_messages/include/beluga_messages/beluga_messages/srv/detail/beluga_at_command__rosidl_typesupport_introspection_c.h
-- Installing: /home/admi3ev/Beluga-Firmware-Mod/install/beluga_messages/lib/libbeluga_messages__rosidl_typesupport_introspection_c.so
-- Set runtime path of "/home/admi3ev/Beluga-Firmware-Mod/install/beluga_messages/lib/libbeluga_messages__rosidl_typesupport_introspection_c.so" to ""
-- Installing: /home/admi3ev/Beluga-Firmware-Mod/install/beluga_messages/lib/libbeluga_messages__rosidl_typesupport_c.so
-- Set runtime path of "/home/admi3ev/Beluga-Firmware-Mod/install/beluga_messages/lib/libbeluga_messages__rosidl_typesupport_c.so" to ""
-- Up-to-date: /home/admi3ev/Beluga-Firmware-Mod/install/beluga_messages/include/beluga_messages/beluga_messages
-- Up-to-date: /home/admi3ev/Beluga-Firmware-Mod/install/beluga_messages/include/beluga_messages/beluga_messages/msg
-- Installing: /home/admi3ev/Beluga-Firmware-Mod/install/beluga_messages/include/beluga_messages/beluga_messages/msg/beluga_neighbors.hpp
-- Installing: /home/admi3ev/Beluga-Firmware-Mod/install/beluga_messages/include/beluga_messages/beluga_messages/msg/beluga_neighbor.hpp
-- Up-to-date: /home/admi3ev/Beluga-Firmware-Mod/install/beluga_messages/include/beluga_messages/beluga_messages/msg/detail
-- Installing: /home/admi3ev/Beluga-Firmware-Mod/install/beluga_messages/include/beluga_messages/beluga_messages/msg/detail/beluga_exchange__type_support.hpp
-- Installing: /home/admi3ev/Beluga-Firmware-Mod/install/beluga_messages/include/beluga_messages/beluga_messages/msg/detail/beluga_range__type_support.hpp
-- Installing: /home/admi3ev/Beluga-Firmware-Mod/install/beluga_messages/include/beluga_messages/beluga_messages/msg/detail/beluga_neighbors__traits.hpp
-- Installing: /home/admi3ev/Beluga-Firmware-Mod/install/beluga_messages/include/beluga_messages/beluga_messages/msg/detail/beluga_neighbor__builder.hpp
-- Installing: /home/admi3ev/Beluga-Firmware-Mod/install/beluga_messages/include/beluga_messages/beluga_messages/msg/detail/beluga_neighbors__type_support.hpp
-- Installing: /home/admi3ev/Beluga-Firmware-Mod/install/beluga_messages/include/beluga_messages/beluga_messages/msg/detail/beluga_ranges__builder.hpp
-- Installing: /home/admi3ev/Beluga-Firmware-Mod/install/beluga_messages/include/beluga_messages/beluga_messages/msg/detail/beluga_neighbors__struct.hpp
-- Installing: /home/admi3ev/Beluga-Firmware-Mod/install/beluga_messages/include/beluga_messages/beluga_messages/msg/detail/beluga_exchange__builder.hpp
-- Installing: /home/admi3ev/Beluga-Firmware-Mod/install/beluga_messages/include/beluga_messages/beluga_messages/msg/detail/beluga_range__struct.hpp
-- Installing: /home/admi3ev/Beluga-Firmware-Mod/install/beluga_messages/include/beluga_messages/beluga_messages/msg/detail/beluga_ranges__type_support.hpp
-- Installing: /home/admi3ev/Beluga-Firmware-Mod/install/beluga_messages/include/beluga_messages/beluga_messages/msg/detail/beluga_exchange__struct.hpp
-- Installing: /home/admi3ev/Beluga-Firmware-Mod/install/beluga_messages/include/beluga_messages/beluga_messages/msg/detail/beluga_neighbor__struct.hpp
-- Installing: /home/admi3ev/Beluga-Firmware-Mod/install/beluga_messages/include/beluga_messages/beluga_messages/msg/detail/beluga_exchange__traits.hpp
-- Installing: /home/admi3ev/Beluga-Firmware-Mod/install/beluga_messages/include/beluga_messages/beluga_messages/msg/detail/beluga_range__builder.hpp
-- Installing: /home/admi3ev/Beluga-Firmware-Mod/install/beluga_messages/include/beluga_messages/beluga_messages/msg/detail/beluga_range__traits.hpp
-- Installing: /home/admi3ev/Beluga-Firmware-Mod/install/beluga_messages/include/beluga_messages/beluga_messages/msg/detail/beluga_neighbor__type_support.hpp
-- Installing: /home/admi3ev/Beluga-Firmware-Mod/install/beluga_messages/include/beluga_messages/beluga_messages/msg/detail/beluga_ranges__struct.hpp
-- Installing: /home/admi3ev/Beluga-Firmware-Mod/install/beluga_messages/include/beluga_messages/beluga_messages/msg/detail/beluga_ranges__traits.hpp
-- Installing: /home/admi3ev/Beluga-Firmware-Mod/install/beluga_messages/include/beluga_messages/beluga_messages/msg/detail/beluga_neighbors__builder.hpp
-- Installing: /home/admi3ev/Beluga-Firmware-Mod/install/beluga_messages/include/beluga_messages/beluga_messages/msg/detail/beluga_neighbor__traits.hpp
-- Installing: /home/admi3ev/Beluga-Firmware-Mod/install/beluga_messages/include/beluga_messages/beluga_messages/msg/beluga_range.hpp
-- Installing: /home/admi3ev/Beluga-Firmware-Mod/install/beluga_messages/include/beluga_messages/beluga_messages/msg/beluga_ranges.hpp
-- Installing: /home/admi3ev/Beluga-Firmware-Mod/install/beluga_messages/include/beluga_messages/beluga_messages/msg/beluga_exchange.hpp
-- Installing: /home/admi3ev/Beluga-Firmware-Mod/install/beluga_messages/include/beluga_messages/beluga_messages/msg/rosidl_generator_cpp__visibility_control.hpp
-- Up-to-date: /home/admi3ev/Beluga-Firmware-Mod/install/beluga_messages/include/beluga_messages/beluga_messages/srv
-- Up-to-date: /home/admi3ev/Beluga-Firmware-Mod/install/beluga_messages/include/beluga_messages/beluga_messages/srv/detail
-- Installing: /home/admi3ev/Beluga-Firmware-Mod/install/beluga_messages/include/beluga_messages/beluga_messages/srv/detail/beluga_at_command__struct.hpp
-- Installing: /home/admi3ev/Beluga-Firmware-Mod/install/beluga_messages/include/beluga_messages/beluga_messages/srv/detail/beluga_at_command__type_support.hpp
-- Installing: /home/admi3ev/Beluga-Firmware-Mod/install/beluga_messages/include/beluga_messages/beluga_messages/srv/detail/beluga_at_command__traits.hpp
-- Installing: /home/admi3ev/Beluga-Firmware-Mod/install/beluga_messages/include/beluga_messages/beluga_messages/srv/detail/beluga_at_command__builder.hpp
-- Installing: /home/admi3ev/Beluga-Firmware-Mod/install/beluga_messages/include/beluga_messages/beluga_messages/srv/beluga_at_command.hpp
-- Up-to-date: /home/admi3ev/Beluga-Firmware-Mod/install/beluga_messages/include/beluga_messages/beluga_messages
-- Up-to-date: /home/admi3ev/Beluga-Firmware-Mod/install/beluga_messages/include/beluga_messages/beluga_messages/msg
-- Up-to-date: /home/admi3ev/Beluga-Firmware-Mod/install/beluga_messages/include/beluga_messages/beluga_messages/msg/detail
-- Installing: /home/admi3ev/Beluga-Firmware-Mod/install/beluga_messages/include/beluga_messages/beluga_messages/msg/detail/beluga_neighbors__rosidl_typesupport_fastrtps_cpp.hpp
-- Installing: /home/admi3ev/Beluga-Firmware-Mod/install/beluga_messages/include/beluga_messages/beluga_messages/msg/detail/beluga_exchange__rosidl_typesupport_fastrtps_cpp.hpp
-- Installing: /home/admi3ev/Beluga-Firmware-Mod/install/beluga_messages/include/beluga_messages/beluga_messages/msg/detail/beluga_range__rosidl_typesupport_fastrtps_cpp.hpp
-- Installing: /home/admi3ev/Beluga-Firmware-Mod/install/beluga_messages/include/beluga_messages/beluga_messages/msg/detail/beluga_ranges__rosidl_typesupport_fastrtps_cpp.hpp
-- Installing: /home/admi3ev/Beluga-Firmware-Mod/install/beluga_messages/include/beluga_messages/beluga_messages/msg/detail/dds_fastrtps
-- Installing: /home/admi3ev/Beluga-Firmware-Mod/install/beluga_messages/include/beluga_messages/beluga_messages/msg/detail/beluga_neighbor__rosidl_typesupport_fastrtps_cpp.hpp
-- Installing: /home/admi3ev/Beluga-Firmware-Mod/install/beluga_messages/include/beluga_messages/beluga_messages/msg/rosidl_typesupport_fastrtps_cpp__visibility_control.h
-- Up-to-date: /home/admi3ev/Beluga-Firmware-Mod/install/beluga_messages/include/beluga_messages/beluga_messages/srv
-- Up-to-date: /home/admi3ev/Beluga-Firmware-Mod/install/beluga_messages/include/beluga_messages/beluga_messages/srv/detail
-- Installing: /home/admi3ev/Beluga-Firmware-Mod/install/beluga_messages/include/beluga_messages/beluga_messages/srv/detail/beluga_at_command__rosidl_typesupport_fastrtps_cpp.hpp
-- Installing: /home/admi3ev/Beluga-Firmware-Mod/install/beluga_messages/include/beluga_messages/beluga_messages/srv/detail/dds_fastrtps
-- Installing: /home/admi3ev/Beluga-Firmware-Mod/install/beluga_messages/lib/libbeluga_messages__rosidl_typesupport_fastrtps_cpp.so
-- Set runtime path of "/home/admi3ev/Beluga-Firmware-Mod/install/beluga_messages/lib/libbeluga_messages__rosidl_typesupport_fastrtps_cpp.so" to ""
-- Up-to-date: /home/admi3ev/Beluga-Firmware-Mod/install/beluga_messages/include/beluga_messages/beluga_messages
-- Up-to-date: /home/admi3ev/Beluga-Firmware-Mod/install/beluga_messages/include/beluga_messages/beluga_messages/msg
-- Up-to-date: /home/admi3ev/Beluga-Firmware-Mod/install/beluga_messages/include/beluga_messages/beluga_messages/msg/detail
-- Installing: /home/admi3ev/Beluga-Firmware-Mod/install/beluga_messages/include/beluga_messages/beluga_messages/msg/detail/beluga_ranges__rosidl_typesupport_introspection_cpp.hpp
-- Installing: /home/admi3ev/Beluga-Firmware-Mod/install/beluga_messages/include/beluga_messages/beluga_messages/msg/detail/beluga_range__rosidl_typesupport_introspection_cpp.hpp
-- Installing: /home/admi3ev/Beluga-Firmware-Mod/install/beluga_messages/include/beluga_messages/beluga_messages/msg/detail/beluga_neighbor__rosidl_typesupport_introspection_cpp.hpp
-- Installing: /home/admi3ev/Beluga-Firmware-Mod/install/beluga_messages/include/beluga_messages/beluga_messages/msg/detail/beluga_neighbor__type_support.cpp
-- Installing: /home/admi3ev/Beluga-Firmware-Mod/install/beluga_messages/include/beluga_messages/beluga_messages/msg/detail/beluga_range__type_support.cpp
-- Installing: /home/admi3ev/Beluga-Firmware-Mod/install/beluga_messages/include/beluga_messages/beluga_messages/msg/detail/beluga_ranges__type_support.cpp
-- Installing: /home/admi3ev/Beluga-Firmware-Mod/install/beluga_messages/include/beluga_messages/beluga_messages/msg/detail/beluga_exchange__rosidl_typesupport_introspection_cpp.hpp
-- Installing: /home/admi3ev/Beluga-Firmware-Mod/install/beluga_messages/include/beluga_messages/beluga_messages/msg/detail/beluga_exchange__type_support.cpp
-- Installing: /home/admi3ev/Beluga-Firmware-Mod/install/beluga_messages/include/beluga_messages/beluga_messages/msg/detail/beluga_neighbors__type_support.cpp
-- Installing: /home/admi3ev/Beluga-Firmware-Mod/install/beluga_messages/include/beluga_messages/beluga_messages/msg/detail/beluga_neighbors__rosidl_typesupport_introspection_cpp.hpp
-- Up-to-date: /home/admi3ev/Beluga-Firmware-Mod/install/beluga_messages/include/beluga_messages/beluga_messages/srv
-- Up-to-date: /home/admi3ev/Beluga-Firmware-Mod/install/beluga_messages/include/beluga_messages/beluga_messages/srv/detail
-- Installing: /home/admi3ev/Beluga-Firmware-Mod/install/beluga_messages/include/beluga_messages/beluga_messages/srv/detail/beluga_at_command__rosidl_typesupport_introspection_cpp.hpp
-- Installing: /home/admi3ev/Beluga-Firmware-Mod/install/beluga_messages/include/beluga_messages/beluga_messages/srv/detail/beluga_at_command__type_support.cpp
-- Installing: /home/admi3ev/Beluga-Firmware-Mod/install/beluga_messages/lib/libbeluga_messages__rosidl_typesupport_introspection_cpp.so
-- Set runtime path of "/home/admi3ev/Beluga-Firmware-Mod/install/beluga_messages/lib/libbeluga_messages__rosidl_typesupport_introspection_cpp.so" to ""
-- Installing: /home/admi3ev/Beluga-Firmware-Mod/install/beluga_messages/lib/libbeluga_messages__rosidl_typesupport_cpp.so
-- Set runtime path of "/home/admi3ev/Beluga-Firmware-Mod/install/beluga_messages/lib/libbeluga_messages__rosidl_typesupport_cpp.so" to ""
-- Installing: /home/admi3ev/Beluga-Firmware-Mod/install/beluga_messages/share/beluga_messages/environment/pythonpath.sh
-- Installing: /home/admi3ev/Beluga-Firmware-Mod/install/beluga_messages/share/beluga_messages/environment/pythonpath.dsv
-- Installing: /home/admi3ev/Beluga-Firmware-Mod/install/beluga_messages/local/lib/python3.10/dist-packages/beluga_messages-0.0.0-py3.10.egg-info
-- Installing: /home/admi3ev/Beluga-Firmware-Mod/install/beluga_messages/local/lib/python3.10/dist-packages/beluga_messages-0.0.0-py3.10.egg-info/SOURCES.txt
-- Installing: /home/admi3ev/Beluga-Firmware-Mod/install/beluga_messages/local/lib/python3.10/dist-packages/beluga_messages-0.0.0-py3.10.egg-info/PKG-INFO
-- Installing: /home/admi3ev/Beluga-Firmware-Mod/install/beluga_messages/local/lib/python3.10/dist-packages/beluga_messages-0.0.0-py3.10.egg-info/dependency_links.txt
-- Installing: /home/admi3ev/Beluga-Firmware-Mod/install/beluga_messages/local/lib/python3.10/dist-packages/beluga_messages-0.0.0-py3.10.egg-info/top_level.txt
-- Installing: /home/admi3ev/Beluga-Firmware-Mod/install/beluga_messages/local/lib/python3.10/dist-packages/beluga_messages
-- Installing: /home/admi3ev/Beluga-Firmware-Mod/install/beluga_messages/local/lib/python3.10/dist-packages/beluga_messages/_beluga_messages_s.ep.rosidl_typesupport_fastrtps_c.c
-- Installing: /home/admi3ev/Beluga-Firmware-Mod/install/beluga_messages/local/lib/python3.10/dist-packages/beluga_messages/msg
-- Installing: /home/admi3ev/Beluga-Firmware-Mod/install/beluga_messages/local/lib/python3.10/dist-packages/beluga_messages/msg/_beluga_exchange_s.c
-- Installing: /home/admi3ev/Beluga-Firmware-Mod/install/beluga_messages/local/lib/python3.10/dist-packages/beluga_messages/msg/_beluga_ranges_s.c
-- Installing: /home/admi3ev/Beluga-Firmware-Mod/install/beluga_messages/local/lib/python3.10/dist-packages/beluga_messages/msg/_beluga_ranges.py
-- Installing: /home/admi3ev/Beluga-Firmware-Mod/install/beluga_messages/local/lib/python3.10/dist-packages/beluga_messages/msg/__init__.py
-- Installing: /home/admi3ev/Beluga-Firmware-Mod/install/beluga_messages/local/lib/python3.10/dist-packages/beluga_messages/msg/_beluga_neighbor_s.c
-- Installing: /home/admi3ev/Beluga-Firmware-Mod/install/beluga_messages/local/lib/python3.10/dist-packages/beluga_messages/msg/_beluga_neighbors_s.c
-- Installing: /home/admi3ev/Beluga-Firmware-Mod/install/beluga_messages/local/lib/python3.10/dist-packages/beluga_messages/msg/_beluga_range.py
-- Installing: /home/admi3ev/Beluga-Firmware-Mod/install/beluga_messages/local/lib/python3.10/dist-packages/beluga_messages/msg/_beluga_neighbors.py
-- Installing: /home/admi3ev/Beluga-Firmware-Mod/install/beluga_messages/local/lib/python3.10/dist-packages/beluga_messages/msg/_beluga_neighbor.py
-- Installing: /home/admi3ev/Beluga-Firmware-Mod/install/beluga_messages/local/lib/python3.10/dist-packages/beluga_messages/msg/_beluga_exchange.py
-- Installing: /home/admi3ev/Beluga-Firmware-Mod/install/beluga_messages/local/lib/python3.10/dist-packages/beluga_messages/msg/_beluga_range_s.c
-- Installing: /home/admi3ev/Beluga-Firmware-Mod/install/beluga_messages/local/lib/python3.10/dist-packages/beluga_messages/_beluga_messages_s.ep.rosidl_typesupport_c.c
-- Installing: /home/admi3ev/Beluga-Firmware-Mod/install/beluga_messages/local/lib/python3.10/dist-packages/beluga_messages/libbeluga_messages__rosidl_generator_py.so
-- Installing: /home/admi3ev/Beluga-Firmware-Mod/install/beluga_messages/local/lib/python3.10/dist-packages/beluga_messages/__init__.py
-- Installing: /home/admi3ev/Beluga-Firmware-Mod/install/beluga_messages/local/lib/python3.10/dist-packages/beluga_messages/srv
-- Installing: /home/admi3ev/Beluga-Firmware-Mod/install/beluga_messages/local/lib/python3.10/dist-packages/beluga_messages/srv/_beluga_at_command.py
-- Installing: /home/admi3ev/Beluga-Firmware-Mod/install/beluga_messages/local/lib/python3.10/dist-packages/beluga_messages/srv/__init__.py
-- Installing: /home/admi3ev/Beluga-Firmware-Mod/install/beluga_messages/local/lib/python3.10/dist-packages/beluga_messages/srv/_beluga_at_command_s.c
-- Installing: /home/admi3ev/Beluga-Firmware-Mod/install/beluga_messages/local/lib/python3.10/dist-packages/beluga_messages/beluga_messages_s__rosidl_typesupport_c.cpython-310-x86_64-linux-gnu.so
-- Installing: /home/admi3ev/Beluga-Firmware-Mod/install/beluga_messages/local/lib/python3.10/dist-packages/beluga_messages/beluga_messages_s__rosidl_typesupport_fastrtps_c.cpython-310-x86_64-linux-gnu.so
-- Installing: /home/admi3ev/Beluga-Firmware-Mod/install/beluga_messages/local/lib/python3.10/dist-packages/beluga_messages/_beluga_messages_s.ep.rosidl_typesupport_introspection_c.c
-- Installing: /home/admi3ev/Beluga-Firmware-Mod/install/beluga_messages/local/lib/python3.10/dist-packages/beluga_messages/beluga_messages_s__rosidl_typesupport_introspection_c.cpython-310-x86_64-linux-gnu.so
Listing '/home/admi3ev/Beluga-Firmware-Mod/install/beluga_messages/local/lib/python3.10/dist-packages/beluga_messages'...
Compiling '/home/admi3ev/Beluga-Firmware-Mod/install/beluga_messages/local/lib/python3.10/dist-packages/beluga_messages/__init__.py'...
Listing '/home/admi3ev/Beluga-Firmware-Mod/install/beluga_messages/local/lib/python3.10/dist-packages/beluga_messages/msg'...
Compiling '/home/admi3ev/Beluga-Firmware-Mod/install/beluga_messages/local/lib/python3.10/dist-packages/beluga_messages/msg/__init__.py'...
Compiling '/home/admi3ev/Beluga-Firmware-Mod/install/beluga_messages/local/lib/python3.10/dist-packages/beluga_messages/msg/_beluga_exchange.py'...
Compiling '/home/admi3ev/Beluga-Firmware-Mod/install/beluga_messages/local/lib/python3.10/dist-packages/beluga_messages/msg/_beluga_neighbor.py'...
Compiling '/home/admi3ev/Beluga-Firmware-Mod/install/beluga_messages/local/lib/python3.10/dist-packages/beluga_messages/msg/_beluga_neighbors.py'...
Compiling '/home/admi3ev/Beluga-Firmware-Mod/install/beluga_messages/local/lib/python3.10/dist-packages/beluga_messages/msg/_beluga_range.py'...
Compiling '/home/admi3ev/Beluga-Firmware-Mod/install/beluga_messages/local/lib/python3.10/dist-packages/beluga_messages/msg/_beluga_ranges.py'...
Listing '/home/admi3ev/Beluga-Firmware-Mod/install/beluga_messages/local/lib/python3.10/dist-packages/beluga_messages/srv'...
Compiling '/home/admi3ev/Beluga-Firmware-Mod/install/beluga_messages/local/lib/python3.10/dist-packages/beluga_messages/srv/__init__.py'...
Compiling '/home/admi3ev/Beluga-Firmware-Mod/install/beluga_messages/local/lib/python3.10/dist-packages/beluga_messages/srv/_beluga_at_command.py'...
-- Installing: /home/admi3ev/Beluga-Firmware-Mod/install/beluga_messages/local/lib/python3.10/dist-packages/beluga_messages/beluga_messages_s__rosidl_typesupport_fastrtps_c.cpython-310-x86_64-linux-gnu.so
-- Set runtime path of "/home/admi3ev/Beluga-Firmware-Mod/install/beluga_messages/local/lib/python3.10/dist-packages/beluga_messages/beluga_messages_s__rosidl_typesupport_fastrtps_c.cpython-310-x86_64-linux-gnu.so" to ""
-- Installing: /home/admi3ev/Beluga-Firmware-Mod/install/beluga_messages/local/lib/python3.10/dist-packages/beluga_messages/beluga_messages_s__rosidl_typesupport_introspection_c.cpython-310-x86_64-linux-gnu.so
-- Set runtime path of "/home/admi3ev/Beluga-Firmware-Mod/install/beluga_messages/local/lib/python3.10/dist-packages/beluga_messages/beluga_messages_s__rosidl_typesupport_introspection_c.cpython-310-x86_64-linux-gnu.so" to ""
-- Installing: /home/admi3ev/Beluga-Firmware-Mod/install/beluga_messages/local/lib/python3.10/dist-packages/beluga_messages/beluga_messages_s__rosidl_typesupport_c.cpython-310-x86_64-linux-gnu.so
-- Set runtime path of "/home/admi3ev/Beluga-Firmware-Mod/install/beluga_messages/local/lib/python3.10/dist-packages/beluga_messages/beluga_messages_s__rosidl_typesupport_c.cpython-310-x86_64-linux-gnu.so" to ""
-- Installing: /home/admi3ev/Beluga-Firmware-Mod/install/beluga_messages/lib/libbeluga_messages__rosidl_generator_py.so
-- Set runtime path of "/home/admi3ev/Beluga-Firmware-Mod/install/beluga_messages/lib/libbeluga_messages__rosidl_generator_py.so" to ""
-- Installing: /home/admi3ev/Beluga-Firmware-Mod/install/beluga_messages/share/beluga_messages/msg/BelugaNeighbor.idl
-- Installing: /home/admi3ev/Beluga-Firmware-Mod/install/beluga_messages/share/beluga_messages/msg/BelugaNeighbors.idl
-- Installing: /home/admi3ev/Beluga-Firmware-Mod/install/beluga_messages/share/beluga_messages/srv/BelugaATCommand.idl
-- Installing: /home/admi3ev/Beluga-Firmware-Mod/install/beluga_messages/share/beluga_messages/msg/BelugaRange.idl
-- Installing: /home/admi3ev/Beluga-Firmware-Mod/install/beluga_messages/share/beluga_messages/msg/BelugaRanges.idl
-- Installing: /home/admi3ev/Beluga-Firmware-Mod/install/beluga_messages/share/beluga_messages/msg/BelugaExchange.idl
-- Installing: /home/admi3ev/Beluga-Firmware-Mod/install/beluga_messages/share/beluga_messages/msg/BelugaNeighbor.msg
-- Installing: /home/admi3ev/Beluga-Firmware-Mod/install/beluga_messages/share/beluga_messages/msg/BelugaNeighbors.msg
-- Installing: /home/admi3ev/Beluga-Firmware-Mod/install/beluga_messages/share/beluga_messages/srv/BelugaATCommand.srv
-- Installing: /home/admi3ev/Beluga-Firmware-Mod/install/beluga_messages/share/beluga_messages/srv/BelugaATCommand_Request.msg
-- Installing: /home/admi3ev/Beluga-Firmware-Mod/install/beluga_messages/share/beluga_messages/srv/BelugaATCommand_Response.msg
-- Installing: /home/admi3ev/Beluga-Firmware-Mod/install/beluga_messages/share/beluga_messages/msg/BelugaRange.msg
-- Installing: /home/admi3ev/Beluga-Firmware-Mod/install/beluga_messages/share/beluga_messages/msg/BelugaRanges.msg
-- Installing: /home/admi3ev/Beluga-Firmware-Mod/install/beluga_messages/share/beluga_messages/msg/BelugaExchange.msg
-- Installing: /home/admi3ev/Beluga-Firmware-Mod/install/beluga_messages/share/ament_index/resource_index/package_run_dependencies/beluga_messages
-- Installing: /home/admi3ev/Beluga-Firmware-Mod/install/beluga_messages/share/ament_index/resource_index/parent_prefix_path/beluga_messages
-- Installing: /home/admi3ev/Beluga-Firmware-Mod/install/beluga_messages/share/beluga_messages/environment/ament_prefix_path.sh
-- Installing: /home/admi3ev/Beluga-Firmware-Mod/install/beluga_messages/share/beluga_messages/environment/ament_prefix_path.dsv
-- Installing: /home/admi3ev/Beluga-Firmware-Mod/install/beluga_messages/share/beluga_messages/environment/path.sh
-- Installing: /home/admi3ev/Beluga-Firmware-Mod/install/beluga_messages/share/beluga_messages/environment/path.dsv
-- Installing: /home/admi3ev/Beluga-Firmware-Mod/install/beluga_messages/share/beluga_messages/local_setup.bash
-- Installing: /home/admi3ev/Beluga-Firmware-Mod/install/beluga_messages/share/beluga_messages/local_setup.sh
-- Installing: /home/admi3ev/Beluga-Firmware-Mod/install/beluga_messages/share/beluga_messages/local_setup.zsh
-- Installing: /home/admi3ev/Beluga-Firmware-Mod/install/beluga_messages/share/beluga_messages/local_setup.dsv
-- Installing: /home/admi3ev/Beluga-Firmware-Mod/install/beluga_messages/share/beluga_messages/package.dsv
-- Installing: /home/admi3ev/Beluga-Firmware-Mod/install/beluga_messages/share/ament_index/resource_index/packages/beluga_messages
-- Installing: /home/admi3ev/Beluga-Firmware-Mod/install/beluga_messages/share/beluga_messages/cmake/export_beluga_messages__rosidl_generator_cExport.cmake
-- Installing: /home/admi3ev/Beluga-Firmware-Mod/install/beluga_messages/share/beluga_messages/cmake/export_beluga_messages__rosidl_generator_cExport-noconfig.cmake
-- Installing: /home/admi3ev/Beluga-Firmware-Mod/install/beluga_messages/share/beluga_messages/cmake/export_beluga_messages__rosidl_typesupport_fastrtps_cExport.cmake
-- Installing: /home/admi3ev/Beluga-Firmware-Mod/install/beluga_messages/share/beluga_messages/cmake/export_beluga_messages__rosidl_typesupport_fastrtps_cExport-noconfig.cmake
-- Installing: /home/admi3ev/Beluga-Firmware-Mod/install/beluga_messages/share/beluga_messages/cmake/beluga_messages__rosidl_typesupport_introspection_cExport.cmake
-- Installing: /home/admi3ev/Beluga-Firmware-Mod/install/beluga_messages/share/beluga_messages/cmake/beluga_messages__rosidl_typesupport_introspection_cExport-noconfig.cmake
-- Installing: /home/admi3ev/Beluga-Firmware-Mod/install/beluga_messages/share/beluga_messages/cmake/beluga_messages__rosidl_typesupport_cExport.cmake
-- Installing: /home/admi3ev/Beluga-Firmware-Mod/install/beluga_messages/share/beluga_messages/cmake/beluga_messages__rosidl_typesupport_cExport-noconfig.cmake
-- Installing: /home/admi3ev/Beluga-Firmware-Mod/install/beluga_messages/share/beluga_messages/cmake/export_beluga_messages__rosidl_generator_cppExport.cmake
-- Installing: /home/admi3ev/Beluga-Firmware-Mod/install/beluga_messages/share/beluga_messages/cmake/export_beluga_messages__rosidl_typesupport_fastrtps_cppExport.cmake
-- Installing: /home/admi3ev/Beluga-Firmware-Mod/install/beluga_messages/share/beluga_messages/cmake/export_beluga_messages__rosidl_typesupport_fastrtps_cppExport-noconfig.cmake
-- Installing: /home/admi3ev/Beluga-Firmware-Mod/install/beluga_messages/share/beluga_messages/cmake/beluga_messages__rosidl_typesupport_introspection_cppExport.cmake
-- Installing: /home/admi3ev/Beluga-Firmware-Mod/install/beluga_messages/share/beluga_messages/cmake/beluga_messages__rosidl_typesupport_introspection_cppExport-noconfig.cmake
-- Installing: /home/admi3ev/Beluga-Firmware-Mod/install/beluga_messages/share/beluga_messages/cmake/beluga_messages__rosidl_typesupport_cppExport.cmake
-- Installing: /home/admi3ev/Beluga-Firmware-Mod/install/beluga_messages/share/beluga_messages/cmake/beluga_messages__rosidl_typesupport_cppExport-noconfig.cmake
-- Installing: /home/admi3ev/Beluga-Firmware-Mod/install/beluga_messages/share/beluga_messages/cmake/export_beluga_messages__rosidl_generator_pyExport.cmake
-- Installing: /home/admi3ev/Beluga-Firmware-Mod/install/beluga_messages/share/beluga_messages/cmake/export_beluga_messages__rosidl_generator_pyExport-noconfig.cmake
-- Installing: /home/admi3ev/Beluga-Firmware-Mod/install/beluga_messages/share/beluga_messages/cmake/rosidl_cmake-extras.cmake
-- Installing: /home/admi3ev/Beluga-Firmware-Mod/install/beluga_messages/share/beluga_messages/cmake/ament_cmake_export_dependencies-extras.cmake
-- Installing: /home/admi3ev/Beluga-Firmware-Mod/install/beluga_messages/share/beluga_messages/cmake/ament_cmake_export_include_directories-extras.cmake
-- Installing: /home/admi3ev/Beluga-Firmware-Mod/install/beluga_messages/share/beluga_messages/cmake/ament_cmake_export_libraries-extras.cmake
-- Installing: /home/admi3ev/Beluga-Firmware-Mod/install/beluga_messages/share/beluga_messages/cmake/ament_cmake_export_targets-extras.cmake
-- Installing: /home/admi3ev/Beluga-Firmware-Mod/install/beluga_messages/share/beluga_messages/cmake/rosidl_cmake_export_typesupport_targets-extras.cmake
-- Installing: /home/admi3ev/Beluga-Firmware-Mod/install/beluga_messages/share/beluga_messages/cmake/rosidl_cmake_export_typesupport_libraries-extras.cmake
-- Installing: /home/admi3ev/Beluga-Firmware-Mod/install/beluga_messages/share/beluga_messages/cmake/beluga_messagesConfig.cmake
-- Installing: /home/admi3ev/Beluga-Firmware-Mod/install/beluga_messages/share/beluga_messages/cmake/beluga_messagesConfig-version.cmake
-- Installing: /home/admi3ev/Beluga-Firmware-Mod/install/beluga_messages/share/beluga_messages/package.xml
