[0.010s] Invoking command in '/home/admi3ev/Beluga-Firmware-Mod/build/beluga_messages': CMAKE_PREFIX_PATH=${CMAKE_PREFIX_PATH}:/opt/ros/humble /usr/bin/cmake /home/admi3ev/Beluga-Firmware-Mod/ROS/src/beluga_messages -DCMAKE_INSTALL_PREFIX=/home/admi3ev/Beluga-Firmware-Mod/install/beluga_messages
[0.072s] -- The C compiler identification is GNU 11.4.0
[0.139s] -- The CXX compiler identification is GNU 11.4.0
[0.149s] -- Detecting C compiler ABI info
[0.236s] -- Detecting C compiler ABI info - done
[0.250s] -- Check for working C compiler: /usr/bin/cc - skipped
[0.250s] -- Detecting C compile features
[0.250s] -- Detecting C compile features - done
[0.253s] -- Detecting CXX compiler ABI info
[0.348s] -- Detecting CXX compiler ABI info - done
[0.360s] -- Check for working CXX compiler: /usr/bin/c++ - skipped
[0.360s] -- Detecting CXX compile features
[0.361s] -- Detecting CXX compile features - done
[0.363s] -- Found ament_cmake: 1.3.13 (/opt/ros/humble/share/ament_cmake/cmake)
[0.520s] -- Found Python3: /usr/bin/python3 (found version "3.10.12") found components: Interpreter 
[0.612s] -- Found ament_lint_auto: 0.12.15 (/opt/ros/humble/share/ament_lint_auto/cmake)
[0.693s] -- Found rosidl_default_generators: 1.2.0 (/opt/ros/humble/share/rosidl_default_generators/cmake)
[0.697s] -- Using all available rosidl_typesupport_c: rosidl_typesupport_fastrtps_c;rosidl_typesupport_introspection_c
[0.704s] -- Found rosidl_adapter: 3.1.8 (/opt/ros/humble/share/rosidl_adapter/cmake)
[0.747s] -- Using all available rosidl_typesupport_cpp: rosidl_typesupport_fastrtps_cpp;rosidl_typesupport_introspection_cpp
[0.781s] -- Found builtin_interfaces: 1.2.2 (/opt/ros/humble/share/builtin_interfaces/cmake)
[1.033s] -- Found ament_cmake_ros: 0.10.0 (/opt/ros/humble/share/ament_cmake_ros/cmake)
[1.235s] -- Using all available rosidl_typesupport_c: rosidl_typesupport_fastrtps_c;rosidl_typesupport_introspection_c
[1.495s] -- Using all available rosidl_typesupport_cpp: rosidl_typesupport_fastrtps_cpp;rosidl_typesupport_introspection_cpp
[1.518s] -- Found PythonInterp: /usr/bin/python3 (found suitable version "3.10.12", minimum required is "3.6") 
[1.519s] -- Found python_cmake_module: 0.10.0 (/opt/ros/humble/share/python_cmake_module/cmake)
[1.546s] -- Found PythonLibs: /usr/lib/x86_64-linux-gnu/libpython3.10.so (found suitable version "3.10.12", minimum required is "3.5") 
[1.549s] -- Using PYTHON_EXECUTABLE: /usr/bin/python3
[1.549s] -- Using PYTHON_INCLUDE_DIRS: /usr/include/python3.10
[1.549s] -- Using PYTHON_LIBRARIES: /usr/lib/x86_64-linux-gnu/libpython3.10.so
[1.568s] -- Found PythonExtra: .so  
[1.613s] -- Added test 'lint_cmake' to check CMake code style
[1.613s] -- Added test 'xmllint' to check XML markup files
[1.619s] -- Configuring done
[1.679s] -- Generating done
[1.704s] -- Build files have been written to: /home/admi3ev/Beluga-Firmware-Mod/build/beluga_messages
[1.710s] Invoked command in '/home/admi3ev/Beluga-Firmware-Mod/build/beluga_messages' returned '0': CMAKE_PREFIX_PATH=${CMAKE_PREFIX_PATH}:/opt/ros/humble /usr/bin/cmake /home/admi3ev/Beluga-Firmware-Mod/ROS/src/beluga_messages -DCMAKE_INSTALL_PREFIX=/home/admi3ev/Beluga-Firmware-Mod/install/beluga_messages
[1.715s] Invoking command in '/home/admi3ev/Beluga-Firmware-Mod/build/beluga_messages': CMAKE_PREFIX_PATH=${CMAKE_PREFIX_PATH}:/opt/ros/humble /usr/bin/cmake --build /home/admi3ev/Beluga-Firmware-Mod/build/beluga_messages -- -j4 -l4
[1.779s] [  1%] [34m[1mGenerating C code for ROS interfaces[0m
[1.790s] [  2%] [34m[1mGenerating C++ code for ROS interfaces[0m
[1.805s] [  2%] Built target ament_cmake_python_copy_beluga_messages
[2.293s] running egg_info
[2.294s] creating beluga_messages.egg-info
[2.294s] writing beluga_messages.egg-info/PKG-INFO
[2.294s] writing dependency_links to beluga_messages.egg-info/dependency_links.txt
[2.294s] writing top-level names to beluga_messages.egg-info/top_level.txt
[2.294s] writing manifest file 'beluga_messages.egg-info/SOURCES.txt'
[2.297s] reading manifest file 'beluga_messages.egg-info/SOURCES.txt'
[2.297s] writing manifest file 'beluga_messages.egg-info/SOURCES.txt'
[2.327s] [  2%] Built target ament_cmake_python_build_beluga_messages_egg
[2.616s] [  4%] [32mBuilding C object CMakeFiles/beluga_messages__rosidl_generator_c.dir/rosidl_generator_c/beluga_messages/msg/detail/beluga_neighbor__functions.c.o[0m
[2.623s] [  5%] [32mBuilding C object CMakeFiles/beluga_messages__rosidl_generator_c.dir/rosidl_generator_c/beluga_messages/msg/detail/beluga_neighbors__functions.c.o[0m
[2.624s] [  7%] [32mBuilding C object CMakeFiles/beluga_messages__rosidl_generator_c.dir/rosidl_generator_c/beluga_messages/srv/detail/beluga_at_command__functions.c.o[0m
[2.674s] [  8%] [32mBuilding C object CMakeFiles/beluga_messages__rosidl_generator_c.dir/rosidl_generator_c/beluga_messages/msg/detail/beluga_range__functions.c.o[0m
[2.702s] [  9%] [32mBuilding C object CMakeFiles/beluga_messages__rosidl_generator_c.dir/rosidl_generator_c/beluga_messages/msg/detail/beluga_ranges__functions.c.o[0m
[2.708s] [ 11%] [32mBuilding C object CMakeFiles/beluga_messages__rosidl_generator_c.dir/rosidl_generator_c/beluga_messages/msg/detail/beluga_exchange__functions.c.o[0m
[2.762s] [ 11%] Built target beluga_messages__cpp
[2.774s] [ 12%] [34m[1mGenerating C++ introspection for ROS interfaces[0m
[2.774s] [ 14%] [34m[1mGenerating C++ type support for eProsima Fast-RTPS[0m
[2.775s] [ 15%] [34m[1mGenerating C++ type support dispatch for ROS interfaces[0m
[2.784s] [ 16%] [32m[1mLinking C shared library libbeluga_messages__rosidl_generator_c.so[0m
[2.825s] [ 16%] Built target beluga_messages__rosidl_generator_c
[2.837s] [ 18%] [34m[1mGenerating C type support for eProsima Fast-RTPS[0m
[3.328s] [ 19%] [32mBuilding CXX object CMakeFiles/beluga_messages__rosidl_typesupport_cpp.dir/rosidl_typesupport_cpp/beluga_messages/msg/beluga_neighbor__type_support.cpp.o[0m
[3.540s] [ 21%] [32mBuilding CXX object CMakeFiles/beluga_messages__rosidl_typesupport_introspection_cpp.dir/rosidl_typesupport_introspection_cpp/beluga_messages/msg/detail/beluga_neighbor__type_support.cpp.o[0m
[3.614s] [ 22%] [32mBuilding CXX object CMakeFiles/beluga_messages__rosidl_typesupport_fastrtps_c.dir/rosidl_typesupport_fastrtps_c/beluga_messages/msg/detail/beluga_neighbor__type_support_c.cpp.o[0m
[3.716s] [ 23%] [32mBuilding CXX object CMakeFiles/beluga_messages__rosidl_typesupport_fastrtps_cpp.dir/rosidl_typesupport_fastrtps_cpp/beluga_messages/msg/detail/dds_fastrtps/beluga_neighbor__type_support.cpp.o[0m
[3.756s] [ 25%] [32mBuilding CXX object CMakeFiles/beluga_messages__rosidl_typesupport_cpp.dir/rosidl_typesupport_cpp/beluga_messages/msg/beluga_neighbors__type_support.cpp.o[0m
[4.043s] [ 26%] [32mBuilding CXX object CMakeFiles/beluga_messages__rosidl_typesupport_fastrtps_c.dir/rosidl_typesupport_fastrtps_c/beluga_messages/msg/detail/beluga_neighbors__type_support_c.cpp.o[0m
[4.181s] [ 28%] [32mBuilding CXX object CMakeFiles/beluga_messages__rosidl_typesupport_cpp.dir/rosidl_typesupport_cpp/beluga_messages/srv/beluga_at_command__type_support.cpp.o[0m
[4.297s] [ 29%] [32mBuilding CXX object CMakeFiles/beluga_messages__rosidl_typesupport_introspection_cpp.dir/rosidl_typesupport_introspection_cpp/beluga_messages/msg/detail/beluga_neighbors__type_support.cpp.o[0m
[4.443s] [ 30%] [32mBuilding CXX object CMakeFiles/beluga_messages__rosidl_typesupport_fastrtps_cpp.dir/rosidl_typesupport_fastrtps_cpp/beluga_messages/msg/detail/dds_fastrtps/beluga_neighbors__type_support.cpp.o[0m
[4.632s] [ 32%] [32mBuilding CXX object CMakeFiles/beluga_messages__rosidl_typesupport_cpp.dir/rosidl_typesupport_cpp/beluga_messages/msg/beluga_range__type_support.cpp.o[0m
[4.649s] [ 33%] [32mBuilding CXX object CMakeFiles/beluga_messages__rosidl_typesupport_fastrtps_c.dir/rosidl_typesupport_fastrtps_c/beluga_messages/srv/detail/beluga_at_command__type_support_c.cpp.o[0m
[4.948s] [ 35%] [32mBuilding CXX object CMakeFiles/beluga_messages__rosidl_typesupport_introspection_cpp.dir/rosidl_typesupport_introspection_cpp/beluga_messages/srv/detail/beluga_at_command__type_support.cpp.o[0m
[5.066s] [ 36%] [32mBuilding CXX object CMakeFiles/beluga_messages__rosidl_typesupport_cpp.dir/rosidl_typesupport_cpp/beluga_messages/msg/beluga_ranges__type_support.cpp.o[0m
[5.182s] [ 38%] [32mBuilding CXX object CMakeFiles/beluga_messages__rosidl_typesupport_fastrtps_cpp.dir/rosidl_typesupport_fastrtps_cpp/beluga_messages/srv/detail/dds_fastrtps/beluga_at_command__type_support.cpp.o[0m
[5.293s] [ 39%] [32mBuilding CXX object CMakeFiles/beluga_messages__rosidl_typesupport_fastrtps_c.dir/rosidl_typesupport_fastrtps_c/beluga_messages/msg/detail/beluga_range__type_support_c.cpp.o[0m
[5.505s] [ 40%] [32mBuilding CXX object CMakeFiles/beluga_messages__rosidl_typesupport_introspection_cpp.dir/rosidl_typesupport_introspection_cpp/beluga_messages/msg/detail/beluga_range__type_support.cpp.o[0m
[5.640s] [ 42%] [32mBuilding CXX object CMakeFiles/beluga_messages__rosidl_typesupport_cpp.dir/rosidl_typesupport_cpp/beluga_messages/msg/beluga_exchange__type_support.cpp.o[0m
[5.775s] [ 43%] [32mBuilding CXX object CMakeFiles/beluga_messages__rosidl_typesupport_fastrtps_c.dir/rosidl_typesupport_fastrtps_c/beluga_messages/msg/detail/beluga_ranges__type_support_c.cpp.o[0m
[5.873s] [ 45%] [32mBuilding CXX object CMakeFiles/beluga_messages__rosidl_typesupport_fastrtps_cpp.dir/rosidl_typesupport_fastrtps_cpp/beluga_messages/msg/detail/dds_fastrtps/beluga_range__type_support.cpp.o[0m
[6.070s] [ 46%] [32m[1mLinking CXX shared library libbeluga_messages__rosidl_typesupport_cpp.so[0m
[6.177s] [ 47%] [32mBuilding CXX object CMakeFiles/beluga_messages__rosidl_typesupport_introspection_cpp.dir/rosidl_typesupport_introspection_cpp/beluga_messages/msg/detail/beluga_ranges__type_support.cpp.o[0m
[6.179s] [ 47%] Built target beluga_messages__rosidl_typesupport_cpp
[6.209s] [ 49%] [34m[1mGenerating C introspection for ROS interfaces[0m
[6.372s] [ 50%] [32mBuilding CXX object CMakeFiles/beluga_messages__rosidl_typesupport_fastrtps_c.dir/rosidl_typesupport_fastrtps_c/beluga_messages/msg/detail/beluga_exchange__type_support_c.cpp.o[0m
[6.620s] [ 52%] [32mBuilding CXX object CMakeFiles/beluga_messages__rosidl_typesupport_fastrtps_cpp.dir/rosidl_typesupport_fastrtps_cpp/beluga_messages/msg/detail/dds_fastrtps/beluga_ranges__type_support.cpp.o[0m
[6.768s] [ 53%] [32mBuilding CXX object CMakeFiles/beluga_messages__rosidl_typesupport_introspection_cpp.dir/rosidl_typesupport_introspection_cpp/beluga_messages/msg/detail/beluga_exchange__type_support.cpp.o[0m
[6.908s] [ 54%] [32m[1mLinking CXX shared library libbeluga_messages__rosidl_typesupport_fastrtps_c.so[0m
[7.016s] [ 54%] Built target beluga_messages__rosidl_typesupport_fastrtps_c
[7.027s] [ 56%] [32mBuilding CXX object CMakeFiles/beluga_messages__rosidl_typesupport_fastrtps_cpp.dir/rosidl_typesupport_fastrtps_cpp/beluga_messages/msg/detail/dds_fastrtps/beluga_exchange__type_support.cpp.o[0m
[7.192s] [ 57%] [32mBuilding C object CMakeFiles/beluga_messages__rosidl_typesupport_introspection_c.dir/rosidl_typesupport_introspection_c/beluga_messages/msg/detail/beluga_neighbor__type_support.c.o[0m
[7.205s] [ 59%] [32mBuilding C object CMakeFiles/beluga_messages__rosidl_typesupport_introspection_c.dir/rosidl_typesupport_introspection_c/beluga_messages/msg/detail/beluga_neighbors__type_support.c.o[0m
[7.238s] [ 60%] [34m[1mGenerating C type support dispatch for ROS interfaces[0m
[7.245s] [ 61%] [32mBuilding C object CMakeFiles/beluga_messages__rosidl_typesupport_introspection_c.dir/rosidl_typesupport_introspection_c/beluga_messages/srv/detail/beluga_at_command__type_support.c.o[0m
[7.253s] [ 63%] [32m[1mLinking CXX shared library libbeluga_messages__rosidl_typesupport_introspection_cpp.so[0m
[7.287s] [ 64%] [32mBuilding C object CMakeFiles/beluga_messages__rosidl_typesupport_introspection_c.dir/rosidl_typesupport_introspection_c/beluga_messages/msg/detail/beluga_range__type_support.c.o[0m
[7.331s] [ 66%] [32mBuilding C object CMakeFiles/beluga_messages__rosidl_typesupport_introspection_c.dir/rosidl_typesupport_introspection_c/beluga_messages/msg/detail/beluga_ranges__type_support.c.o[0m
[7.361s] [ 66%] Built target beluga_messages__rosidl_typesupport_introspection_cpp
[7.374s] [ 67%] [32mBuilding C object CMakeFiles/beluga_messages__rosidl_typesupport_introspection_c.dir/rosidl_typesupport_introspection_c/beluga_messages/msg/detail/beluga_exchange__type_support.c.o[0m
[7.409s] [ 69%] [32m[1mLinking C shared library libbeluga_messages__rosidl_typesupport_introspection_c.so[0m
[7.444s] [ 69%] Built target beluga_messages__rosidl_typesupport_introspection_c
[7.571s] [ 70%] [32m[1mLinking CXX shared library libbeluga_messages__rosidl_typesupport_fastrtps_cpp.so[0m
[7.663s] [ 70%] Built target beluga_messages__rosidl_typesupport_fastrtps_cpp
[7.768s] [ 76%] [32mBuilding CXX object CMakeFiles/beluga_messages__rosidl_typesupport_c.dir/rosidl_typesupport_c/beluga_messages/msg/beluga_range__type_support.cpp.o[0m
[7.768s] [ 76%] [32mBuilding CXX object CMakeFiles/beluga_messages__rosidl_typesupport_c.dir/rosidl_typesupport_c/beluga_messages/msg/beluga_neighbors__type_support.cpp.o[0m
[7.768s] [ 76%] [32mBuilding CXX object CMakeFiles/beluga_messages__rosidl_typesupport_c.dir/rosidl_typesupport_c/beluga_messages/srv/beluga_at_command__type_support.cpp.o[0m
[7.768s] [ 76%] [32mBuilding CXX object CMakeFiles/beluga_messages__rosidl_typesupport_c.dir/rosidl_typesupport_c/beluga_messages/msg/beluga_neighbor__type_support.cpp.o[0m
[7.802s] [ 77%] [32mBuilding CXX object CMakeFiles/beluga_messages__rosidl_typesupport_c.dir/rosidl_typesupport_c/beluga_messages/msg/beluga_ranges__type_support.cpp.o[0m
[7.804s] [ 78%] [32mBuilding CXX object CMakeFiles/beluga_messages__rosidl_typesupport_c.dir/rosidl_typesupport_c/beluga_messages/msg/beluga_exchange__type_support.cpp.o[0m
[7.830s] [ 80%] [32m[1mLinking CXX shared library libbeluga_messages__rosidl_typesupport_c.so[0m
[7.870s] [ 80%] Built target beluga_messages__rosidl_typesupport_c
[7.897s] [ 80%] Built target beluga_messages
[7.922s] [ 81%] [34m[1mGenerating Python code for ROS interfaces[0m
[8.895s] [ 81%] Built target beluga_messages__py
[8.920s] [ 85%] [32mBuilding C object CMakeFiles/beluga_messages__rosidl_generator_py.dir/rosidl_generator_py/beluga_messages/msg/_beluga_neighbors_s.c.o[0m
[8.921s] [ 85%] [32mBuilding C object CMakeFiles/beluga_messages__rosidl_generator_py.dir/rosidl_generator_py/beluga_messages/msg/_beluga_neighbor_s.c.o[0m
[8.921s] [ 85%] [32mBuilding C object CMakeFiles/beluga_messages__rosidl_generator_py.dir/rosidl_generator_py/beluga_messages/srv/_beluga_at_command_s.c.o[0m
[8.921s] [ 87%] [32mBuilding C object CMakeFiles/beluga_messages__rosidl_generator_py.dir/rosidl_generator_py/beluga_messages/msg/_beluga_range_s.c.o[0m
[9.040s] [ 88%] [32mBuilding C object CMakeFiles/beluga_messages__rosidl_generator_py.dir/rosidl_generator_py/beluga_messages/msg/_beluga_ranges_s.c.o[0m
[9.044s] [ 90%] [32mBuilding C object CMakeFiles/beluga_messages__rosidl_generator_py.dir/rosidl_generator_py/beluga_messages/msg/_beluga_exchange_s.c.o[0m
[9.137s] [ 91%] [32m[1mLinking C shared library rosidl_generator_py/beluga_messages/libbeluga_messages__rosidl_generator_py.so[0m
[9.181s] [ 91%] Built target beluga_messages__rosidl_generator_py
[9.217s] [ 95%] [32mBuilding C object CMakeFiles/beluga_messages__rosidl_typesupport_c__pyext.dir/rosidl_generator_py/beluga_messages/_beluga_messages_s.ep.rosidl_typesupport_c.c.o[0m
[9.217s] [ 95%] [32mBuilding C object CMakeFiles/beluga_messages__rosidl_typesupport_fastrtps_c__pyext.dir/rosidl_generator_py/beluga_messages/_beluga_messages_s.ep.rosidl_typesupport_fastrtps_c.c.o[0m
[9.218s] [ 95%] [32mBuilding C object CMakeFiles/beluga_messages__rosidl_typesupport_introspection_c__pyext.dir/rosidl_generator_py/beluga_messages/_beluga_messages_s.ep.rosidl_typesupport_introspection_c.c.o[0m
[9.353s] [ 97%] [32m[1mLinking C shared library rosidl_generator_py/beluga_messages/beluga_messages_s__rosidl_typesupport_c.cpython-310-x86_64-linux-gnu.so[0m
[9.361s] [ 98%] [32m[1mLinking C shared library rosidl_generator_py/beluga_messages/beluga_messages_s__rosidl_typesupport_fastrtps_c.cpython-310-x86_64-linux-gnu.so[0m
[9.363s] [100%] [32m[1mLinking C shared library rosidl_generator_py/beluga_messages/beluga_messages_s__rosidl_typesupport_introspection_c.cpython-310-x86_64-linux-gnu.so[0m
[9.400s] [100%] Built target beluga_messages__rosidl_typesupport_c__pyext
[9.407s] [100%] Built target beluga_messages__rosidl_typesupport_fastrtps_c__pyext
[9.407s] [100%] Built target beluga_messages__rosidl_typesupport_introspection_c__pyext
[9.420s] Invoked command in '/home/admi3ev/Beluga-Firmware-Mod/build/beluga_messages' returned '0': CMAKE_PREFIX_PATH=${CMAKE_PREFIX_PATH}:/opt/ros/humble /usr/bin/cmake --build /home/admi3ev/Beluga-Firmware-Mod/build/beluga_messages -- -j4 -l4
[9.429s] Invoking command in '/home/admi3ev/Beluga-Firmware-Mod/build/beluga_messages': CMAKE_PREFIX_PATH=${CMAKE_PREFIX_PATH}:/opt/ros/humble /usr/bin/cmake --install /home/admi3ev/Beluga-Firmware-Mod/build/beluga_messages
[9.437s] -- Install configuration: ""
[9.437s] -- Installing: /home/admi3ev/Beluga-Firmware-Mod/install/beluga_messages/share/ament_index/resource_index/rosidl_interfaces/beluga_messages
[9.437s] -- Installing: /home/admi3ev/Beluga-Firmware-Mod/install/beluga_messages/include/beluga_messages/beluga_messages
[9.437s] -- Installing: /home/admi3ev/Beluga-Firmware-Mod/install/beluga_messages/include/beluga_messages/beluga_messages/msg
[9.437s] -- Installing: /home/admi3ev/Beluga-Firmware-Mod/install/beluga_messages/include/beluga_messages/beluga_messages/msg/beluga_ranges.h
[9.437s] -- Installing: /home/admi3ev/Beluga-Firmware-Mod/install/beluga_messages/include/beluga_messages/beluga_messages/msg/beluga_range.h
[9.438s] -- Installing: /home/admi3ev/Beluga-Firmware-Mod/install/beluga_messages/include/beluga_messages/beluga_messages/msg/detail
[9.438s] -- Installing: /home/admi3ev/Beluga-Firmware-Mod/install/beluga_messages/include/beluga_messages/beluga_messages/msg/detail/beluga_neighbor__functions.c
[9.438s] -- Installing: /home/admi3ev/Beluga-Firmware-Mod/install/beluga_messages/include/beluga_messages/beluga_messages/msg/detail/beluga_neighbors__functions.h
[9.438s] -- Installing: /home/admi3ev/Beluga-Firmware-Mod/install/beluga_messages/include/beluga_messages/beluga_messages/msg/detail/beluga_exchange__type_support.h
[9.438s] -- Installing: /home/admi3ev/Beluga-Firmware-Mod/install/beluga_messages/include/beluga_messages/beluga_messages/msg/detail/beluga_exchange__struct.h
[9.438s] -- Installing: /home/admi3ev/Beluga-Firmware-Mod/install/beluga_messages/include/beluga_messages/beluga_messages/msg/detail/beluga_ranges__type_support.h
[9.438s] -- Installing: /home/admi3ev/Beluga-Firmware-Mod/install/beluga_messages/include/beluga_messages/beluga_messages/msg/detail/beluga_neighbors__functions.c
[9.438s] -- Installing: /home/admi3ev/Beluga-Firmware-Mod/install/beluga_messages/include/beluga_messages/beluga_messages/msg/detail/beluga_range__functions.c
[9.438s] -- Installing: /home/admi3ev/Beluga-Firmware-Mod/install/beluga_messages/include/beluga_messages/beluga_messages/msg/detail/beluga_neighbors__struct.h
[9.438s] -- Installing: /home/admi3ev/Beluga-Firmware-Mod/install/beluga_messages/include/beluga_messages/beluga_messages/msg/detail/beluga_ranges__functions.h
[9.438s] -- Installing: /home/admi3ev/Beluga-Firmware-Mod/install/beluga_messages/include/beluga_messages/beluga_messages/msg/detail/beluga_neighbor__functions.h
[9.439s] -- Installing: /home/admi3ev/Beluga-Firmware-Mod/install/beluga_messages/include/beluga_messages/beluga_messages/msg/detail/beluga_range__functions.h
[9.439s] -- Installing: /home/admi3ev/Beluga-Firmware-Mod/install/beluga_messages/include/beluga_messages/beluga_messages/msg/detail/beluga_neighbor__struct.h
[9.439s] -- Installing: /home/admi3ev/Beluga-Firmware-Mod/install/beluga_messages/include/beluga_messages/beluga_messages/msg/detail/beluga_range__type_support.h
[9.439s] -- Installing: /home/admi3ev/Beluga-Firmware-Mod/install/beluga_messages/include/beluga_messages/beluga_messages/msg/detail/beluga_exchange__functions.c
[9.439s] -- Installing: /home/admi3ev/Beluga-Firmware-Mod/install/beluga_messages/include/beluga_messages/beluga_messages/msg/detail/beluga_ranges__functions.c
[9.439s] -- Installing: /home/admi3ev/Beluga-Firmware-Mod/install/beluga_messages/include/beluga_messages/beluga_messages/msg/detail/beluga_neighbors__type_support.h
[9.439s] -- Installing: /home/admi3ev/Beluga-Firmware-Mod/install/beluga_messages/include/beluga_messages/beluga_messages/msg/detail/beluga_exchange__functions.h
[9.439s] -- Installing: /home/admi3ev/Beluga-Firmware-Mod/install/beluga_messages/include/beluga_messages/beluga_messages/msg/detail/beluga_ranges__struct.h
[9.439s] -- Installing: /home/admi3ev/Beluga-Firmware-Mod/install/beluga_messages/include/beluga_messages/beluga_messages/msg/detail/beluga_range__struct.h
[9.439s] -- Installing: /home/admi3ev/Beluga-Firmware-Mod/install/beluga_messages/include/beluga_messages/beluga_messages/msg/detail/beluga_neighbor__type_support.h
[9.439s] -- Installing: /home/admi3ev/Beluga-Firmware-Mod/install/beluga_messages/include/beluga_messages/beluga_messages/msg/rosidl_generator_c__visibility_control.h
[9.440s] -- Installing: /home/admi3ev/Beluga-Firmware-Mod/install/beluga_messages/include/beluga_messages/beluga_messages/msg/beluga_exchange.h
[9.440s] -- Installing: /home/admi3ev/Beluga-Firmware-Mod/install/beluga_messages/include/beluga_messages/beluga_messages/msg/beluga_neighbors.h
[9.440s] -- Installing: /home/admi3ev/Beluga-Firmware-Mod/install/beluga_messages/include/beluga_messages/beluga_messages/msg/beluga_neighbor.h
[9.440s] -- Installing: /home/admi3ev/Beluga-Firmware-Mod/install/beluga_messages/include/beluga_messages/beluga_messages/srv
[9.440s] -- Installing: /home/admi3ev/Beluga-Firmware-Mod/install/beluga_messages/include/beluga_messages/beluga_messages/srv/detail
[9.440s] -- Installing: /home/admi3ev/Beluga-Firmware-Mod/install/beluga_messages/include/beluga_messages/beluga_messages/srv/detail/beluga_at_command__functions.h
[9.440s] -- Installing: /home/admi3ev/Beluga-Firmware-Mod/install/beluga_messages/include/beluga_messages/beluga_messages/srv/detail/beluga_at_command__struct.h
[9.440s] -- Installing: /home/admi3ev/Beluga-Firmware-Mod/install/beluga_messages/include/beluga_messages/beluga_messages/srv/detail/beluga_at_command__type_support.h
[9.440s] -- Installing: /home/admi3ev/Beluga-Firmware-Mod/install/beluga_messages/include/beluga_messages/beluga_messages/srv/detail/beluga_at_command__functions.c
[9.440s] -- Installing: /home/admi3ev/Beluga-Firmware-Mod/install/beluga_messages/include/beluga_messages/beluga_messages/srv/beluga_at_command.h
[9.441s] -- Installing: /home/admi3ev/Beluga-Firmware-Mod/install/beluga_messages/share/beluga_messages/environment/library_path.sh
[9.441s] -- Installing: /home/admi3ev/Beluga-Firmware-Mod/install/beluga_messages/share/beluga_messages/environment/library_path.dsv
[9.441s] -- Installing: /home/admi3ev/Beluga-Firmware-Mod/install/beluga_messages/lib/libbeluga_messages__rosidl_generator_c.so
[9.441s] -- Set runtime path of "/home/admi3ev/Beluga-Firmware-Mod/install/beluga_messages/lib/libbeluga_messages__rosidl_generator_c.so" to ""
[9.442s] -- Up-to-date: /home/admi3ev/Beluga-Firmware-Mod/install/beluga_messages/include/beluga_messages/beluga_messages
[9.442s] -- Up-to-date: /home/admi3ev/Beluga-Firmware-Mod/install/beluga_messages/include/beluga_messages/beluga_messages/msg
[9.442s] -- Up-to-date: /home/admi3ev/Beluga-Firmware-Mod/install/beluga_messages/include/beluga_messages/beluga_messages/msg/detail
[9.442s] -- Installing: /home/admi3ev/Beluga-Firmware-Mod/install/beluga_messages/include/beluga_messages/beluga_messages/msg/detail/beluga_ranges__rosidl_typesupport_fastrtps_c.h
[9.442s] -- Installing: /home/admi3ev/Beluga-Firmware-Mod/install/beluga_messages/include/beluga_messages/beluga_messages/msg/detail/beluga_neighbors__rosidl_typesupport_fastrtps_c.h
[9.442s] -- Installing: /home/admi3ev/Beluga-Firmware-Mod/install/beluga_messages/include/beluga_messages/beluga_messages/msg/detail/beluga_range__rosidl_typesupport_fastrtps_c.h
[9.442s] -- Installing: /home/admi3ev/Beluga-Firmware-Mod/install/beluga_messages/include/beluga_messages/beluga_messages/msg/detail/beluga_neighbor__rosidl_typesupport_fastrtps_c.h
[9.442s] -- Installing: /home/admi3ev/Beluga-Firmware-Mod/install/beluga_messages/include/beluga_messages/beluga_messages/msg/detail/beluga_exchange__rosidl_typesupport_fastrtps_c.h
[9.442s] -- Installing: /home/admi3ev/Beluga-Firmware-Mod/install/beluga_messages/include/beluga_messages/beluga_messages/msg/rosidl_typesupport_fastrtps_c__visibility_control.h
[9.442s] -- Up-to-date: /home/admi3ev/Beluga-Firmware-Mod/install/beluga_messages/include/beluga_messages/beluga_messages/srv
[9.442s] -- Up-to-date: /home/admi3ev/Beluga-Firmware-Mod/install/beluga_messages/include/beluga_messages/beluga_messages/srv/detail
[9.442s] -- Installing: /home/admi3ev/Beluga-Firmware-Mod/install/beluga_messages/include/beluga_messages/beluga_messages/srv/detail/beluga_at_command__rosidl_typesupport_fastrtps_c.h
[9.443s] -- Installing: /home/admi3ev/Beluga-Firmware-Mod/install/beluga_messages/lib/libbeluga_messages__rosidl_typesupport_fastrtps_c.so
[9.443s] -- Set runtime path of "/home/admi3ev/Beluga-Firmware-Mod/install/beluga_messages/lib/libbeluga_messages__rosidl_typesupport_fastrtps_c.so" to ""
[9.443s] -- Up-to-date: /home/admi3ev/Beluga-Firmware-Mod/install/beluga_messages/include/beluga_messages/beluga_messages
[9.443s] -- Up-to-date: /home/admi3ev/Beluga-Firmware-Mod/install/beluga_messages/include/beluga_messages/beluga_messages/msg
[9.443s] -- Up-to-date: /home/admi3ev/Beluga-Firmware-Mod/install/beluga_messages/include/beluga_messages/beluga_messages/msg/detail
[9.443s] -- Installing: /home/admi3ev/Beluga-Firmware-Mod/install/beluga_messages/include/beluga_messages/beluga_messages/msg/detail/beluga_neighbor__type_support.c
[9.443s] -- Installing: /home/admi3ev/Beluga-Firmware-Mod/install/beluga_messages/include/beluga_messages/beluga_messages/msg/detail/beluga_range__type_support.c
[9.443s] -- Installing: /home/admi3ev/Beluga-Firmware-Mod/install/beluga_messages/include/beluga_messages/beluga_messages/msg/detail/beluga_neighbors__rosidl_typesupport_introspection_c.h
[9.443s] -- Installing: /home/admi3ev/Beluga-Firmware-Mod/install/beluga_messages/include/beluga_messages/beluga_messages/msg/detail/beluga_neighbors__type_support.c
[9.443s] -- Installing: /home/admi3ev/Beluga-Firmware-Mod/install/beluga_messages/include/beluga_messages/beluga_messages/msg/detail/beluga_exchange__type_support.c
[9.444s] -- Installing: /home/admi3ev/Beluga-Firmware-Mod/install/beluga_messages/include/beluga_messages/beluga_messages/msg/detail/beluga_exchange__rosidl_typesupport_introspection_c.h
[9.444s] -- Installing: /home/admi3ev/Beluga-Firmware-Mod/install/beluga_messages/include/beluga_messages/beluga_messages/msg/detail/beluga_range__rosidl_typesupport_introspection_c.h
[9.444s] -- Installing: /home/admi3ev/Beluga-Firmware-Mod/install/beluga_messages/include/beluga_messages/beluga_messages/msg/detail/beluga_neighbor__rosidl_typesupport_introspection_c.h
[9.444s] -- Installing: /home/admi3ev/Beluga-Firmware-Mod/install/beluga_messages/include/beluga_messages/beluga_messages/msg/detail/beluga_ranges__type_support.c
[9.444s] -- Installing: /home/admi3ev/Beluga-Firmware-Mod/install/beluga_messages/include/beluga_messages/beluga_messages/msg/detail/beluga_ranges__rosidl_typesupport_introspection_c.h
[9.444s] -- Installing: /home/admi3ev/Beluga-Firmware-Mod/install/beluga_messages/include/beluga_messages/beluga_messages/msg/rosidl_typesupport_introspection_c__visibility_control.h
[9.444s] -- Up-to-date: /home/admi3ev/Beluga-Firmware-Mod/install/beluga_messages/include/beluga_messages/beluga_messages/srv
[9.444s] -- Up-to-date: /home/admi3ev/Beluga-Firmware-Mod/install/beluga_messages/include/beluga_messages/beluga_messages/srv/detail
[9.444s] -- Installing: /home/admi3ev/Beluga-Firmware-Mod/install/beluga_messages/include/beluga_messages/beluga_messages/srv/detail/beluga_at_command__type_support.c
[9.444s] -- Installing: /home/admi3ev/Beluga-Firmware-Mod/install/beluga_messages/include/beluga_messages/beluga_messages/srv/detail/beluga_at_command__rosidl_typesupport_introspection_c.h
[9.444s] -- Installing: /home/admi3ev/Beluga-Firmware-Mod/install/beluga_messages/lib/libbeluga_messages__rosidl_typesupport_introspection_c.so
[9.445s] -- Set runtime path of "/home/admi3ev/Beluga-Firmware-Mod/install/beluga_messages/lib/libbeluga_messages__rosidl_typesupport_introspection_c.so" to ""
[9.445s] -- Installing: /home/admi3ev/Beluga-Firmware-Mod/install/beluga_messages/lib/libbeluga_messages__rosidl_typesupport_c.so
[9.445s] -- Set runtime path of "/home/admi3ev/Beluga-Firmware-Mod/install/beluga_messages/lib/libbeluga_messages__rosidl_typesupport_c.so" to ""
[9.445s] -- Up-to-date: /home/admi3ev/Beluga-Firmware-Mod/install/beluga_messages/include/beluga_messages/beluga_messages
[9.445s] -- Up-to-date: /home/admi3ev/Beluga-Firmware-Mod/install/beluga_messages/include/beluga_messages/beluga_messages/msg
[9.445s] -- Installing: /home/admi3ev/Beluga-Firmware-Mod/install/beluga_messages/include/beluga_messages/beluga_messages/msg/beluga_neighbors.hpp
[9.445s] -- Installing: /home/admi3ev/Beluga-Firmware-Mod/install/beluga_messages/include/beluga_messages/beluga_messages/msg/beluga_neighbor.hpp
[9.445s] -- Up-to-date: /home/admi3ev/Beluga-Firmware-Mod/install/beluga_messages/include/beluga_messages/beluga_messages/msg/detail
[9.446s] -- Installing: /home/admi3ev/Beluga-Firmware-Mod/install/beluga_messages/include/beluga_messages/beluga_messages/msg/detail/beluga_exchange__type_support.hpp
[9.446s] -- Installing: /home/admi3ev/Beluga-Firmware-Mod/install/beluga_messages/include/beluga_messages/beluga_messages/msg/detail/beluga_range__type_support.hpp
[9.446s] -- Installing: /home/admi3ev/Beluga-Firmware-Mod/install/beluga_messages/include/beluga_messages/beluga_messages/msg/detail/beluga_neighbors__traits.hpp
[9.446s] -- Installing: /home/admi3ev/Beluga-Firmware-Mod/install/beluga_messages/include/beluga_messages/beluga_messages/msg/detail/beluga_neighbor__builder.hpp
[9.446s] -- Installing: /home/admi3ev/Beluga-Firmware-Mod/install/beluga_messages/include/beluga_messages/beluga_messages/msg/detail/beluga_neighbors__type_support.hpp
[9.446s] -- Installing: /home/admi3ev/Beluga-Firmware-Mod/install/beluga_messages/include/beluga_messages/beluga_messages/msg/detail/beluga_ranges__builder.hpp
[9.446s] -- Installing: /home/admi3ev/Beluga-Firmware-Mod/install/beluga_messages/include/beluga_messages/beluga_messages/msg/detail/beluga_neighbors__struct.hpp
[9.446s] -- Installing: /home/admi3ev/Beluga-Firmware-Mod/install/beluga_messages/include/beluga_messages/beluga_messages/msg/detail/beluga_exchange__builder.hpp
[9.446s] -- Installing: /home/admi3ev/Beluga-Firmware-Mod/install/beluga_messages/include/beluga_messages/beluga_messages/msg/detail/beluga_range__struct.hpp
[9.446s] -- Installing: /home/admi3ev/Beluga-Firmware-Mod/install/beluga_messages/include/beluga_messages/beluga_messages/msg/detail/beluga_ranges__type_support.hpp
[9.446s] -- Installing: /home/admi3ev/Beluga-Firmware-Mod/install/beluga_messages/include/beluga_messages/beluga_messages/msg/detail/beluga_exchange__struct.hpp
[9.446s] -- Installing: /home/admi3ev/Beluga-Firmware-Mod/install/beluga_messages/include/beluga_messages/beluga_messages/msg/detail/beluga_neighbor__struct.hpp
[9.447s] -- Installing: /home/admi3ev/Beluga-Firmware-Mod/install/beluga_messages/include/beluga_messages/beluga_messages/msg/detail/beluga_exchange__traits.hpp
[9.447s] -- Installing: /home/admi3ev/Beluga-Firmware-Mod/install/beluga_messages/include/beluga_messages/beluga_messages/msg/detail/beluga_range__builder.hpp
[9.447s] -- Installing: /home/admi3ev/Beluga-Firmware-Mod/install/beluga_messages/include/beluga_messages/beluga_messages/msg/detail/beluga_range__traits.hpp
[9.447s] -- Installing: /home/admi3ev/Beluga-Firmware-Mod/install/beluga_messages/include/beluga_messages/beluga_messages/msg/detail/beluga_neighbor__type_support.hpp
[9.447s] -- Installing: /home/admi3ev/Beluga-Firmware-Mod/install/beluga_messages/include/beluga_messages/beluga_messages/msg/detail/beluga_ranges__struct.hpp
[9.447s] -- Installing: /home/admi3ev/Beluga-Firmware-Mod/install/beluga_messages/include/beluga_messages/beluga_messages/msg/detail/beluga_ranges__traits.hpp
[9.447s] -- Installing: /home/admi3ev/Beluga-Firmware-Mod/install/beluga_messages/include/beluga_messages/beluga_messages/msg/detail/beluga_neighbors__builder.hpp
[9.447s] -- Installing: /home/admi3ev/Beluga-Firmware-Mod/install/beluga_messages/include/beluga_messages/beluga_messages/msg/detail/beluga_neighbor__traits.hpp
[9.447s] -- Installing: /home/admi3ev/Beluga-Firmware-Mod/install/beluga_messages/include/beluga_messages/beluga_messages/msg/beluga_range.hpp
[9.447s] -- Installing: /home/admi3ev/Beluga-Firmware-Mod/install/beluga_messages/include/beluga_messages/beluga_messages/msg/beluga_ranges.hpp
[9.447s] -- Installing: /home/admi3ev/Beluga-Firmware-Mod/install/beluga_messages/include/beluga_messages/beluga_messages/msg/beluga_exchange.hpp
[9.448s] -- Installing: /home/admi3ev/Beluga-Firmware-Mod/install/beluga_messages/include/beluga_messages/beluga_messages/msg/rosidl_generator_cpp__visibility_control.hpp
[9.448s] -- Up-to-date: /home/admi3ev/Beluga-Firmware-Mod/install/beluga_messages/include/beluga_messages/beluga_messages/srv
[9.448s] -- Up-to-date: /home/admi3ev/Beluga-Firmware-Mod/install/beluga_messages/include/beluga_messages/beluga_messages/srv/detail
[9.448s] -- Installing: /home/admi3ev/Beluga-Firmware-Mod/install/beluga_messages/include/beluga_messages/beluga_messages/srv/detail/beluga_at_command__struct.hpp
[9.448s] -- Installing: /home/admi3ev/Beluga-Firmware-Mod/install/beluga_messages/include/beluga_messages/beluga_messages/srv/detail/beluga_at_command__type_support.hpp
[9.448s] -- Installing: /home/admi3ev/Beluga-Firmware-Mod/install/beluga_messages/include/beluga_messages/beluga_messages/srv/detail/beluga_at_command__traits.hpp
[9.448s] -- Installing: /home/admi3ev/Beluga-Firmware-Mod/install/beluga_messages/include/beluga_messages/beluga_messages/srv/detail/beluga_at_command__builder.hpp
[9.448s] -- Installing: /home/admi3ev/Beluga-Firmware-Mod/install/beluga_messages/include/beluga_messages/beluga_messages/srv/beluga_at_command.hpp
[9.448s] -- Up-to-date: /home/admi3ev/Beluga-Firmware-Mod/install/beluga_messages/include/beluga_messages/beluga_messages
[9.448s] -- Up-to-date: /home/admi3ev/Beluga-Firmware-Mod/install/beluga_messages/include/beluga_messages/beluga_messages/msg
[9.448s] -- Up-to-date: /home/admi3ev/Beluga-Firmware-Mod/install/beluga_messages/include/beluga_messages/beluga_messages/msg/detail
[9.449s] -- Installing: /home/admi3ev/Beluga-Firmware-Mod/install/beluga_messages/include/beluga_messages/beluga_messages/msg/detail/beluga_neighbors__rosidl_typesupport_fastrtps_cpp.hpp
[9.449s] -- Installing: /home/admi3ev/Beluga-Firmware-Mod/install/beluga_messages/include/beluga_messages/beluga_messages/msg/detail/beluga_exchange__rosidl_typesupport_fastrtps_cpp.hpp
[9.449s] -- Installing: /home/admi3ev/Beluga-Firmware-Mod/install/beluga_messages/include/beluga_messages/beluga_messages/msg/detail/beluga_range__rosidl_typesupport_fastrtps_cpp.hpp
[9.449s] -- Installing: /home/admi3ev/Beluga-Firmware-Mod/install/beluga_messages/include/beluga_messages/beluga_messages/msg/detail/beluga_ranges__rosidl_typesupport_fastrtps_cpp.hpp
[9.449s] -- Installing: /home/admi3ev/Beluga-Firmware-Mod/install/beluga_messages/include/beluga_messages/beluga_messages/msg/detail/dds_fastrtps
[9.449s] -- Installing: /home/admi3ev/Beluga-Firmware-Mod/install/beluga_messages/include/beluga_messages/beluga_messages/msg/detail/beluga_neighbor__rosidl_typesupport_fastrtps_cpp.hpp
[9.449s] -- Installing: /home/admi3ev/Beluga-Firmware-Mod/install/beluga_messages/include/beluga_messages/beluga_messages/msg/rosidl_typesupport_fastrtps_cpp__visibility_control.h
[9.449s] -- Up-to-date: /home/admi3ev/Beluga-Firmware-Mod/install/beluga_messages/include/beluga_messages/beluga_messages/srv
[9.449s] -- Up-to-date: /home/admi3ev/Beluga-Firmware-Mod/install/beluga_messages/include/beluga_messages/beluga_messages/srv/detail
[9.449s] -- Installing: /home/admi3ev/Beluga-Firmware-Mod/install/beluga_messages/include/beluga_messages/beluga_messages/srv/detail/beluga_at_command__rosidl_typesupport_fastrtps_cpp.hpp
[9.449s] -- Installing: /home/admi3ev/Beluga-Firmware-Mod/install/beluga_messages/include/beluga_messages/beluga_messages/srv/detail/dds_fastrtps
[9.449s] -- Installing: /home/admi3ev/Beluga-Firmware-Mod/install/beluga_messages/lib/libbeluga_messages__rosidl_typesupport_fastrtps_cpp.so
[9.450s] -- Set runtime path of "/home/admi3ev/Beluga-Firmware-Mod/install/beluga_messages/lib/libbeluga_messages__rosidl_typesupport_fastrtps_cpp.so" to ""
[9.450s] -- Up-to-date: /home/admi3ev/Beluga-Firmware-Mod/install/beluga_messages/include/beluga_messages/beluga_messages
[9.450s] -- Up-to-date: /home/admi3ev/Beluga-Firmware-Mod/install/beluga_messages/include/beluga_messages/beluga_messages/msg
[9.450s] -- Up-to-date: /home/admi3ev/Beluga-Firmware-Mod/install/beluga_messages/include/beluga_messages/beluga_messages/msg/detail
[9.450s] -- Installing: /home/admi3ev/Beluga-Firmware-Mod/install/beluga_messages/include/beluga_messages/beluga_messages/msg/detail/beluga_ranges__rosidl_typesupport_introspection_cpp.hpp
[9.450s] -- Installing: /home/admi3ev/Beluga-Firmware-Mod/install/beluga_messages/include/beluga_messages/beluga_messages/msg/detail/beluga_range__rosidl_typesupport_introspection_cpp.hpp
[9.450s] -- Installing: /home/admi3ev/Beluga-Firmware-Mod/install/beluga_messages/include/beluga_messages/beluga_messages/msg/detail/beluga_neighbor__rosidl_typesupport_introspection_cpp.hpp
[9.450s] -- Installing: /home/admi3ev/Beluga-Firmware-Mod/install/beluga_messages/include/beluga_messages/beluga_messages/msg/detail/beluga_neighbor__type_support.cpp
[9.451s] -- Installing: /home/admi3ev/Beluga-Firmware-Mod/install/beluga_messages/include/beluga_messages/beluga_messages/msg/detail/beluga_range__type_support.cpp
[9.451s] -- Installing: /home/admi3ev/Beluga-Firmware-Mod/install/beluga_messages/include/beluga_messages/beluga_messages/msg/detail/beluga_ranges__type_support.cpp
[9.451s] -- Installing: /home/admi3ev/Beluga-Firmware-Mod/install/beluga_messages/include/beluga_messages/beluga_messages/msg/detail/beluga_exchange__rosidl_typesupport_introspection_cpp.hpp
[9.451s] -- Installing: /home/admi3ev/Beluga-Firmware-Mod/install/beluga_messages/include/beluga_messages/beluga_messages/msg/detail/beluga_exchange__type_support.cpp
[9.451s] -- Installing: /home/admi3ev/Beluga-Firmware-Mod/install/beluga_messages/include/beluga_messages/beluga_messages/msg/detail/beluga_neighbors__type_support.cpp
[9.451s] -- Installing: /home/admi3ev/Beluga-Firmware-Mod/install/beluga_messages/include/beluga_messages/beluga_messages/msg/detail/beluga_neighbors__rosidl_typesupport_introspection_cpp.hpp
[9.451s] -- Up-to-date: /home/admi3ev/Beluga-Firmware-Mod/install/beluga_messages/include/beluga_messages/beluga_messages/srv
[9.451s] -- Up-to-date: /home/admi3ev/Beluga-Firmware-Mod/install/beluga_messages/include/beluga_messages/beluga_messages/srv/detail
[9.451s] -- Installing: /home/admi3ev/Beluga-Firmware-Mod/install/beluga_messages/include/beluga_messages/beluga_messages/srv/detail/beluga_at_command__rosidl_typesupport_introspection_cpp.hpp
[9.451s] -- Installing: /home/admi3ev/Beluga-Firmware-Mod/install/beluga_messages/include/beluga_messages/beluga_messages/srv/detail/beluga_at_command__type_support.cpp
[9.451s] -- Installing: /home/admi3ev/Beluga-Firmware-Mod/install/beluga_messages/lib/libbeluga_messages__rosidl_typesupport_introspection_cpp.so
[9.452s] -- Set runtime path of "/home/admi3ev/Beluga-Firmware-Mod/install/beluga_messages/lib/libbeluga_messages__rosidl_typesupport_introspection_cpp.so" to ""
[9.452s] -- Installing: /home/admi3ev/Beluga-Firmware-Mod/install/beluga_messages/lib/libbeluga_messages__rosidl_typesupport_cpp.so
[9.452s] -- Set runtime path of "/home/admi3ev/Beluga-Firmware-Mod/install/beluga_messages/lib/libbeluga_messages__rosidl_typesupport_cpp.so" to ""
[9.452s] -- Installing: /home/admi3ev/Beluga-Firmware-Mod/install/beluga_messages/share/beluga_messages/environment/pythonpath.sh
[9.452s] -- Installing: /home/admi3ev/Beluga-Firmware-Mod/install/beluga_messages/share/beluga_messages/environment/pythonpath.dsv
[9.453s] -- Installing: /home/admi3ev/Beluga-Firmware-Mod/install/beluga_messages/local/lib/python3.10/dist-packages/beluga_messages-0.0.0-py3.10.egg-info
[9.453s] -- Installing: /home/admi3ev/Beluga-Firmware-Mod/install/beluga_messages/local/lib/python3.10/dist-packages/beluga_messages-0.0.0-py3.10.egg-info/SOURCES.txt
[9.453s] -- Installing: /home/admi3ev/Beluga-Firmware-Mod/install/beluga_messages/local/lib/python3.10/dist-packages/beluga_messages-0.0.0-py3.10.egg-info/PKG-INFO
[9.453s] -- Installing: /home/admi3ev/Beluga-Firmware-Mod/install/beluga_messages/local/lib/python3.10/dist-packages/beluga_messages-0.0.0-py3.10.egg-info/dependency_links.txt
[9.453s] -- Installing: /home/admi3ev/Beluga-Firmware-Mod/install/beluga_messages/local/lib/python3.10/dist-packages/beluga_messages-0.0.0-py3.10.egg-info/top_level.txt
[9.453s] -- Installing: /home/admi3ev/Beluga-Firmware-Mod/install/beluga_messages/local/lib/python3.10/dist-packages/beluga_messages
[9.453s] -- Installing: /home/admi3ev/Beluga-Firmware-Mod/install/beluga_messages/local/lib/python3.10/dist-packages/beluga_messages/_beluga_messages_s.ep.rosidl_typesupport_fastrtps_c.c
[9.453s] -- Installing: /home/admi3ev/Beluga-Firmware-Mod/install/beluga_messages/local/lib/python3.10/dist-packages/beluga_messages/msg
[9.453s] -- Installing: /home/admi3ev/Beluga-Firmware-Mod/install/beluga_messages/local/lib/python3.10/dist-packages/beluga_messages/msg/_beluga_exchange_s.c
[9.454s] -- Installing: /home/admi3ev/Beluga-Firmware-Mod/install/beluga_messages/local/lib/python3.10/dist-packages/beluga_messages/msg/_beluga_ranges_s.c
[9.454s] -- Installing: /home/admi3ev/Beluga-Firmware-Mod/install/beluga_messages/local/lib/python3.10/dist-packages/beluga_messages/msg/_beluga_ranges.py
[9.454s] -- Installing: /home/admi3ev/Beluga-Firmware-Mod/install/beluga_messages/local/lib/python3.10/dist-packages/beluga_messages/msg/__init__.py
[9.454s] -- Installing: /home/admi3ev/Beluga-Firmware-Mod/install/beluga_messages/local/lib/python3.10/dist-packages/beluga_messages/msg/_beluga_neighbor_s.c
[9.454s] -- Installing: /home/admi3ev/Beluga-Firmware-Mod/install/beluga_messages/local/lib/python3.10/dist-packages/beluga_messages/msg/_beluga_neighbors_s.c
[9.454s] -- Installing: /home/admi3ev/Beluga-Firmware-Mod/install/beluga_messages/local/lib/python3.10/dist-packages/beluga_messages/msg/_beluga_range.py
[9.454s] -- Installing: /home/admi3ev/Beluga-Firmware-Mod/install/beluga_messages/local/lib/python3.10/dist-packages/beluga_messages/msg/_beluga_neighbors.py
[9.454s] -- Installing: /home/admi3ev/Beluga-Firmware-Mod/install/beluga_messages/local/lib/python3.10/dist-packages/beluga_messages/msg/_beluga_neighbor.py
[9.454s] -- Installing: /home/admi3ev/Beluga-Firmware-Mod/install/beluga_messages/local/lib/python3.10/dist-packages/beluga_messages/msg/_beluga_exchange.py
[9.454s] -- Installing: /home/admi3ev/Beluga-Firmware-Mod/install/beluga_messages/local/lib/python3.10/dist-packages/beluga_messages/msg/_beluga_range_s.c
[9.455s] -- Installing: /home/admi3ev/Beluga-Firmware-Mod/install/beluga_messages/local/lib/python3.10/dist-packages/beluga_messages/_beluga_messages_s.ep.rosidl_typesupport_c.c
[9.455s] -- Installing: /home/admi3ev/Beluga-Firmware-Mod/install/beluga_messages/local/lib/python3.10/dist-packages/beluga_messages/libbeluga_messages__rosidl_generator_py.so
[9.455s] -- Installing: /home/admi3ev/Beluga-Firmware-Mod/install/beluga_messages/local/lib/python3.10/dist-packages/beluga_messages/__init__.py
[9.455s] -- Installing: /home/admi3ev/Beluga-Firmware-Mod/install/beluga_messages/local/lib/python3.10/dist-packages/beluga_messages/srv
[9.455s] -- Installing: /home/admi3ev/Beluga-Firmware-Mod/install/beluga_messages/local/lib/python3.10/dist-packages/beluga_messages/srv/_beluga_at_command.py
[9.455s] -- Installing: /home/admi3ev/Beluga-Firmware-Mod/install/beluga_messages/local/lib/python3.10/dist-packages/beluga_messages/srv/__init__.py
[9.455s] -- Installing: /home/admi3ev/Beluga-Firmware-Mod/install/beluga_messages/local/lib/python3.10/dist-packages/beluga_messages/srv/_beluga_at_command_s.c
[9.455s] -- Installing: /home/admi3ev/Beluga-Firmware-Mod/install/beluga_messages/local/lib/python3.10/dist-packages/beluga_messages/beluga_messages_s__rosidl_typesupport_c.cpython-310-x86_64-linux-gnu.so
[9.455s] -- Installing: /home/admi3ev/Beluga-Firmware-Mod/install/beluga_messages/local/lib/python3.10/dist-packages/beluga_messages/beluga_messages_s__rosidl_typesupport_fastrtps_c.cpython-310-x86_64-linux-gnu.so
[9.455s] -- Installing: /home/admi3ev/Beluga-Firmware-Mod/install/beluga_messages/local/lib/python3.10/dist-packages/beluga_messages/_beluga_messages_s.ep.rosidl_typesupport_introspection_c.c
[9.456s] -- Installing: /home/admi3ev/Beluga-Firmware-Mod/install/beluga_messages/local/lib/python3.10/dist-packages/beluga_messages/beluga_messages_s__rosidl_typesupport_introspection_c.cpython-310-x86_64-linux-gnu.so
[9.498s] Listing '/home/admi3ev/Beluga-Firmware-Mod/install/beluga_messages/local/lib/python3.10/dist-packages/beluga_messages'...
[9.498s] Compiling '/home/admi3ev/Beluga-Firmware-Mod/install/beluga_messages/local/lib/python3.10/dist-packages/beluga_messages/__init__.py'...
[9.498s] Listing '/home/admi3ev/Beluga-Firmware-Mod/install/beluga_messages/local/lib/python3.10/dist-packages/beluga_messages/msg'...
[9.498s] Compiling '/home/admi3ev/Beluga-Firmware-Mod/install/beluga_messages/local/lib/python3.10/dist-packages/beluga_messages/msg/__init__.py'...
[9.498s] Compiling '/home/admi3ev/Beluga-Firmware-Mod/install/beluga_messages/local/lib/python3.10/dist-packages/beluga_messages/msg/_beluga_exchange.py'...
[9.498s] Compiling '/home/admi3ev/Beluga-Firmware-Mod/install/beluga_messages/local/lib/python3.10/dist-packages/beluga_messages/msg/_beluga_neighbor.py'...
[9.498s] Compiling '/home/admi3ev/Beluga-Firmware-Mod/install/beluga_messages/local/lib/python3.10/dist-packages/beluga_messages/msg/_beluga_neighbors.py'...
[9.498s] Compiling '/home/admi3ev/Beluga-Firmware-Mod/install/beluga_messages/local/lib/python3.10/dist-packages/beluga_messages/msg/_beluga_range.py'...
[9.498s] Compiling '/home/admi3ev/Beluga-Firmware-Mod/install/beluga_messages/local/lib/python3.10/dist-packages/beluga_messages/msg/_beluga_ranges.py'...
[9.498s] Listing '/home/admi3ev/Beluga-Firmware-Mod/install/beluga_messages/local/lib/python3.10/dist-packages/beluga_messages/srv'...
[9.499s] Compiling '/home/admi3ev/Beluga-Firmware-Mod/install/beluga_messages/local/lib/python3.10/dist-packages/beluga_messages/srv/__init__.py'...
[9.499s] Compiling '/home/admi3ev/Beluga-Firmware-Mod/install/beluga_messages/local/lib/python3.10/dist-packages/beluga_messages/srv/_beluga_at_command.py'...
[9.503s] -- Installing: /home/admi3ev/Beluga-Firmware-Mod/install/beluga_messages/local/lib/python3.10/dist-packages/beluga_messages/beluga_messages_s__rosidl_typesupport_fastrtps_c.cpython-310-x86_64-linux-gnu.so
[9.503s] -- Set runtime path of "/home/admi3ev/Beluga-Firmware-Mod/install/beluga_messages/local/lib/python3.10/dist-packages/beluga_messages/beluga_messages_s__rosidl_typesupport_fastrtps_c.cpython-310-x86_64-linux-gnu.so" to ""
[9.504s] -- Installing: /home/admi3ev/Beluga-Firmware-Mod/install/beluga_messages/local/lib/python3.10/dist-packages/beluga_messages/beluga_messages_s__rosidl_typesupport_introspection_c.cpython-310-x86_64-linux-gnu.so
[9.504s] -- Set runtime path of "/home/admi3ev/Beluga-Firmware-Mod/install/beluga_messages/local/lib/python3.10/dist-packages/beluga_messages/beluga_messages_s__rosidl_typesupport_introspection_c.cpython-310-x86_64-linux-gnu.so" to ""
[9.504s] -- Installing: /home/admi3ev/Beluga-Firmware-Mod/install/beluga_messages/local/lib/python3.10/dist-packages/beluga_messages/beluga_messages_s__rosidl_typesupport_c.cpython-310-x86_64-linux-gnu.so
[9.505s] -- Set runtime path of "/home/admi3ev/Beluga-Firmware-Mod/install/beluga_messages/local/lib/python3.10/dist-packages/beluga_messages/beluga_messages_s__rosidl_typesupport_c.cpython-310-x86_64-linux-gnu.so" to ""
[9.505s] -- Installing: /home/admi3ev/Beluga-Firmware-Mod/install/beluga_messages/lib/libbeluga_messages__rosidl_generator_py.so
[9.505s] -- Set runtime path of "/home/admi3ev/Beluga-Firmware-Mod/install/beluga_messages/lib/libbeluga_messages__rosidl_generator_py.so" to ""
[9.506s] -- Installing: /home/admi3ev/Beluga-Firmware-Mod/install/beluga_messages/share/beluga_messages/msg/BelugaNeighbor.idl
[9.506s] -- Installing: /home/admi3ev/Beluga-Firmware-Mod/install/beluga_messages/share/beluga_messages/msg/BelugaNeighbors.idl
[9.506s] -- Installing: /home/admi3ev/Beluga-Firmware-Mod/install/beluga_messages/share/beluga_messages/srv/BelugaATCommand.idl
[9.506s] -- Installing: /home/admi3ev/Beluga-Firmware-Mod/install/beluga_messages/share/beluga_messages/msg/BelugaRange.idl
[9.506s] -- Installing: /home/admi3ev/Beluga-Firmware-Mod/install/beluga_messages/share/beluga_messages/msg/BelugaRanges.idl
[9.506s] -- Installing: /home/admi3ev/Beluga-Firmware-Mod/install/beluga_messages/share/beluga_messages/msg/BelugaExchange.idl
[9.506s] -- Installing: /home/admi3ev/Beluga-Firmware-Mod/install/beluga_messages/share/beluga_messages/msg/BelugaNeighbor.msg
[9.506s] -- Installing: /home/admi3ev/Beluga-Firmware-Mod/install/beluga_messages/share/beluga_messages/msg/BelugaNeighbors.msg
[9.506s] -- Installing: /home/admi3ev/Beluga-Firmware-Mod/install/beluga_messages/share/beluga_messages/srv/BelugaATCommand.srv
[9.506s] -- Installing: /home/admi3ev/Beluga-Firmware-Mod/install/beluga_messages/share/beluga_messages/srv/BelugaATCommand_Request.msg
[9.506s] -- Installing: /home/admi3ev/Beluga-Firmware-Mod/install/beluga_messages/share/beluga_messages/srv/BelugaATCommand_Response.msg
[9.507s] -- Installing: /home/admi3ev/Beluga-Firmware-Mod/install/beluga_messages/share/beluga_messages/msg/BelugaRange.msg
[9.507s] -- Installing: /home/admi3ev/Beluga-Firmware-Mod/install/beluga_messages/share/beluga_messages/msg/BelugaRanges.msg
[9.507s] -- Installing: /home/admi3ev/Beluga-Firmware-Mod/install/beluga_messages/share/beluga_messages/msg/BelugaExchange.msg
[9.507s] -- Installing: /home/admi3ev/Beluga-Firmware-Mod/install/beluga_messages/share/ament_index/resource_index/package_run_dependencies/beluga_messages
[9.507s] -- Installing: /home/admi3ev/Beluga-Firmware-Mod/install/beluga_messages/share/ament_index/resource_index/parent_prefix_path/beluga_messages
[9.507s] -- Installing: /home/admi3ev/Beluga-Firmware-Mod/install/beluga_messages/share/beluga_messages/environment/ament_prefix_path.sh
[9.507s] -- Installing: /home/admi3ev/Beluga-Firmware-Mod/install/beluga_messages/share/beluga_messages/environment/ament_prefix_path.dsv
[9.508s] -- Installing: /home/admi3ev/Beluga-Firmware-Mod/install/beluga_messages/share/beluga_messages/environment/path.sh
[9.508s] -- Installing: /home/admi3ev/Beluga-Firmware-Mod/install/beluga_messages/share/beluga_messages/environment/path.dsv
[9.508s] -- Installing: /home/admi3ev/Beluga-Firmware-Mod/install/beluga_messages/share/beluga_messages/local_setup.bash
[9.508s] -- Installing: /home/admi3ev/Beluga-Firmware-Mod/install/beluga_messages/share/beluga_messages/local_setup.sh
[9.508s] -- Installing: /home/admi3ev/Beluga-Firmware-Mod/install/beluga_messages/share/beluga_messages/local_setup.zsh
[9.508s] -- Installing: /home/admi3ev/Beluga-Firmware-Mod/install/beluga_messages/share/beluga_messages/local_setup.dsv
[9.508s] -- Installing: /home/admi3ev/Beluga-Firmware-Mod/install/beluga_messages/share/beluga_messages/package.dsv
[9.509s] -- Installing: /home/admi3ev/Beluga-Firmware-Mod/install/beluga_messages/share/ament_index/resource_index/packages/beluga_messages
[9.509s] -- Installing: /home/admi3ev/Beluga-Firmware-Mod/install/beluga_messages/share/beluga_messages/cmake/export_beluga_messages__rosidl_generator_cExport.cmake
[9.509s] -- Installing: /home/admi3ev/Beluga-Firmware-Mod/install/beluga_messages/share/beluga_messages/cmake/export_beluga_messages__rosidl_generator_cExport-noconfig.cmake
[9.509s] -- Installing: /home/admi3ev/Beluga-Firmware-Mod/install/beluga_messages/share/beluga_messages/cmake/export_beluga_messages__rosidl_typesupport_fastrtps_cExport.cmake
[9.509s] -- Installing: /home/admi3ev/Beluga-Firmware-Mod/install/beluga_messages/share/beluga_messages/cmake/export_beluga_messages__rosidl_typesupport_fastrtps_cExport-noconfig.cmake
[9.509s] -- Installing: /home/admi3ev/Beluga-Firmware-Mod/install/beluga_messages/share/beluga_messages/cmake/beluga_messages__rosidl_typesupport_introspection_cExport.cmake
[9.509s] -- Installing: /home/admi3ev/Beluga-Firmware-Mod/install/beluga_messages/share/beluga_messages/cmake/beluga_messages__rosidl_typesupport_introspection_cExport-noconfig.cmake
[9.510s] -- Installing: /home/admi3ev/Beluga-Firmware-Mod/install/beluga_messages/share/beluga_messages/cmake/beluga_messages__rosidl_typesupport_cExport.cmake
[9.510s] -- Installing: /home/admi3ev/Beluga-Firmware-Mod/install/beluga_messages/share/beluga_messages/cmake/beluga_messages__rosidl_typesupport_cExport-noconfig.cmake
[9.510s] -- Installing: /home/admi3ev/Beluga-Firmware-Mod/install/beluga_messages/share/beluga_messages/cmake/export_beluga_messages__rosidl_generator_cppExport.cmake
[9.510s] -- Installing: /home/admi3ev/Beluga-Firmware-Mod/install/beluga_messages/share/beluga_messages/cmake/export_beluga_messages__rosidl_typesupport_fastrtps_cppExport.cmake
[9.510s] -- Installing: /home/admi3ev/Beluga-Firmware-Mod/install/beluga_messages/share/beluga_messages/cmake/export_beluga_messages__rosidl_typesupport_fastrtps_cppExport-noconfig.cmake
[9.510s] -- Installing: /home/admi3ev/Beluga-Firmware-Mod/install/beluga_messages/share/beluga_messages/cmake/beluga_messages__rosidl_typesupport_introspection_cppExport.cmake
[9.510s] -- Installing: /home/admi3ev/Beluga-Firmware-Mod/install/beluga_messages/share/beluga_messages/cmake/beluga_messages__rosidl_typesupport_introspection_cppExport-noconfig.cmake
[9.511s] -- Installing: /home/admi3ev/Beluga-Firmware-Mod/install/beluga_messages/share/beluga_messages/cmake/beluga_messages__rosidl_typesupport_cppExport.cmake
[9.511s] -- Installing: /home/admi3ev/Beluga-Firmware-Mod/install/beluga_messages/share/beluga_messages/cmake/beluga_messages__rosidl_typesupport_cppExport-noconfig.cmake
[9.511s] -- Installing: /home/admi3ev/Beluga-Firmware-Mod/install/beluga_messages/share/beluga_messages/cmake/export_beluga_messages__rosidl_generator_pyExport.cmake
[9.511s] -- Installing: /home/admi3ev/Beluga-Firmware-Mod/install/beluga_messages/share/beluga_messages/cmake/export_beluga_messages__rosidl_generator_pyExport-noconfig.cmake
[9.511s] -- Installing: /home/admi3ev/Beluga-Firmware-Mod/install/beluga_messages/share/beluga_messages/cmake/rosidl_cmake-extras.cmake
[9.511s] -- Installing: /home/admi3ev/Beluga-Firmware-Mod/install/beluga_messages/share/beluga_messages/cmake/ament_cmake_export_dependencies-extras.cmake
[9.511s] -- Installing: /home/admi3ev/Beluga-Firmware-Mod/install/beluga_messages/share/beluga_messages/cmake/ament_cmake_export_include_directories-extras.cmake
[9.512s] -- Installing: /home/admi3ev/Beluga-Firmware-Mod/install/beluga_messages/share/beluga_messages/cmake/ament_cmake_export_libraries-extras.cmake
[9.512s] -- Installing: /home/admi3ev/Beluga-Firmware-Mod/install/beluga_messages/share/beluga_messages/cmake/ament_cmake_export_targets-extras.cmake
[9.512s] -- Installing: /home/admi3ev/Beluga-Firmware-Mod/install/beluga_messages/share/beluga_messages/cmake/rosidl_cmake_export_typesupport_targets-extras.cmake
[9.512s] -- Installing: /home/admi3ev/Beluga-Firmware-Mod/install/beluga_messages/share/beluga_messages/cmake/rosidl_cmake_export_typesupport_libraries-extras.cmake
[9.512s] -- Installing: /home/admi3ev/Beluga-Firmware-Mod/install/beluga_messages/share/beluga_messages/cmake/beluga_messagesConfig.cmake
[9.512s] -- Installing: /home/admi3ev/Beluga-Firmware-Mod/install/beluga_messages/share/beluga_messages/cmake/beluga_messagesConfig-version.cmake
[9.512s] -- Installing: /home/admi3ev/Beluga-Firmware-Mod/install/beluga_messages/share/beluga_messages/package.xml
[9.515s] Invoked command in '/home/admi3ev/Beluga-Firmware-Mod/build/beluga_messages' returned '0': CMAKE_PREFIX_PATH=${CMAKE_PREFIX_PATH}:/opt/ros/humble /usr/bin/cmake --install /home/admi3ev/Beluga-Firmware-Mod/build/beluga_messages
