-- Found ament_cmake: 1.3.14 (/opt/ros/humble/share/ament_cmake/cmake)
-- Found rclcpp: 16.0.19 (/opt/ros/humble/share/rclcpp/cmake)
-- Found rosidl_generator_c: 3.1.8 (/opt/ros/humble/share/rosidl_generator_c/cmake)
-- Found rosidl_adapter: 3.1.8 (/opt/ros/humble/share/rosidl_adapter/cmake)
-- Found rosidl_generator_cpp: 3.1.8 (/opt/ros/humble/share/rosidl_generator_cpp/cmake)
-- Using all available rosidl_typesupport_c: rosidl_typesupport_fastrtps_c;rosidl_typesupport_introspection_c
-- Using all available rosidl_typesupport_cpp: rosidl_typesupport_fastrtps_cpp;rosidl_typesupport_introspection_cpp
-- Found rmw_implementation_cmake: 6.1.2 (/opt/ros/humble/share/rmw_implementation_cmake/cmake)
-- Found rmw_fastrtps_cpp: 6.2.10 (/opt/ros/humble/share/rmw_fastrtps_cpp/cmake)
-- Using RMW implementation 'rmw_fastrtps_cpp' as default
-- Found beluga_messages: 0.0.0 (/home/admi3ev/Beluga-Firmware-Mod/install/beluga_messages/share/beluga_messages/cmake)
-- Configuring done
-- Generating done
-- Build files have been written to: /home/admi3ev/Beluga-Firmware-Mod/build/example_beluga_client
[35m[1mConsolidate compiler generated dependencies of target client[0m
[ 50%] [32mBuilding CXX object CMakeFiles/client.dir/src/example_client.cpp.o[0m
[100%] [32m[1mLinking CXX executable client[0m
[100%] Built target client
-- Install configuration: ""
-- Installing: /home/admi3ev/Beluga-Firmware-Mod/install/example_beluga_client/lib/example_beluga_client/client
-- Set runtime path of "/home/admi3ev/Beluga-Firmware-Mod/install/example_beluga_client/lib/example_beluga_client/client" to ""
-- Up-to-date: /home/admi3ev/Beluga-Firmware-Mod/install/example_beluga_client/share/ament_index/resource_index/package_run_dependencies/example_beluga_client
-- Installing: /home/admi3ev/Beluga-Firmware-Mod/install/example_beluga_client/share/ament_index/resource_index/parent_prefix_path/example_beluga_client
-- Installing: /home/admi3ev/Beluga-Firmware-Mod/install/example_beluga_client/share/example_beluga_client/environment/ament_prefix_path.sh
-- Installing: /home/admi3ev/Beluga-Firmware-Mod/install/example_beluga_client/share/example_beluga_client/environment/ament_prefix_path.dsv
-- Installing: /home/admi3ev/Beluga-Firmware-Mod/install/example_beluga_client/share/example_beluga_client/environment/path.sh
-- Installing: /home/admi3ev/Beluga-Firmware-Mod/install/example_beluga_client/share/example_beluga_client/environment/path.dsv
-- Up-to-date: /home/admi3ev/Beluga-Firmware-Mod/install/example_beluga_client/share/example_beluga_client/local_setup.bash
-- Up-to-date: /home/admi3ev/Beluga-Firmware-Mod/install/example_beluga_client/share/example_beluga_client/local_setup.sh
-- Up-to-date: /home/admi3ev/Beluga-Firmware-Mod/install/example_beluga_client/share/example_beluga_client/local_setup.zsh
-- Installing: /home/admi3ev/Beluga-Firmware-Mod/install/example_beluga_client/share/example_beluga_client/local_setup.dsv
-- Installing: /home/admi3ev/Beluga-Firmware-Mod/install/example_beluga_client/share/example_beluga_client/package.dsv
-- Up-to-date: /home/admi3ev/Beluga-Firmware-Mod/install/example_beluga_client/share/ament_index/resource_index/packages/example_beluga_client
-- Up-to-date: /home/admi3ev/Beluga-Firmware-Mod/install/example_beluga_client/share/example_beluga_client/cmake/example_beluga_clientConfig.cmake
-- Up-to-date: /home/admi3ev/Beluga-Firmware-Mod/install/example_beluga_client/share/example_beluga_client/cmake/example_beluga_clientConfig-version.cmake
-- Up-to-date: /home/admi3ev/Beluga-Firmware-Mod/install/example_beluga_client/share/example_beluga_client/package.xml
