[0.034s] Invoking command in '/home/admi3ev/Beluga-Firmware-Mod/build/example_beluga_client': AMENT_PREFIX_PATH=/home/admi3ev/Beluga-Firmware-Mod/install/beluga_messages:${AMENT_PREFIX_PATH} CMAKE_PREFIX_PATH=/home/admi3ev/Beluga-Firmware-Mod/install/beluga_messages:/home/admi3ev/ros2_ws/install/motion_capture_tracking:/opt/ros/humble LD_LIBRARY_PATH=/home/admi3ev/Beluga-Firmware-Mod/install/beluga_messages/lib:${LD_LIBRARY_PATH} PYTHONPATH=/home/admi3ev/Beluga-Firmware-Mod/install/beluga_messages/local/lib/python3.10/dist-packages:${PYTHONPATH} /usr/bin/cmake --build /home/admi3ev/Beluga-Firmware-Mod/build/example_beluga_client -- -j4 -l4
[0.096s] -- Found ament_cmake: 1.3.14 (/opt/ros/humble/share/ament_cmake/cmake)
[0.418s] -- Found rclcpp: 16.0.19 (/opt/ros/humble/share/rclcpp/cmake)
[0.502s] -- Found rosidl_generator_c: 3.1.8 (/opt/ros/humble/share/rosidl_generator_c/cmake)
[0.516s] -- Found rosidl_adapter: 3.1.8 (/opt/ros/humble/share/rosidl_adapter/cmake)
[0.539s] -- Found rosidl_generator_cpp: 3.1.8 (/opt/ros/humble/share/rosidl_generator_cpp/cmake)
[0.570s] -- Using all available rosidl_typesupport_c: rosidl_typesupport_fastrtps_c;rosidl_typesupport_introspection_c
[0.610s] -- Using all available rosidl_typesupport_cpp: rosidl_typesupport_fastrtps_cpp;rosidl_typesupport_introspection_cpp
[0.718s] -- Found rmw_implementation_cmake: 6.1.2 (/opt/ros/humble/share/rmw_implementation_cmake/cmake)
[0.722s] -- Found rmw_fastrtps_cpp: 6.2.10 (/opt/ros/humble/share/rmw_fastrtps_cpp/cmake)
[0.955s] -- Using RMW implementation 'rmw_fastrtps_cpp' as default
[1.117s] -- Found beluga_messages: 0.0.0 (/home/admi3ev/Beluga-Firmware-Mod/install/beluga_messages/share/beluga_messages/cmake)
[1.270s] -- Configuring done
[1.301s] -- Generating done
[1.310s] -- Build files have been written to: /home/admi3ev/Beluga-Firmware-Mod/build/example_beluga_client
[1.363s] [35m[1mConsolidate compiler generated dependencies of target client[0m
[1.405s] [ 50%] [32mBuilding CXX object CMakeFiles/client.dir/src/example_client.cpp.o[0m
[6.895s] [100%] [32m[1mLinking CXX executable client[0m
[7.270s] [100%] Built target client
[7.286s] Invoked command in '/home/admi3ev/Beluga-Firmware-Mod/build/example_beluga_client' returned '0': AMENT_PREFIX_PATH=/home/admi3ev/Beluga-Firmware-Mod/install/beluga_messages:${AMENT_PREFIX_PATH} CMAKE_PREFIX_PATH=/home/admi3ev/Beluga-Firmware-Mod/install/beluga_messages:/home/admi3ev/ros2_ws/install/motion_capture_tracking:/opt/ros/humble LD_LIBRARY_PATH=/home/admi3ev/Beluga-Firmware-Mod/install/beluga_messages/lib:${LD_LIBRARY_PATH} PYTHONPATH=/home/admi3ev/Beluga-Firmware-Mod/install/beluga_messages/local/lib/python3.10/dist-packages:${PYTHONPATH} /usr/bin/cmake --build /home/admi3ev/Beluga-Firmware-Mod/build/example_beluga_client -- -j4 -l4
[7.291s] Invoking command in '/home/admi3ev/Beluga-Firmware-Mod/build/example_beluga_client': AMENT_PREFIX_PATH=/home/admi3ev/Beluga-Firmware-Mod/install/beluga_messages:${AMENT_PREFIX_PATH} CMAKE_PREFIX_PATH=/home/admi3ev/Beluga-Firmware-Mod/install/beluga_messages:/home/admi3ev/ros2_ws/install/motion_capture_tracking:/opt/ros/humble LD_LIBRARY_PATH=/home/admi3ev/Beluga-Firmware-Mod/install/beluga_messages/lib:${LD_LIBRARY_PATH} PYTHONPATH=/home/admi3ev/Beluga-Firmware-Mod/install/beluga_messages/local/lib/python3.10/dist-packages:${PYTHONPATH} /usr/bin/cmake --install /home/admi3ev/Beluga-Firmware-Mod/build/example_beluga_client
[7.300s] -- Install configuration: ""
[7.301s] -- Installing: /home/admi3ev/Beluga-Firmware-Mod/install/example_beluga_client/lib/example_beluga_client/client
[7.303s] -- Set runtime path of "/home/admi3ev/Beluga-Firmware-Mod/install/example_beluga_client/lib/example_beluga_client/client" to ""
[7.303s] -- Up-to-date: /home/admi3ev/Beluga-Firmware-Mod/install/example_beluga_client/share/ament_index/resource_index/package_run_dependencies/example_beluga_client
[7.304s] -- Installing: /home/admi3ev/Beluga-Firmware-Mod/install/example_beluga_client/share/ament_index/resource_index/parent_prefix_path/example_beluga_client
[7.304s] -- Installing: /home/admi3ev/Beluga-Firmware-Mod/install/example_beluga_client/share/example_beluga_client/environment/ament_prefix_path.sh
[7.305s] -- Installing: /home/admi3ev/Beluga-Firmware-Mod/install/example_beluga_client/share/example_beluga_client/environment/ament_prefix_path.dsv
[7.306s] -- Installing: /home/admi3ev/Beluga-Firmware-Mod/install/example_beluga_client/share/example_beluga_client/environment/path.sh
[7.307s] -- Installing: /home/admi3ev/Beluga-Firmware-Mod/install/example_beluga_client/share/example_beluga_client/environment/path.dsv
[7.308s] -- Up-to-date: /home/admi3ev/Beluga-Firmware-Mod/install/example_beluga_client/share/example_beluga_client/local_setup.bash
[7.308s] -- Up-to-date: /home/admi3ev/Beluga-Firmware-Mod/install/example_beluga_client/share/example_beluga_client/local_setup.sh
[7.309s] -- Up-to-date: /home/admi3ev/Beluga-Firmware-Mod/install/example_beluga_client/share/example_beluga_client/local_setup.zsh
[7.309s] -- Installing: /home/admi3ev/Beluga-Firmware-Mod/install/example_beluga_client/share/example_beluga_client/local_setup.dsv
[7.309s] -- Installing: /home/admi3ev/Beluga-Firmware-Mod/install/example_beluga_client/share/example_beluga_client/package.dsv
[7.310s] -- Up-to-date: /home/admi3ev/Beluga-Firmware-Mod/install/example_beluga_client/share/ament_index/resource_index/packages/example_beluga_client
[7.310s] -- Up-to-date: /home/admi3ev/Beluga-Firmware-Mod/install/example_beluga_client/share/example_beluga_client/cmake/example_beluga_clientConfig.cmake
[7.311s] -- Up-to-date: /home/admi3ev/Beluga-Firmware-Mod/install/example_beluga_client/share/example_beluga_client/cmake/example_beluga_clientConfig-version.cmake
[7.311s] -- Up-to-date: /home/admi3ev/Beluga-Firmware-Mod/install/example_beluga_client/share/example_beluga_client/package.xml
[7.316s] Invoked command in '/home/admi3ev/Beluga-Firmware-Mod/build/example_beluga_client' returned '0': AMENT_PREFIX_PATH=/home/admi3ev/Beluga-Firmware-Mod/install/beluga_messages:${AMENT_PREFIX_PATH} CMAKE_PREFIX_PATH=/home/admi3ev/Beluga-Firmware-Mod/install/beluga_messages:/home/admi3ev/ros2_ws/install/motion_capture_tracking:/opt/ros/humble LD_LIBRARY_PATH=/home/admi3ev/Beluga-Firmware-Mod/install/beluga_messages/lib:${LD_LIBRARY_PATH} PYTHONPATH=/home/admi3ev/Beluga-Firmware-Mod/install/beluga_messages/local/lib/python3.10/dist-packages:${PYTHONPATH} /usr/bin/cmake --install /home/admi3ev/Beluga-Firmware-Mod/build/example_beluga_client
